Clusters Ordened By clusters lenght: 
     0   1    2  3  4  5  6  7                                         8  9
301  C   1  119  *  *  *  *  *  021fb238-9b90-4b25-aa5b-3eaa8ea1329a-IGK  *
302  C   2   59  *  *  *  *  *  03f8788b-86d8-4db6-89ae-e41d58bb02cd-IGK  *
332  C  32    5  *  *  *  *  *  50d16868-b41a-478b-845f-61c77974582c-IGK  *
329  C  29    4  *  *  *  *  *  4d378a1d-06ae-4c87-af73-291c16d18741-IGK  *
360  C  60    4  *  *  *  *  *  b68fb30e-5860-4a61-958c-aaad190cbda7-IGK  *
Clusters Ordened By clusters lenght: 
     0    1   2  3  4  5  6  7                                         8  9
510  C   10  66  *  *  *  *  *  0987254f-db85-4d07-9ed3-07ecc238139e-IGK  *
603  C  103  55  *  *  *  *  *  08cb3f15-2ee9-45b6-b026-793d838b0226-IGK  *
512  C   12  44  *  *  *  *  *  0c2f36d5-ae77-4c5c-9a51-b22cb6d09d8a-IGK  *
505  C    5  44  *  *  *  *  *  05ade8a4-6efa-49d7-8cde-0319f1438b92-IGK  *
504  C    4  42  *  *  *  *  *  048a299e-9d25-406d-a3bc-fe2fc6b66894-IGK  *
513  C   13  17  *  *  *  *  *  0cc2ea43-ccf6-42eb-8490-9d732ebc64fe-IGK  *
546  C   46  15  *  *  *  *  *  4a6c8a4a-d3d3-4745-9023-70d4d0a3b2e2-IGK  *
511  C   11  11  *  *  *  *  *  0a30b595-132a-467a-a542-809a7405d972-IGK  *
502  C    2  10  *  *  *  *  *  027bcb0e-a2c8-4538-b3f3-574f4bbb9e72-IGK  *
506  C    6   9  *  *  *  *  *  0607c367-2448-4f36-9f84-93ae941dd9cf-IGK  *
526  C   26   8  *  *  *  *  *  26ca545c-8469-4ccb-a91c-5a55cb1b55e7-IGK  *
571  C   71   6  *  *  *  *  *  a148db35-f829-4467-b944-acfdc8a157b1-IGK  *
501  C    1   5  *  *  *  *  *  01b352e9-6876-43df-99c5-972536325cc5-IGK  *
509  C    9   4  *  *  *  *  *  080d0a51-965b-4c68-8df9-110a53cbf683-IGK  *
519  C   19   4  *  *  *  *  *  13988a65-7e68-416e-bdf0-58174107def2-IGK  *
612  C  112   4  *  *  *  *  *  3b131a08-38dd-4204-ae88-87ebb1ba650d-IGK  *
Clusters Ordened By clusters lenght: 
     0  1   2  3  4  5  6  7                                         8  9
101  C  1  27  *  *  *  *  *  1131f1ee-876a-449b-94e6-5473dc33a934-IGK  *
100  C  0  18  *  *  *  *  *  0887fa6d-9af0-493c-81a2-0960c4041fd4-IGK  *
109  C  9   8  *  *  *  *  *  3c43124c-ea5c-495a-ae43-47a656616ec9-IGK  *
102  C  2   5  *  *  *  *  *  1d6c0dc7-342c-4d26-9912-f39f75835998-IGK  *
Clusters Ordened By clusters lenght: 
     0   1   2  3  4  5  6  7                                         8  9
200  C   1  49  *  *  *  *  *  047e17fb-ff92-48b7-bdf3-b63900efe022-IGK  *
229  C  30  22  *  *  *  *  *  7dcedad0-d28a-4109-bd5b-81ee05aa10d2-IGK  *
203  C   4  13  *  *  *  *  *  081da580-54ef-4bbc-baeb-4526b7bf2aeb-IGK  *
199  C   0  10  *  *  *  *  *  028fedb4-c3d2-44dc-a80e-b30638228d90-IGK  *
202  C   3  10  *  *  *  *  *  06aa2d8d-000d-4767-b1fa-afb290cd1875-IGK  *
205  C   6  10  *  *  *  *  *  13cdb40c-3cd7-4840-b5fa-517a514149a7-IGK  *
207  C   8   7  *  *  *  *  *  252c3db1-56e9-4cf8-96e0-bf04fa00c1fb-IGK  *
221  C  22   4  *  *  *  *  *  6723e891-fcd9-4762-931b-7424f62c57a8-IGK  *
Clusters Ordened By clusters lenght: 
     0    1    2  3  4  5  6  7                                         8  9
950  C  136  101  *  *  *  *  *  0412372c-8b80-4b74-ab4b-52ef4b6e813a-IGK  *
825  C   11   72  *  *  *  *  *  06243728-a5f8-4efa-95eb-5d48a6806475-IGK  *
951  C  137   53  *  *  *  *  *  062134ad-c50b-4dea-b7ac-9fb25d6001a8-IGK  *
822  C    8   49  *  *  *  *  *  04693dea-dcd5-44af-bd2c-fa1788ef445e-IGK  *
830  C   16   45  *  *  *  *  *  0cf11dad-145a-43ed-a95f-1c59d38929c8-IGK  *
820  C    6   44  *  *  *  *  *  03827254-3c74-4b8b-a833-cfa2d9622cb6-IGK  *
821  C    7   44  *  *  *  *  *  03d3d83b-38e8-4290-af60-589a249a4c13-IGK  *
954  C  140   22  *  *  *  *  *  09d3f7ad-09ed-4a8f-8398-ea800dd5fe5a-IGK  *
824  C   10   15  *  *  *  *  *  053f37d4-e771-47d9-a45d-f423ee1ffe0e-IGK  *
860  C   46   14  *  *  *  *  *  3d3d569b-272a-4f63-b1b5-9210fd8dbc64-IGK  *
839  C   25   11  *  *  *  *  *  180eeeda-72de-4ad2-ade3-56ef4d178ede-IGK  *
819  C    5   10  *  *  *  *  *  02e7665d-b79b-480c-b77c-8659649bc377-IGK  *
849  C   35   10  *  *  *  *  *  292fe8a7-01a9-4b9b-ba31-870f62515a84-IGK  *
948  C  134    9  *  *  *  *  *  01f41891-ac3c-4423-9cb0-447fb1599003-IGK  *
823  C    9    8  *  *  *  *  *  0514a6a9-d8db-4eaa-b68c-ff022525e97a-IGK  *
962  C  148    8  *  *  *  *  *  1c4894ea-446d-4096-bf93-4a1ee56604e9-IGK  *
835  C   21    6  *  *  *  *  *  1490658b-1984-4487-87b7-fe7655078f5f-IGK  *
944  C  130    6  *  *  *  *  *  00513a46-2d4e-4685-b9eb-55b427b79d90-IGK  *
943  C  129    6  *  *  *  *  *  004b9683-2b32-4e29-ab8f-59962ccc33e6-IGK  *
970  C  156    5  *  *  *  *  *  2d2f4712-875a-4add-8ff4-2386029ede6b-IGK  *
865  C   51    4  *  *  *  *  *  4bb16aba-0788-40fa-b57b-c4ba2b29ba78-IGK  *
859  C   45    4  *  *  *  *  *  3a67967d-3d6b-450e-b198-77237db36fe3-IGK  *
968  C  154    4  *  *  *  *  *  29dccea3-9e52-4319-86b2-843235d36862-IGK  *
982  C  168    4  *  *  *  *  *  44c3647b-1d0b-4e93-960a-f538992eaed6-IGK  *
Clusters Ordened By clusters lenght: 
     0  1   2  3  4  5  6  7                                         8  9
112  C  5  68  *  *  *  *  *  002ce330-99b0-4b56-9da7-0bc9c0618094-IGK  *
110  C  3   4  *  *  *  *  *  39ba016a-5b3c-4a54-9b93-c92f90a2de66-IGK  *
Clusters Ordened By clusters lenght: 
     0   1   2  3  4  5  6  7                                         8  9
192  C   1  69  *  *  *  *  *  05d375ad-d407-4b61-ab11-dc7433875bca-IGK  *
196  C   5  41  *  *  *  *  *  15cd07f4-adf9-4f23-a3c4-70c83f5cf10a-IGK  *
191  C   0  13  *  *  *  *  *  04112586-f7b9-480c-be2d-1cac08a59ea5-IGK  *
193  C   2   7  *  *  *  *  *  085c4ab6-7d76-4c8c-bb18-d9ba0fc11dc1-IGK  *
223  C  32   6  *  *  *  *  *  8ff2895b-17d8-4947-b9d4-07c7130eebc0-IGK  *
213  C  22   5  *  *  *  *  *  6bbf0e86-ea9e-444b-bec6-1a8624476a40-IGK  *
Clusters Ordened By clusters lenght: 
     0   1   2  3  4  5  6  7                                         8  9
600  C  14  81  *  *  *  *  *  07a07fdb-b349-4ae6-8987-7828c1c11188-IGK  *
605  C  19  68  *  *  *  *  *  08f9514c-ab3c-4189-972c-06529ef67a64-IGK  *
599  C  13  66  *  *  *  *  *  07464cf3-8318-4210-ae0f-69c58e20441e-IGK  *
594  C   8  62  *  *  *  *  *  01978f46-d73f-4159-8843-5af378648536-IGK  *
643  C  57  21  *  *  *  *  *  40b9ec9a-07a0-4637-9b55-cc781325cbf4-IGK  *
603  C  17  16  *  *  *  *  *  0882b920-8ca0-4ec4-b5f9-98b78cfebda8-IGK  *
625  C  39  15  *  *  *  *  *  25754490-1e4e-4445-a9b5-4c4c95675a91-IGK  *
602  C  16  13  *  *  *  *  *  08650d84-b6eb-47d2-b357-71699d20cd81-IGK  *
596  C  10  12  *  *  *  *  *  05c8f263-d98b-4a08-aed0-41a88c251d8c-IGK  *
598  C  12  11  *  *  *  *  *  06f170e4-011c-43d5-9432-63e61ed97fe1-IGK  *
604  C  18  10  *  *  *  *  *  08ed9fa4-1386-4c65-938e-d12c7bdd7262-IGK  *
615  C  29   7  *  *  *  *  *  0f41cdf7-1c09-4f33-8dae-b81f21068dca-IGK  *
620  C  34   6  *  *  *  *  *  1c9f1945-ebdb-4e15-a213-06e1dcdf8206-IGK  *
657  C  71   5  *  *  *  *  *  5bb2c167-8f04-418d-93b1-d831567f020c-IGK  *
592  C   6   4  *  *  *  *  *  bc46e2ee-980f-451a-a006-989a49257cdd-IGK  *
634  C  48   4  *  *  *  *  *  30e1c4be-9a78-4fb6-9c27-f76903600c64-IGK  *
Clusters Ordened By clusters lenght: 
     0   1   2  3  4  5  6  7                                         8  9
208  C   8  47  *  *  *  *  *  13f68b3c-4781-41cf-b2ba-708a58c1bb30-IGK  *
202  C   2  37  *  *  *  *  *  0482faef-bbb9-4e1a-af98-f1ebea0fed55-IGK  *
201  C   1  20  *  *  *  *  *  03af2ed6-fa1c-4cc9-918c-9f9e5b635bd7-IGK  *
200  C   0   6  *  *  *  *  *  003a9bc5-ca32-4360-9b73-0e160cc78d39-IGK  *
206  C   6   6  *  *  *  *  *  115a3e15-0d72-4a0b-92cb-6dc16fd969a3-IGK  *
221  C  21   5  *  *  *  *  *  58719a1d-3dde-4b35-b608-d9e71f43f918-IGK  *
207  C   7   5  *  *  *  *  *  12d87165-3be2-48d5-bf6f-4a3c198ca1d1-IGK  *
203  C   3   4  *  *  *  *  *  06ea4b2d-0fb9-4f64-bae1-befd10aa66fa-IGK  *
251  C  51   4  *  *  *  *  *  c898f444-82f4-4590-b10d-715ae468bd57-IGK  *
Clusters Ordened By clusters lenght: 
     0   1    2  3  4  5  6  7                                         8  9
301  C   1  119  *  *  *  *  *  021fb238-9b90-4b25-aa5b-3eaa8ea1329a-IGK  *
302  C   2   59  *  *  *  *  *  03f8788b-86d8-4db6-89ae-e41d58bb02cd-IGK  *
332  C  32    5  *  *  *  *  *  50d16868-b41a-478b-845f-61c77974582c-IGK  *
329  C  29    4  *  *  *  *  *  4d378a1d-06ae-4c87-af73-291c16d18741-IGK  *
360  C  60    4  *  *  *  *  *  b68fb30e-5860-4a61-958c-aaad190cbda7-IGK  *
Clusters Ordened By clusters lenght: 
     0    1   2  3  4  5  6  7                                         8  9
510  C   10  66  *  *  *  *  *  0987254f-db85-4d07-9ed3-07ecc238139e-IGK  *
603  C  103  55  *  *  *  *  *  08cb3f15-2ee9-45b6-b026-793d838b0226-IGK  *
512  C   12  44  *  *  *  *  *  0c2f36d5-ae77-4c5c-9a51-b22cb6d09d8a-IGK  *
505  C    5  44  *  *  *  *  *  05ade8a4-6efa-49d7-8cde-0319f1438b92-IGK  *
504  C    4  42  *  *  *  *  *  048a299e-9d25-406d-a3bc-fe2fc6b66894-IGK  *
513  C   13  17  *  *  *  *  *  0cc2ea43-ccf6-42eb-8490-9d732ebc64fe-IGK  *
546  C   46  15  *  *  *  *  *  4a6c8a4a-d3d3-4745-9023-70d4d0a3b2e2-IGK  *
511  C   11  11  *  *  *  *  *  0a30b595-132a-467a-a542-809a7405d972-IGK  *
502  C    2  10  *  *  *  *  *  027bcb0e-a2c8-4538-b3f3-574f4bbb9e72-IGK  *
506  C    6   9  *  *  *  *  *  0607c367-2448-4f36-9f84-93ae941dd9cf-IGK  *
526  C   26   8  *  *  *  *  *  26ca545c-8469-4ccb-a91c-5a55cb1b55e7-IGK  *
571  C   71   6  *  *  *  *  *  a148db35-f829-4467-b944-acfdc8a157b1-IGK  *
501  C    1   5  *  *  *  *  *  01b352e9-6876-43df-99c5-972536325cc5-IGK  *
509  C    9   4  *  *  *  *  *  080d0a51-965b-4c68-8df9-110a53cbf683-IGK  *
519  C   19   4  *  *  *  *  *  13988a65-7e68-416e-bdf0-58174107def2-IGK  *
612  C  112   4  *  *  *  *  *  3b131a08-38dd-4204-ae88-87ebb1ba650d-IGK  *
Clusters Ordened By clusters lenght: 
     0  1   2  3  4  5  6  7                                         8  9
101  C  1  27  *  *  *  *  *  1131f1ee-876a-449b-94e6-5473dc33a934-IGK  *
100  C  0  18  *  *  *  *  *  0887fa6d-9af0-493c-81a2-0960c4041fd4-IGK  *
109  C  9   8  *  *  *  *  *  3c43124c-ea5c-495a-ae43-47a656616ec9-IGK  *
102  C  2   5  *  *  *  *  *  1d6c0dc7-342c-4d26-9912-f39f75835998-IGK  *
Clusters Ordened By clusters lenght: 
     0   1   2  3  4  5  6  7                                         8  9
200  C   1  49  *  *  *  *  *  047e17fb-ff92-48b7-bdf3-b63900efe022-IGK  *
229  C  30  22  *  *  *  *  *  7dcedad0-d28a-4109-bd5b-81ee05aa10d2-IGK  *
203  C   4  13  *  *  *  *  *  081da580-54ef-4bbc-baeb-4526b7bf2aeb-IGK  *
199  C   0  10  *  *  *  *  *  028fedb4-c3d2-44dc-a80e-b30638228d90-IGK  *
202  C   3  10  *  *  *  *  *  06aa2d8d-000d-4767-b1fa-afb290cd1875-IGK  *
205  C   6  10  *  *  *  *  *  13cdb40c-3cd7-4840-b5fa-517a514149a7-IGK  *
207  C   8   7  *  *  *  *  *  252c3db1-56e9-4cf8-96e0-bf04fa00c1fb-IGK  *
221  C  22   4  *  *  *  *  *  6723e891-fcd9-4762-931b-7424f62c57a8-IGK  *
Clusters Ordened By clusters lenght: 
     0    1    2  3  4  5  6  7                                         8  9
950  C  136  101  *  *  *  *  *  0412372c-8b80-4b74-ab4b-52ef4b6e813a-IGK  *
825  C   11   72  *  *  *  *  *  06243728-a5f8-4efa-95eb-5d48a6806475-IGK  *
951  C  137   53  *  *  *  *  *  062134ad-c50b-4dea-b7ac-9fb25d6001a8-IGK  *
822  C    8   49  *  *  *  *  *  04693dea-dcd5-44af-bd2c-fa1788ef445e-IGK  *
830  C   16   45  *  *  *  *  *  0cf11dad-145a-43ed-a95f-1c59d38929c8-IGK  *
820  C    6   44  *  *  *  *  *  03827254-3c74-4b8b-a833-cfa2d9622cb6-IGK  *
821  C    7   44  *  *  *  *  *  03d3d83b-38e8-4290-af60-589a249a4c13-IGK  *
954  C  140   22  *  *  *  *  *  09d3f7ad-09ed-4a8f-8398-ea800dd5fe5a-IGK  *
824  C   10   15  *  *  *  *  *  053f37d4-e771-47d9-a45d-f423ee1ffe0e-IGK  *
860  C   46   14  *  *  *  *  *  3d3d569b-272a-4f63-b1b5-9210fd8dbc64-IGK  *
839  C   25   11  *  *  *  *  *  180eeeda-72de-4ad2-ade3-56ef4d178ede-IGK  *
819  C    5   10  *  *  *  *  *  02e7665d-b79b-480c-b77c-8659649bc377-IGK  *
849  C   35   10  *  *  *  *  *  292fe8a7-01a9-4b9b-ba31-870f62515a84-IGK  *
948  C  134    9  *  *  *  *  *  01f41891-ac3c-4423-9cb0-447fb1599003-IGK  *
823  C    9    8  *  *  *  *  *  0514a6a9-d8db-4eaa-b68c-ff022525e97a-IGK  *
962  C  148    8  *  *  *  *  *  1c4894ea-446d-4096-bf93-4a1ee56604e9-IGK  *
835  C   21    6  *  *  *  *  *  1490658b-1984-4487-87b7-fe7655078f5f-IGK  *
944  C  130    6  *  *  *  *  *  00513a46-2d4e-4685-b9eb-55b427b79d90-IGK  *
943  C  129    6  *  *  *  *  *  004b9683-2b32-4e29-ab8f-59962ccc33e6-IGK  *
970  C  156    5  *  *  *  *  *  2d2f4712-875a-4add-8ff4-2386029ede6b-IGK  *
865  C   51    4  *  *  *  *  *  4bb16aba-0788-40fa-b57b-c4ba2b29ba78-IGK  *
859  C   45    4  *  *  *  *  *  3a67967d-3d6b-450e-b198-77237db36fe3-IGK  *
968  C  154    4  *  *  *  *  *  29dccea3-9e52-4319-86b2-843235d36862-IGK  *
982  C  168    4  *  *  *  *  *  44c3647b-1d0b-4e93-960a-f538992eaed6-IGK  *
Clusters Ordened By clusters lenght: 
     0  1   2  3  4  5  6  7                                         8  9
112  C  5  68  *  *  *  *  *  002ce330-99b0-4b56-9da7-0bc9c0618094-IGK  *
110  C  3   4  *  *  *  *  *  39ba016a-5b3c-4a54-9b93-c92f90a2de66-IGK  *
Clusters Ordened By clusters lenght: 
     0   1   2  3  4  5  6  7                                         8  9
192  C   1  69  *  *  *  *  *  05d375ad-d407-4b61-ab11-dc7433875bca-IGK  *
196  C   5  41  *  *  *  *  *  15cd07f4-adf9-4f23-a3c4-70c83f5cf10a-IGK  *
191  C   0  13  *  *  *  *  *  04112586-f7b9-480c-be2d-1cac08a59ea5-IGK  *
193  C   2   7  *  *  *  *  *  085c4ab6-7d76-4c8c-bb18-d9ba0fc11dc1-IGK  *
223  C  32   6  *  *  *  *  *  8ff2895b-17d8-4947-b9d4-07c7130eebc0-IGK  *
213  C  22   5  *  *  *  *  *  6bbf0e86-ea9e-444b-bec6-1a8624476a40-IGK  *
Clusters Ordened By clusters lenght: 
     0   1   2  3  4  5  6  7                                         8  9
600  C  14  81  *  *  *  *  *  07a07fdb-b349-4ae6-8987-7828c1c11188-IGK  *
605  C  19  68  *  *  *  *  *  08f9514c-ab3c-4189-972c-06529ef67a64-IGK  *
599  C  13  66  *  *  *  *  *  07464cf3-8318-4210-ae0f-69c58e20441e-IGK  *
594  C   8  62  *  *  *  *  *  01978f46-d73f-4159-8843-5af378648536-IGK  *
643  C  57  21  *  *  *  *  *  40b9ec9a-07a0-4637-9b55-cc781325cbf4-IGK  *
603  C  17  16  *  *  *  *  *  0882b920-8ca0-4ec4-b5f9-98b78cfebda8-IGK  *
625  C  39  15  *  *  *  *  *  25754490-1e4e-4445-a9b5-4c4c95675a91-IGK  *
602  C  16  13  *  *  *  *  *  08650d84-b6eb-47d2-b357-71699d20cd81-IGK  *
596  C  10  12  *  *  *  *  *  05c8f263-d98b-4a08-aed0-41a88c251d8c-IGK  *
598  C  12  11  *  *  *  *  *  06f170e4-011c-43d5-9432-63e61ed97fe1-IGK  *
604  C  18  10  *  *  *  *  *  08ed9fa4-1386-4c65-938e-d12c7bdd7262-IGK  *
615  C  29   7  *  *  *  *  *  0f41cdf7-1c09-4f33-8dae-b81f21068dca-IGK  *
620  C  34   6  *  *  *  *  *  1c9f1945-ebdb-4e15-a213-06e1dcdf8206-IGK  *
657  C  71   5  *  *  *  *  *  5bb2c167-8f04-418d-93b1-d831567f020c-IGK  *
592  C   6   4  *  *  *  *  *  bc46e2ee-980f-451a-a006-989a49257cdd-IGK  *
634  C  48   4  *  *  *  *  *  30e1c4be-9a78-4fb6-9c27-f76903600c64-IGK  *
Clusters Ordened By clusters lenght: 
     0   1   2  3  4  5  6  7                                         8  9
208  C   8  47  *  *  *  *  *  13f68b3c-4781-41cf-b2ba-708a58c1bb30-IGK  *
202  C   2  37  *  *  *  *  *  0482faef-bbb9-4e1a-af98-f1ebea0fed55-IGK  *
201  C   1  20  *  *  *  *  *  03af2ed6-fa1c-4cc9-918c-9f9e5b635bd7-IGK  *
200  C   0   6  *  *  *  *  *  003a9bc5-ca32-4360-9b73-0e160cc78d39-IGK  *
206  C   6   6  *  *  *  *  *  115a3e15-0d72-4a0b-92cb-6dc16fd969a3-IGK  *
221  C  21   5  *  *  *  *  *  58719a1d-3dde-4b35-b608-d9e71f43f918-IGK  *
207  C   7   5  *  *  *  *  *  12d87165-3be2-48d5-bf6f-4a3c198ca1d1-IGK  *
203  C   3   4  *  *  *  *  *  06ea4b2d-0fb9-4f64-bae1-befd10aa66fa-IGK  *
251  C  51   4  *  *  *  *  *  c898f444-82f4-4590-b10d-715ae468bd57-IGK  *
