Clusters Ordened By clusters lenght: 
   0  1  2  3  4  5  6  7                                         8  9
5  C  0  4  *  *  *  *  *  3364535e-f210-47f5-ab73-f45025774c23-IGK  *
Clusters Ordened By clusters lenght: 
Empty DataFrame
Columns: [0, 1, 2, 3, 4, 5, 6, 7, 8, 9]
Index: []
Clusters Ordened By clusters lenght: 
    0  1  2  3  4  5  6  7                                         8  9
31  C  0  6  *  *  *  *  *  148ce460-54b7-42ce-af1b-9554a2cce3bf-IGK  *
Clusters Ordened By clusters lenght: 
    0   1  2  3  4  5  6  7                                         8  9
48  C  11  6  *  *  *  *  *  0dfda2f5-74cd-4f9e-93ef-3219f8ca3bb9-IGK  *
52  C  15  6  *  *  *  *  *  37b38538-e835-4454-81a4-35910eb23bea-IGK  *
50  C  13  4  *  *  *  *  *  1d5c5133-61bc-4df5-b63d-228222a5d161-IGK  *
Clusters Ordened By clusters lenght: 
    0   1  2  3  4  5  6  7                                         8  9
97  C  35  9  *  *  *  *  *  08c02822-94e6-472c-9df0-9708ae745de5-IGK  *
73  C  11  5  *  *  *  *  *  4621e4bb-0f9f-43af-bf48-d7b91ffa105e-IGK  *
79  C  17  5  *  *  *  *  *  7e1a2425-3c5d-4d59-bd1f-7e0f3695c029-IGK  *
75  C  13  4  *  *  *  *  *  5dfee1e5-7d25-406a-888a-80d2da459f45-IGK  *
Clusters Ordened By clusters lenght: 
    0  1  2  3  4  5  6  7                                         8  9
18  C  4  4  *  *  *  *  *  4609516d-7c58-459a-8f9c-4bd040b8075d-IGH  *
Clusters Ordened By clusters lenght: 
Empty DataFrame
Columns: [0, 1, 2, 3, 4, 5, 6, 7, 8, 9]
Index: []
Clusters Ordened By clusters lenght: 
     0   1   2  3  4  5  6  7                                         8  9
152  C   2  25  *  *  *  *  *  0ff27597-fbc3-4364-99dd-0c838c56ac0c-IGK  *
161  C  11  25  *  *  *  *  *  1b82f4f2-3dac-400a-96f6-3d067ff13c54-IGK  *
153  C   3  15  *  *  *  *  *  1202a294-3209-4e57-a623-c423fad984b7-IGK  *
154  C   4   8  *  *  *  *  *  12535423-dbd2-4cf8-9b14-a80be9d91657-IGK  *
155  C   5   6  *  *  *  *  *  12909441-55ea-40e6-bb39-1c19c8e24275-IGK  *
Clusters Ordened By clusters lenght: 
Empty DataFrame
Columns: [0, 1, 2, 3, 4, 5, 6, 7, 8, 9]
Index: []
Clusters Ordened By clusters lenght: 
Empty DataFrame
Columns: [0, 1, 2, 3, 4, 5, 6, 7, 8, 9]
Index: []
Clusters Ordened By clusters lenght: 
     0   1   2  3  4  5  6  7                                         8  9
241  C  56  50  *  *  *  *  *  0a3f3ba6-010a-4c1c-988e-29015bcd86f1-IGK  *
201  C  16  13  *  *  *  *  *  0d231b13-5e8b-47b1-ac17-5eae36d9408e-IGK  *
190  C   5   6  *  *  *  *  *  20d84828-dca4-4fbf-8431-e09b139245f5-IGK  *
194  C   9   5  *  *  *  *  *  48bccbb5-b15d-4f75-be0b-39230d503d2d-IGK  *
212  C  27   5  *  *  *  *  *  33b14ea7-1d70-4d89-8024-63f391d2577f-IGK  *
185  C   0   4  *  *  *  *  *  17321a72-c805-4ab5-a159-17b2a039a280-IGK  *
191  C   6   4  *  *  *  *  *  2edc9e87-67c8-4559-b66e-e8ae187ebcad-IGK  *
205  C  20   4  *  *  *  *  *  1b2e9ac9-9088-4d00-b51d-fa3db95c65ee-IGK  *
Clusters Ordened By clusters lenght: 
    0  1   2  3  4  5  6  7                                         8  9
43  C  0  40  *  *  *  *  *  0698f8a1-b2f3-43bd-802c-0ad82075f7f7-IGK  *
Clusters Ordened By clusters lenght: 
Empty DataFrame
Columns: [0, 1, 2, 3, 4, 5, 6, 7, 8, 9]
Index: []
Clusters Ordened By clusters lenght: 
    0  1  2  3  4  5  6  7                                         8  9
12  C  2  6  *  *  *  *  *  2071928c-6d42-4b89-96e2-dffae735b337-IGK  *
Clusters Ordened By clusters lenght: 
    0  1   2  3  4  5  6  7                                         8  9
47  C  1  11  *  *  *  *  *  04d8bd50-08b8-44f4-bc91-9a591813cfe7-IGK  *
51  C  5   4  *  *  *  *  *  15a60920-17bf-487b-b459-2783749053fc-IGK  *
Clusters Ordened By clusters lenght: 
Empty DataFrame
Columns: [0, 1, 2, 3, 4, 5, 6, 7, 8, 9]
Index: []
Clusters Ordened By clusters lenght: 
   0  1  2  3  4  5  6  7                                         8  9
9  C  2  4  *  *  *  *  *  209eebc5-2c08-4351-85b5-02dafc03b95b-IGK  *
Clusters Ordened By clusters lenght: 
    0  1  2  3  4  5  6  7                                         8  9
29  C  2  7  *  *  *  *  *  10e72cba-84aa-4f1f-ad05-829b7722d278-IGK  *
Clusters Ordened By clusters lenght: 
Empty DataFrame
Columns: [0, 1, 2, 3, 4, 5, 6, 7, 8, 9]
Index: []
Clusters Ordened By clusters lenght: 
Empty DataFrame
Columns: [0, 1, 2, 3, 4, 5, 6, 7, 8, 9]
Index: []
Clusters Ordened By clusters lenght: 
Empty DataFrame
Columns: [0, 1, 2, 3, 4, 5, 6, 7, 8, 9]
Index: []
Clusters Ordened By clusters lenght: 
Empty DataFrame
Columns: [0, 1, 2, 3, 4, 5, 6, 7, 8, 9]
Index: []
Clusters Ordened By clusters lenght: 
     0   1   2  3  4  5  6  7                                         8  9
105  C  26  24  *  *  *  *  *  0912d228-63a0-4df0-a620-e0b4f112668f-IGK  *
83   C   4   4  *  *  *  *  *  293d2e61-1700-4f14-afae-f7cd410382d8-IGK  *
Clusters Ordened By clusters lenght: 
      0    1   2  3  4  5  6  7                                         8  9
1702  C  472  27  *  *  *  *  *  084c97a4-c4fa-4181-862f-654296df07aa-IGK  *
1344  C  114  25  *  *  *  *  *  0d50cf46-b069-425e-9fa2-985a53903aac-IGK  *
1696  C  466  25  *  *  *  *  *  01c4c738-2626-4bfe-a7cf-82b548e07f7c-IGK  *
1324  C   94  21  *  *  *  *  *  056f8128-b3b2-41d5-be96-e336a5117600-IGK  *
1238  C    8  18  *  *  *  *  *  0044e615-d469-48af-99be-8b3f2954daf9-IGK  *
...  ..  ...  .. .. .. .. .. ..                                       ... ..
1528  C  298   4  *  *  *  *  *  73a7b8b9-c6ba-4ecd-bf81-ff96fb3935c3-IGK  *
1706  C  476   4  *  *  *  *  *  0ef2b519-17d6-4fb7-9b0e-66e040cdf66d-IGK  *
1722  C  492   4  *  *  *  *  *  29b1ecd0-4dd2-46e2-aa37-88fa48d3a16c-IGK  *
1727  C  497   4  *  *  *  *  *  3b805385-92cf-4de3-8007-79829376c9ac-IGK  *
1819  C  589   4  *  *  *  *  *  6ff43056-51df-498e-a6f2-46791958a43e-IGK  *

[67 rows x 10 columns]
Clusters Ordened By clusters lenght: 
    0  1  2  3  4  5  6  7                                         8  9
30  C  4  6  *  *  *  *  *  0ac3f0e2-de77-4c75-bae1-8154e7a05891-IGK  *
Clusters Ordened By clusters lenght: 
Empty DataFrame
Columns: [0, 1, 2, 3, 4, 5, 6, 7, 8, 9]
Index: []
Clusters Ordened By clusters lenght: 
     0    1   2  3  4  5  6  7                                         8  9
310  C    2  29  *  *  *  *  *  1445be6c-1892-4a97-b085-d7c6d0afafef-IGK  *
308  C    0  22  *  *  *  *  *  072e5fe9-bd4a-4929-aebc-35e956d1663f-IGK  *
380  C   72  13  *  *  *  *  *  51e28885-6763-4dc3-b88d-2f6237b2fcc5-IGK  *
354  C   46  10  *  *  *  *  *  2ba6c6bd-0684-495c-890b-b0d482d02e36-IGK  *
465  C  157   6  *  *  *  *  *  1456fbb4-3bcb-45c0-807b-652dde65d17c-IGK  *
328  C   20   6  *  *  *  *  *  04958fd1-c29a-4b17-abba-6fc4d6c639b2-IGK  *
371  C   63   5  *  *  *  *  *  4707b1fe-0b82-4bee-8742-08a75effd83c-IGK  *
334  C   26   4  *  *  *  *  *  0d840f4e-d608-454d-95aa-cda116cc9b86-IGK  *
358  C   50   4  *  *  *  *  *  301dc9fb-2a87-41e0-bae3-cee69ff0d3f7-IGK  *
390  C   82   4  *  *  *  *  *  6766d5da-edb0-4799-a930-d43e9e533eee-IGK  *
Clusters Ordened By clusters lenght: 
    0  1  2  3  4  5  6  7                                         8  9
23  C  5  5  *  *  *  *  *  5ca0ab8a-87b0-46ec-a41d-912b038079de-IGK  *
Clusters Ordened By clusters lenght: 
    0  1  2  3  4  5  6  7                                         8  9
10  C  0  4  *  *  *  *  *  1e4d7985-9944-43dc-90f3-61dfb664ea73-IGK  *
Clusters Ordened By clusters lenght: 
     0   1  2  3  4  5  6  7                                         8  9
105  C  10  8  *  *  *  *  *  4be89b41-a12f-4e01-ab70-75b48738cfb5-IGK  *
96   C   1  7  *  *  *  *  *  a232ab02-3eed-4de4-b715-767da386cb68-IGK  *
111  C  16  6  *  *  *  *  *  62a2f2a4-82f9-4907-9d88-ae9e365fad2f-IGK  *
107  C  12  4  *  *  *  *  *  575d86f5-c79f-433c-9edc-ef3cc6be556c-IGK  *
Clusters Ordened By clusters lenght: 
   0  1  2  3  4  5  6  7                                         8  9
7  C  0  7  *  *  *  *  *  3fd31e61-2352-46ed-a429-e770aa9a7eed-IGK  *
Clusters Ordened By clusters lenght: 
    0  1   2  3  4  5  6  7                                         8  9
24  C  1  22  *  *  *  *  *  05bba118-0058-43c7-9c0f-7ee64ce3db41-IGK  *
Clusters Ordened By clusters lenght: 
    0  1  2  3  4  5  6  7                                         8  9
14  C  0  9  *  *  *  *  *  173c5b52-bb6b-487f-a567-556024d294af-IGK  *
Clusters Ordened By clusters lenght: 
      0    1     2  3  4  5  6  7                                         8  9
4971  C  160  1275  *  *  *  *  *  0007bae2-6d16-458d-b301-407bcbb328ae-IGK  *
4909  C   98   158  *  *  *  *  *  90fcc490-e003-4453-85c2-f6b819122605-IGK  *
5085  C  274   124  *  *  *  *  *  135f12a8-bdae-42b3-9cc0-b818d6e3df0c-IGK  *
5209  C  398   123  *  *  *  *  *  38411796-0d41-4565-8ff3-36a0db4bff09-IGK  *
4833  C   22   107  *  *  *  *  *  050f22fe-ac3c-4bb1-b78e-30ad5009464d-IGK  *
...  ..  ...   ... .. .. .. .. ..                                       ... ..
5547  C  736     4  *  *  *  *  *  e4195d1e-af79-41c6-a38f-09f0858b74cd-IGK  *
5598  C  787     4  *  *  *  *  *  17c29dde-db12-487a-b963-7f37a0a356cb-IGK  *
5628  C  817     4  *  *  *  *  *  7df33d3d-741b-46fe-9bfb-40f8a3623364-IGK  *
5670  C  859     4  *  *  *  *  *  161b466b-741f-4e69-8e74-c54ec56de29b-IGK  *
5698  C  887     4  *  *  *  *  *  639f7164-b87a-49fd-a41f-52d8f1237fc1-IGK  *

[178 rows x 10 columns]
Clusters Ordened By clusters lenght: 
    0  1   2  3  4  5  6  7                                         8  9
15  C  0  12  *  *  *  *  *  0411c29f-e3a0-4a67-870f-47f4e42901fb-IGK  *
Clusters Ordened By clusters lenght: 
   0  1  2  3  4  5  6  7                                         8  9
7  C  0  7  *  *  *  *  *  0c55d559-188b-4c7d-8502-4fdb0e63f85d-IGK  *
Clusters Ordened By clusters lenght: 
Empty DataFrame
Columns: [0, 1, 2, 3, 4, 5, 6, 7, 8, 9]
Index: []
Clusters Ordened By clusters lenght: 
    0  1  2  3  4  5  6  7                                         8  9
29  C  4  7  *  *  *  *  *  27e68cd4-938c-436c-a584-5ddf4167b55d-IGK  *
Clusters Ordened By clusters lenght: 
    0  1   2  3  4  5  6  7                                         8  9
35  C  0  32  *  *  *  *  *  0b13ce3d-6b37-44af-8e9d-87daaae0d1e8-IGK  *
Clusters Ordened By clusters lenght: 
Empty DataFrame
Columns: [0, 1, 2, 3, 4, 5, 6, 7, 8, 9]
Index: []
Clusters Ordened By clusters lenght: 
Empty DataFrame
Columns: [0, 1, 2, 3, 4, 5, 6, 7, 8, 9]
Index: []
Clusters Ordened By clusters lenght: 
   0  1  2  3  4  5  6  7                                         8  9
7  C  1  4  *  *  *  *  *  5fbc6101-3e8e-4ae8-a34b-c5b8f2f1a36a-IGK  *
Clusters Ordened By clusters lenght: 
    0  1  2  3  4  5  6  7                                         8  9
14  C  2  4  *  *  *  *  *  34972962-2690-45aa-809a-ccddff70bd53-IGK  *
Clusters Ordened By clusters lenght: 
    0  1   2  3  4  5  6  7                                         8  9
19  C  0  14  *  *  *  *  *  0ea213ca-5be4-45d9-9f7c-1123470c2442-IGK  *
Clusters Ordened By clusters lenght: 
    0   1   2  3  4  5  6  7                                         8  9
49  C  12  20  *  *  *  *  *  10637b80-5437-44b5-8dce-6ac1cbd7e954-IGH  *
Clusters Ordened By clusters lenght: 
   0  1  2  3  4  5  6  7                                         8  9
9  C  0  9  *  *  *  *  *  09d1a31c-03e9-41c7-a45c-829753fcbaec-IGK  *
Clusters Ordened By clusters lenght: 
      0     1    2  3  4  5  6  7                                         8  9
4882  C   932  197  *  *  *  *  *  019a68ff-b911-4a64-ba61-36a49b910153-IGK  *
4138  C   188  155  *  *  *  *  *  021491e7-80d6-469d-8e98-645eab529a3b-IGK  *
4135  C   185  154  *  *  *  *  *  01df9d87-8b02-4c90-9c71-b5affa33fc60-IGK  *
4206  C   256  120  *  *  *  *  *  0ca86d86-a71d-4c0c-b1f4-76b0b0604a2e-IGK  *
3984  C    34   90  *  *  *  *  *  0ce16ae6-f1b1-4e1c-89bc-e06f7ab1ba45-IGK  *
...  ..   ...  ... .. .. .. .. ..                                       ... ..
4647  C   697    4  *  *  *  *  *  8a1df5c4-cf3d-4657-8323-0e8cb698fbd3-IGK  *
4594  C   644    4  *  *  *  *  *  77a2a3f7-d7a7-4759-8728-ca9e2cd6ebd9-IGK  *
4893  C   943    4  *  *  *  *  *  0fabba40-dae9-4ba4-82c2-178722e4b468-IGK  *
4889  C   939    4  *  *  *  *  *  04fed00c-628b-4a8c-b5a9-0099f4128928-IGK  *
4954  C  1004    4  *  *  *  *  *  9e148b6f-a1fe-4bb3-8505-1b1dc8101c44-IGK  *

[195 rows x 10 columns]
Clusters Ordened By clusters lenght: 
     0    1   2  3  4  5  6  7                                         8  9
679  C  127  93  *  *  *  *  *  024001ff-e836-4630-8b1b-16c82af0d8b9-IGK  *
580  C   28  72  *  *  *  *  *  01b020f1-257a-4cdb-a2b6-a6b1828f70ae-IGK  *
582  C   30  45  *  *  *  *  *  05220044-20a9-422e-a1a7-ae496aad7670-IGK  *
555  C    3  36  *  *  *  *  *  00cb39f4-f0e9-42de-9957-8de8e7c95375-IGK  *
563  C   11  35  *  *  *  *  *  5bad2480-61cb-4619-9841-5f59323e94e6-IGK  *
561  C    9  21  *  *  *  *  *  2f827576-5c33-4c4a-94fb-7d5e067c805e-IGK  *
578  C   26  16  *  *  *  *  *  2c722572-5965-47ef-92b7-3433ca820a62-IGK  *
602  C   50  11  *  *  *  *  *  2cb4530f-738b-499f-9ad2-a1d004a49d84-IGK  *
603  C   51  10  *  *  *  *  *  2de7767d-8611-49b2-9a60-44c7ea2a4775-IGK  *
565  C   13   8  *  *  *  *  *  65241353-61e6-45b1-a759-3483257928d9-IGK  *
681  C  129   7  *  *  *  *  *  21a189a1-f97a-420b-8407-9f6ad51fb455-IGK  *
599  C   47   6  *  *  *  *  *  26f010e2-9d7a-4e4b-960f-73cca55cfd46-IGK  *
624  C   72   5  *  *  *  *  *  5f142458-315e-4707-b9fb-593eeee2138d-IGK  *
558  C    6   5  *  *  *  *  *  11af17fb-c0a7-4d4b-8e35-802f750627a0-IGK  *
552  C    0   4  *  *  *  *  *  0337ff29-9131-466a-a77f-1615ad2f0e10-IGK  *
574  C   22   4  *  *  *  *  *  e6362988-ad3b-407e-8e63-e7177b51e895-IGK  *
595  C   43   4  *  *  *  *  *  2281ca56-cc7e-40b1-ad64-32b810548ef4-IGK  *
618  C   66   4  *  *  *  *  *  54c3aec7-2160-4f94-b4a5-430a8cc96c12-IGK  *
657  C  105   4  *  *  *  *  *  c774e20b-d8ec-4f84-a3d6-175a4c4da0f1-IGK  *
683  C  131   4  *  *  *  *  *  380c724d-1069-416e-980a-04f05b58f5d5-IGK  *
Clusters Ordened By clusters lenght: 
       0     1      2  3  ...  6  7                                         8  9
39700  C  2395  24926  *  ...  *  *  00007afc-c766-4f51-9a7e-7c75ff8df9ff-IGK  *
38070  C   765    483  *  ...  *  *  0091a034-9844-4a8a-8e6d-4c737f809e2e-IGK  *
38261  C   956    360  *  ...  *  *  0e2c0504-b695-48da-8fdc-ff583fe501f6-IGK  *
38062  C   757    315  *  ...  *  *  0006fdef-7bd7-41d2-ac0c-13ac4ab4ddad-IGK  *
37468  C   163    313  *  ...  *  *  002df6f7-0d32-4656-b32b-4199936a31df-IGK  *
...   ..   ...    ... ..  ... .. ..                                       ... ..
37428  C   123      4  *  ...  *  *  c77f0b64-e3c0-4eef-a035-7b200ef34125-IGK  *
37429  C   124      4  *  ...  *  *  c7cd231f-d03f-4208-a85e-3d6167e2b321-IGK  *
40385  C  3080      4  *  ...  *  *  76f8555e-5965-4de2-bc2b-52ee20b889a3-IGK  *
37312  C     7      4  *  ...  *  *  40a13a1e-8a87-4d25-af9a-13b83474549a-IGK  *
37309  C     4      4  *  ...  *  *  0ddd7c23-191b-4028-9a52-9c6b473e4ce1-IGK  *

[573 rows x 10 columns]
Clusters Ordened By clusters lenght: 
     0  1    2  3  4  5  6  7                                         8  9
185  C  0  107  *  *  *  *  *  02509d2d-314e-4f64-b764-17bcd9676117-IGK  *
186  C  1   72  *  *  *  *  *  046cbf90-8d94-4547-bf2c-44048fb25c9d-IGK  *
Clusters Ordened By clusters lenght: 
    0  1   2  3  4  5  6  7                                         8  9
21  C  1  15  *  *  *  *  *  08243a63-c43e-4e63-a062-73831cad826b-IGK  *
Clusters Ordened By clusters lenght: 
    0  1   2  3  4  5  6  7                                         8  9
43  C  3  12  *  *  *  *  *  0819845b-fcb7-4a93-802d-96b73c706029-IGK  *
42  C  2   5  *  *  *  *  *  4af30148-600f-43ad-908f-a8d624525432-IGK  *
Clusters Ordened By clusters lenght: 
    0   1  2  3  4  5  6  7                                         8  9
85  C  20  7  *  *  *  *  *  1f6927e3-446f-4810-a146-837e971fed66-IGK  *
Clusters Ordened By clusters lenght: 
Empty DataFrame
Columns: [0, 1, 2, 3, 4, 5, 6, 7, 8, 9]
Index: []
Clusters Ordened By clusters lenght: 
    0  1   2  3  4  5  6  7                                         8  9
17  C  1  11  *  *  *  *  *  0c70e674-c509-4176-8132-013e7151298b-IGK  *
Clusters Ordened By clusters lenght: 
     0  1    2  3  4  5  6  7                                         8  9
223  C  1  218  *  *  *  *  *  00b22d04-26b1-4257-8685-f5b5624d85c8-IGK  *
Clusters Ordened By clusters lenght: 
   0  1  2  3  4  5  6  7                                         8  9
7  C  0  5  *  *  *  *  *  4d8baad9-5000-4fda-9548-24fbdbe4bf75-IGK  *
Clusters Ordened By clusters lenght: 
Empty DataFrame
Columns: [0, 1, 2, 3, 4, 5, 6, 7, 8, 9]
Index: []
Clusters Ordened By clusters lenght: 
    0  1  2  3  4  5  6  7                                         8  9
22  C  0  8  *  *  *  *  *  37beed40-97b3-4819-ba27-fdd4570e6d7a-IGK  *
Clusters Ordened By clusters lenght: 
    0  1  2  3  4  5  6  7                                         8  9
22  C  3  6  *  *  *  *  *  05297b2d-2003-4add-ae80-2f37368bd9e2-IGK  *
19  C  0  5  *  *  *  *  *  165d1125-b852-42f3-9f08-d3ec3999766e-IGK  *
Clusters Ordened By clusters lenght: 
    0  1  2  3  4  5  6  7                                         8  9
14  C  1  8  *  *  *  *  *  313b8487-493f-4cb8-b920-abc4579a373d-IGK  *
Clusters Ordened By clusters lenght: 
   0  1  2  3  4  5  6  7                                         8  9
5  C  0  5  *  *  *  *  *  7da84541-ba05-4ad4-9743-2dee49a5249c-IGK  *
Clusters Ordened By clusters lenght: 
     0  1    2  3  4  5  6  7                                         8  9
178  C  1  154  *  *  *  *  *  01bc0665-80cd-45b8-85c4-cc68320f604c-IGK  *
Clusters Ordened By clusters lenght: 
   0  1  2  3  4  5  6  7                                         8  9
8  C  2  4  *  *  *  *  *  1506eb8e-70cc-4c15-bdd5-04d55c94186d-IGK  *
Clusters Ordened By clusters lenght: 
Empty DataFrame
Columns: [0, 1, 2, 3, 4, 5, 6, 7, 8, 9]
Index: []
Clusters Ordened By clusters lenght: 
   0  1  2  3  4  5  6  7                                         8  9
6  C  1  4  *  *  *  *  *  0ccd0b70-fa8a-4f47-a54d-9a77c38a774c-IGK  *
Clusters Ordened By clusters lenght: 
    0  1   2  3  4  5  6  7                                         8  9
24  C  5  10  *  *  *  *  *  36a36dce-1edb-404d-99d0-60c9b918602d-IGH  *
Clusters Ordened By clusters lenght: 
   0  1  2  3  4  5  6  7                                         8  9
8  C  0  8  *  *  *  *  *  09d1a31c-03e9-41c7-a45c-829753fcbaec-IGK  *
Clusters Ordened By clusters lenght: 
    0   1   2  3  4  5  6  7                                         8  9
79  C  27  15  *  *  *  *  *  009d3a32-dafe-4cb5-9bef-0ce162f2791f-IGK  *
Clusters Ordened By clusters lenght: 
Empty DataFrame
Columns: [0, 1, 2, 3, 4, 5, 6, 7, 8, 9]
Index: []
Clusters Ordened By clusters lenght: 
      0    1     2  3  4  5  6  7                                         8  9
7334  C   54  1633  *  *  *  *  *  00056f93-07fa-4747-8ea1-1595a3b0cac2-IGK  *
7344  C   64  1019  *  *  *  *  *  0758e5dd-1dec-4b11-936b-c606eefcdeb7-IGK  *
7504  C  224   525  *  *  *  *  *  05623abc-5014-45d2-93a0-56be0210cd2e-IGK  *
7343  C   63   323  *  *  *  *  *  051f8341-0441-4578-9686-fa0d48fce352-IGK  *
7349  C   69   254  *  *  *  *  *  0d33188b-b3df-40e6-8e27-09506316f661-IGK  *
...  ..  ...   ... .. .. .. .. ..                                       ... ..
7616  C  336     4  *  *  *  *  *  4b3cca27-2bf2-45ec-b9b2-8e4c7e8bf7c6-IGK  *
7647  C  367     4  *  *  *  *  *  2432b546-f1e3-4931-a924-0e182c0bfdcf-IGK  *
7661  C  381     4  *  *  *  *  *  3c72503c-8d79-418c-8653-c3873f78517e-IGK  *
7664  C  384     4  *  *  *  *  *  1620db34-8db4-442e-8c4c-dff08813375a-IGK  *
7672  C  392     4  *  *  *  *  *  4ab96c8f-0355-402b-8737-01b627511409-IGK  *

[134 rows x 10 columns]
Clusters Ordened By clusters lenght: 
    0  1  2  3  4  5  6  7                                         8  9
16  C  0  5  *  *  *  *  *  366e7dcd-76af-4367-b06f-1121727a43bd-IGK  *
18  C  2  5  *  *  *  *  *  6efaa05d-c5e4-4fc6-a719-539a662e616e-IGK  *
Clusters Ordened By clusters lenght: 
    0  1  2  3  4  5  6  7                                         8  9
49  C  4  9  *  *  *  *  *  475556d4-8a65-4726-81de-4ce294407bac-IGK  *
47  C  2  4  *  *  *  *  *  09429c12-4120-4aa0-8822-3080b71e98ee-IGK  *
Clusters Ordened By clusters lenght: 
     0   1   2  3  4  5  6  7                                         8  9
187  C  13  40  *  *  *  *  *  0915f836-ae4c-4a73-8675-52741e5ca8dd-IGK  *
178  C   4   9  *  *  *  *  *  454e2489-826d-4388-a3b5-9e9f8a9dabc3-IGK  *
191  C  17   8  *  *  *  *  *  170dae53-709b-4494-ad1e-849f85953275-IGK  *
189  C  15   7  *  *  *  *  *  0cda344d-a424-4337-879b-31c8f52eec92-IGK  *
206  C  32   6  *  *  *  *  *  915ba9e0-fe33-43b6-bbd4-5765c581f98c-IGK  *
220  C  46   6  *  *  *  *  *  1810ff23-55f7-4e92-b0ef-a6e5a59ab2ec-IGK  *
176  C   2   4  *  *  *  *  *  05e11355-522e-4da6-b700-0104afedea18-IGK  *
Clusters Ordened By clusters lenght: 
     0  1    2  3  4  5  6  7                                         8  9
150  C  4  139  *  *  *  *  *  012d8fb5-f0af-4d84-b293-de899381d301-IGK  *
Clusters Ordened By clusters lenght: 
Empty DataFrame
Columns: [0, 1, 2, 3, 4, 5, 6, 7, 8, 9]
Index: []
Clusters Ordened By clusters lenght: 
Empty DataFrame
Columns: [0, 1, 2, 3, 4, 5, 6, 7, 8, 9]
Index: []
Clusters Ordened By clusters lenght: 
Empty DataFrame
Columns: [0, 1, 2, 3, 4, 5, 6, 7, 8, 9]
Index: []
Clusters Ordened By clusters lenght: 
    0  1  2  3  4  5  6  7                                         8  9
14  C  5  4  *  *  *  *  *  0f67c12e-1970-421c-82b0-eb573d17e432-IGK  *
Clusters Ordened By clusters lenght: 
    0   1  2  3  4  5  6  7                                         8  9
39  C   1  8  *  *  *  *  *  01d784d5-b3a9-4bca-ab03-5540352928d7-IGK  *
51  C  13  7  *  *  *  *  *  42f417b1-1f53-4fe9-aa58-08f93e6d2a26-IGK  *
Clusters Ordened By clusters lenght: 
Empty DataFrame
Columns: [0, 1, 2, 3, 4, 5, 6, 7, 8, 9]
Index: []
Clusters Ordened By clusters lenght: 
Empty DataFrame
Columns: [0, 1, 2, 3, 4, 5, 6, 7, 8, 9]
Index: []
Clusters Ordened By clusters lenght: 
     0   1   2  3  4  5  6  7                                         8  9
234  C   6  76  *  *  *  *  *  0302709f-b24d-4a15-878a-ce0ffa551160-IGK  *
240  C  12  62  *  *  *  *  *  0cda7607-9ef2-4e31-8bf6-6148c7982c9c-IGK  *
245  C  17   5  *  *  *  *  *  22873b2e-d947-4d5f-95e6-674381334090-IGK  *
246  C  18   5  *  *  *  *  *  29b1967a-b78d-4138-b8eb-f6fe24fb7016-IGK  *
247  C  19   5  *  *  *  *  *  2c3d628f-5fdd-4727-b964-5c8593859e0d-IGK  *
Clusters Ordened By clusters lenght: 
    0  1  2  3  4  5  6  7                                         8  9
28  C  5  6  *  *  *  *  *  213ea972-f644-4811-950c-198bd00178fe-IGK  *
Clusters Ordened By clusters lenght: 
Empty DataFrame
Columns: [0, 1, 2, 3, 4, 5, 6, 7, 8, 9]
Index: []
Clusters Ordened By clusters lenght: 
Empty DataFrame
Columns: [0, 1, 2, 3, 4, 5, 6, 7, 8, 9]
Index: []
Clusters Ordened By clusters lenght: 
     0    1   2  3  4  5  6  7                                         8  9
326  C   14  27  *  *  *  *  *  21cf037e-d355-4efd-86ca-33b7a95f6e77-IGK  *
328  C   16  17  *  *  *  *  *  466bf458-7580-477f-b90f-529337f2a6cc-IGK  *
336  C   24  15  *  *  *  *  *  6a5b5791-f4e9-4e78-994a-a0399dff1b28-IGK  *
327  C   15  14  *  *  *  *  *  32611f6b-cbb6-47d2-95d8-b8d6a67cbc6a-IGK  *
353  C   41  13  *  *  *  *  *  76105b50-44ae-4d45-b4fa-a0004b8fda44-IGK  *
318  C    6  11  *  *  *  *  *  032d5091-7e16-467d-81f7-4706d986b4fa-IGK  *
349  C   37  11  *  *  *  *  *  7298c281-52b2-4df0-a853-69f19c5e51ba-IGK  *
419  C  107   8  *  *  *  *  *  0705d67d-0cbe-474d-8b01-f5936ce5d5c0-IGK  *
317  C    5   7  *  *  *  *  *  01ef65a7-67b6-4bc9-aa06-e0e15b7d3d51-IGK  *
325  C   13   6  *  *  *  *  *  205b685a-15d6-455d-b25d-dd1d88a27dbc-IGK  *
331  C   19   5  *  *  *  *  *  5b96643c-e079-4ba1-81d7-c2c9ae7c0beb-IGK  *
347  C   35   4  *  *  *  *  *  719f7f3c-6fb8-41e2-bcf1-96a791f734fc-IGK  *
376  C   64   4  *  *  *  *  *  a849f099-44d0-42b1-a767-bfd2ff3da73c-IGK  *
418  C  106   4  *  *  *  *  *  00c25b40-b05d-491b-9dc0-2b26bed09429-IGK  *
433  C  121   4  *  *  *  *  *  7c199aae-87dd-4e8d-bbb4-c73361fcec48-IGK  *
Clusters Ordened By clusters lenght: 
Empty DataFrame
Columns: [0, 1, 2, 3, 4, 5, 6, 7, 8, 9]
Index: []
Clusters Ordened By clusters lenght: 
       0    1     2  3  4  5  6  7                                         8  9
23743  C   54  9449  *  *  *  *  *  00001f8c-3b06-45a8-84a7-0c6e678379d6-IGK  *
23891  C  202  5198  *  *  *  *  *  5eeffd87-7b1a-4909-9e81-377af4775850-IGK  *
23763  C   74  2859  *  *  *  *  *  0442790f-08c2-4516-a1b4-f7221f49dc55-IGK  *
23838  C  149   797  *  *  *  *  *  2e45882c-5bbd-4eee-ba08-bc12dce19f5f-IGK  *
23745  C   56   730  *  *  *  *  *  0030289f-306c-49c1-b244-ab39a48459d6-IGK  *
...   ..  ...   ... .. .. .. .. ..                                       ... ..
24241  C  552     4  *  *  *  *  *  6d342317-3d3a-44d2-a5d7-31034628b8e3-IGK  *
24427  C  738     4  *  *  *  *  *  2ad71337-c71b-4c9e-af89-bc2af8e054ce-IGK  *
24413  C  724     4  *  *  *  *  *  039e8158-a860-4f28-89d8-3f584ebfe5b3-IGK  *
24453  C  764     4  *  *  *  *  *  7de46534-d45a-4373-a4da-e3c9ed8cf492-IGK  *
24471  C  782     4  *  *  *  *  *  c34cc3c2-12c7-4624-95bc-6f86714d6866-IGK  *

[184 rows x 10 columns]
Clusters Ordened By clusters lenght: 
    0  1   2  3  4  5  6  7                                         8  9
56  C  2  13  *  *  *  *  *  19bc5aa9-b968-474d-98f9-7baaa6c408f2-IGK  *
Clusters Ordened By clusters lenght: 
Empty DataFrame
Columns: [0, 1, 2, 3, 4, 5, 6, 7, 8, 9]
Index: []
Clusters Ordened By clusters lenght: 
    0   1  2  3  4  5  6  7                                         8  9
46  C   3  5  *  *  *  *  *  19684eea-330e-4d11-b31b-305ad8450755-IGK  *
70  C  27  4  *  *  *  *  *  4583cf90-5000-4950-83fd-c313cc2fb745-IGK  *
Clusters Ordened By clusters lenght: 
    0  1   2  3  4  5  6  7                                         8  9
59  C  1  20  *  *  *  *  *  064822b9-ca0e-43e6-91bc-9949c660958d-IGK  *
Clusters Ordened By clusters lenght: 
Empty DataFrame
Columns: [0, 1, 2, 3, 4, 5, 6, 7, 8, 9]
Index: []
Clusters Ordened By clusters lenght: 
    0  1  2  3  4  5  6  7                                         8  9
13  C  2  5  *  *  *  *  *  4d76475e-72bc-4784-b805-0f32d46e0ecb-IGK  *
Clusters Ordened By clusters lenght: 
Empty DataFrame
Columns: [0, 1, 2, 3, 4, 5, 6, 7, 8, 9]
Index: []
Clusters Ordened By clusters lenght: 
     0    1   2  3  4  5  6  7                                         8  9
334  C   15  49  *  *  *  *  *  06979a8d-b8b8-4f52-8eb5-0117892acd3e-IGK  *
374  C   55  38  *  *  *  *  *  6819a360-ba82-4cd8-9334-4a1d6e7ad2b3-IGK  *
342  C   23  23  *  *  *  *  *  1aa40617-c4cb-4b8b-9ade-d89a8829a9a3-IGK  *
322  C    3  19  *  *  *  *  *  6814b17f-814c-4bfa-9b29-a9cb6b042e51-IGK  *
345  C   26  13  *  *  *  *  *  1ff7ec5e-4ba3-4001-8ce5-88e771cff3df-IGK  *
344  C   25  12  *  *  *  *  *  1fc32088-d0e2-4a60-8f37-ed08005fb9e6-IGK  *
330  C   11  10  *  *  *  *  *  01cadfe3-1265-4392-b693-0669a37ad405-IGK  *
340  C   21   7  *  *  *  *  *  176cc8a8-e0da-43ec-98cc-b68cd6d039f4-IGK  *
391  C   72   6  *  *  *  *  *  a32254bd-298c-487b-bd6b-0e87e2b9b57c-IGK  *
321  C    2   4  *  *  *  *  *  4efb0b6e-5679-4eaa-bc3a-71afd9161973-IGK  *
337  C   18   4  *  *  *  *  *  0b3b8d04-79bd-49ce-adf8-dbd5d4db2d03-IGK  *
419  C  100   4  *  *  *  *  *  2f2db24d-5203-4970-9d48-89d7a9ba9058-IGK  *
Clusters Ordened By clusters lenght: 
Empty DataFrame
Columns: [0, 1, 2, 3, 4, 5, 6, 7, 8, 9]
Index: []
Clusters Ordened By clusters lenght: 
    0   1  2  3  4  5  6  7                                         8  9
53  C  12  6  *  *  *  *  *  3aa00bd4-4f74-44cf-8695-794562d40ce3-IGK  *
62  C  21  4  *  *  *  *  *  03d24bb0-d117-4b37-b6df-46a5508dd724-IGK  *
Clusters Ordened By clusters lenght: 
     0   1   2  3  4  5  6  7                                         8  9
298  C  96  19  *  *  *  *  *  09c80305-692e-4c53-8824-6998e973d92d-IGK  *
206  C   4  10  *  *  *  *  *  057404db-00b8-420d-814e-d8570870a958-IGK  *
232  C  30   7  *  *  *  *  *  20a98128-f508-4f0b-a85c-1e5a150a6f94-IGK  *
204  C   2   5  *  *  *  *  *  02fed50a-3829-45b3-b433-e0e837fcb279-IGK  *
224  C  22   4  *  *  *  *  *  13c40a49-5cd4-438c-9b98-f2524e46b5e5-IGK  *
221  C  19   4  *  *  *  *  *  067c03ad-b999-44b8-b4a3-8287f0f01a71-IGK  *
228  C  26   4  *  *  *  *  *  1c1d82ae-1079-468d-89d0-889a51b77e72-IGK  *
234  C  32   4  *  *  *  *  *  248c3d96-e7b3-4b2c-8f2d-378b8bf3be71-IGK  *
236  C  34   4  *  *  *  *  *  2beb9fb2-d358-4aab-9947-755de54a5fe9-IGK  *
260  C  58   4  *  *  *  *  *  62f6632b-6864-40e8-b6d2-9af015771c33-IGK  *
Clusters Ordened By clusters lenght: 
Empty DataFrame
Columns: [0, 1, 2, 3, 4, 5, 6, 7, 8, 9]
Index: []
Clusters Ordened By clusters lenght: 
Empty DataFrame
Columns: [0, 1, 2, 3, 4, 5, 6, 7, 8, 9]
Index: []
Clusters Ordened By clusters lenght: 
    0  1   2  3  4  5  6  7                                         8  9
83  C  0  66  *  *  *  *  *  05ede206-ea47-442f-9b89-34ee9825b41b-IGK  *
Clusters Ordened By clusters lenght: 
    0  1   2  3  4  5  6  7                                         8  9
23  C  1  20  *  *  *  *  *  05bba118-0058-43c7-9c0f-7ee64ce3db41-IGK  *
Clusters Ordened By clusters lenght: 
Empty DataFrame
Columns: [0, 1, 2, 3, 4, 5, 6, 7, 8, 9]
Index: []
Clusters Ordened By clusters lenght: 
     0   1   2  3  4  5  6  7                                         8  9
115  C  13  19  *  *  *  *  *  03d71391-d9d1-4724-8eb0-cb44936fc156-IGK  *
118  C  16   8  *  *  *  *  *  0b3a8e21-4749-4b0b-8650-d4a622a53eff-IGK  *
Clusters Ordened By clusters lenght: 
      0    1     2  3  4  5  6  7                                         8  9
2281  C   57  1433  *  *  *  *  *  00093464-fc02-453d-8da6-8daef329550a-IGK  *
2345  C  121    44  *  *  *  *  *  2b8040d0-ae60-4bee-ac4f-26a2606b9708-IGK  *
2228  C    4    41  *  *  *  *  *  1d790a1f-65b9-4a5c-9194-fd7995f9d900-IGK  *
2308  C   84    28  *  *  *  *  *  0f4c87f2-18f3-4628-8f97-d9963663dc39-IGK  *
2237  C   13    26  *  *  *  *  *  3c27340e-dd1e-40cd-9491-254c0352b818-IGK  *
2282  C   58    26  *  *  *  *  *  001cc059-030f-43cf-9884-262f28d91938-IGK  *
2224  C    0    23  *  *  *  *  *  12c7cc2b-5191-46f5-b5cd-50a1f1d5e930-IGK  *
2232  C    8    23  *  *  *  *  *  22424c3c-a5d4-4aa8-882b-927eae47fef7-IGK  *
2300  C   76    23  *  *  *  *  *  088c0072-731c-4d44-a43f-b88202bc3424-IGK  *
2257  C   33    16  *  *  *  *  *  8c399a36-aa2f-48be-848a-d1788175c1b7-IGK  *
2279  C   55    15  *  *  *  *  *  23803e08-7ed5-4abb-8614-d960794bf70e-IGK  *
2487  C  263    15  *  *  *  *  *  10e17b78-b201-4b6d-bb58-2be4a46c07b4-IGK  *
2321  C   97     9  *  *  *  *  *  14e4b668-1d28-4b49-9553-a22c3c46a868-IGK  *
2327  C  103     8  *  *  *  *  *  1b94aec2-15e6-4186-b3d4-b6415beafe66-IGK  *
2288  C   64     8  *  *  *  *  *  029d1505-6937-4745-9f83-2e95fefcc291-IGK  *
2297  C   73     7  *  *  *  *  *  07db47b2-b288-489d-a779-df4cc497c0c9-IGK  *
2296  C   72     7  *  *  *  *  *  06e16667-a165-4f1d-9d43-b7eede573d43-IGK  *
2350  C  126     7  *  *  *  *  *  2ddca8d2-081c-4dc0-aefb-37c67585d2d6-IGK  *
2299  C   75     7  *  *  *  *  *  08856e79-1044-46d2-8546-24f571f7d47d-IGK  *
2231  C    7     7  *  *  *  *  *  1fb8bde6-c4b9-4f47-bf5d-944c0e11b3a3-IGK  *
2280  C   56     7  *  *  *  *  *  b1f4b665-75a7-4c62-8c64-2c4c7b53a472-IGK  *
2359  C  135     6  *  *  *  *  *  336e493c-1057-43ed-b881-e3412aae10d8-IGK  *
2349  C  125     6  *  *  *  *  *  2d493677-0ce7-43fc-a151-6de0253ffedc-IGK  *
2335  C  111     6  *  *  *  *  *  250eee45-8144-4345-ae4e-80eb9aeab43e-IGK  *
2301  C   77     6  *  *  *  *  *  0984fd06-1383-4978-b587-25bf0be9e4b3-IGK  *
2239  C   15     6  *  *  *  *  *  4987dc4a-a146-4c98-8ee4-7072208f16be-IGK  *
2243  C   19     6  *  *  *  *  *  56e029b5-b755-4d5b-8529-4a29aca7c35c-IGK  *
2316  C   92     6  *  *  *  *  *  12f7d5c9-a62b-4d35-8b6f-787483ca6599-IGK  *
2234  C   10     5  *  *  *  *  *  31161ef2-c752-4572-85f1-f555dc75dc74-IGK  *
2501  C  277     5  *  *  *  *  *  5a783610-be39-4c3f-8057-acbc93c460a2-IGK  *
2283  C   59     5  *  *  *  *  *  004a0ea9-fdaa-47ae-903b-8da9224709c3-IGK  *
2247  C   23     5  *  *  *  *  *  604808b9-f9de-40a3-975a-e81d682e921f-IGK  *
2236  C   12     4  *  *  *  *  *  3a6f9e57-fa68-4582-93f3-018ac9769cf4-IGK  *
2269  C   45     4  *  *  *  *  *  d11805fa-5a60-49e6-bec8-e697575a99c6-IGK  *
2325  C  101     4  *  *  *  *  *  1a5791e0-93b6-40cf-9351-1b278c0945bb-IGK  *
2303  C   79     4  *  *  *  *  *  0a8e5722-6f32-4c49-8b73-d81ba66ccb8f-IGK  *
2310  C   86     4  *  *  *  *  *  115a9cf5-ad1d-4e38-96e5-a1ee88d61348-IGK  *
2360  C  136     4  *  *  *  *  *  359cc493-a2ef-464e-b380-dd52f7e6a3ae-IGK  *
2331  C  107     4  *  *  *  *  *  232b7218-5908-4cb4-bd06-401f9e2aecbc-IGK  *
2375  C  151     4  *  *  *  *  *  42184c16-b3b7-4ea3-9702-4a6e96c0b759-IGK  *
2390  C  166     4  *  *  *  *  *  4d8d0bca-47ee-482f-bb5d-6d9d749901f1-IGK  *
2416  C  192     4  *  *  *  *  *  7377b477-aa3a-4775-a935-b0afa5d820f6-IGK  *
2402  C  178     4  *  *  *  *  *  5e204d34-389a-4669-ba6f-db8b6c6971af-IGK  *
2492  C  268     4  *  *  *  *  *  2391cb5f-521a-490b-aebd-456a01660b79-IGK  *
2507  C  283     4  *  *  *  *  *  9772a44e-cf77-4579-a688-f3fdc1fc26f7-IGK  *
Clusters Ordened By clusters lenght: 
    0   1  2  3  4  5  6  7                                         8  9
60  C  24  8  *  *  *  *  *  211572d0-ad22-4829-9baf-d27f36a76d4d-IGK  *
Clusters Ordened By clusters lenght: 
     0   1  2  3  4  5  6  7                                         8  9
119  C  32  8  *  *  *  *  *  17fbc8ac-30f6-42aa-b7a3-1241af091491-IGK  *
91   C   4  5  *  *  *  *  *  581ebefa-c284-48c5-9c8c-b86e2ad07e8b-IGK  *
Clusters Ordened By clusters lenght: 
Empty DataFrame
Columns: [0, 1, 2, 3, 4, 5, 6, 7, 8, 9]
Index: []
Clusters Ordened By clusters lenght: 
Empty DataFrame
Columns: [0, 1, 2, 3, 4, 5, 6, 7, 8, 9]
Index: []
Clusters Ordened By clusters lenght: 
Empty DataFrame
Columns: [0, 1, 2, 3, 4, 5, 6, 7, 8, 9]
Index: []
Clusters Ordened By clusters lenght: 
       0     1    2  3  4  5  6  7                                         8  9
12090  C  2344  336  *  *  *  *  *  0221a74e-9c7e-427d-8e89-1e8be6e160a6-IGK  *
10205  C   459  216  *  *  *  *  *  003b3ebf-3231-421a-87ac-241676929535-IGK  *
10221  C   475  183  *  *  *  *  *  00db7f10-77fc-4d87-adad-052b92c67fcf-IGK  *
10212  C   466  166  *  *  *  *  *  00688bbb-d53e-4931-a244-486cc0995469-IGK  *
9886   C   140  134  *  *  *  *  *  1b2fd06f-a75e-4361-8e57-6c6ab01f0540-IGK  *
...   ..   ...  ... .. .. .. .. ..                                       ... ..
12151  C  2405    4  *  *  *  *  *  1e9ab46e-a910-4931-9b07-ff46b4e9d174-IGK  *
12458  C  2712    4  *  *  *  *  *  3dee12eb-dab8-4a68-bca5-3b3c2f1af2f8-IGK  *
12461  C  2715    4  *  *  *  *  *  67a4424a-da52-4b5c-9d8b-e41cf70e2eeb-IGK  *
12468  C  2722    4  *  *  *  *  *  025c8927-4b34-41cf-a9be-6457df0a1bc9-IGK  *
9765   C    19    4  *  *  *  *  *  0a3219b3-5672-45ac-8844-f1a02fb53915-IGK  *

[509 rows x 10 columns]
Clusters Ordened By clusters lenght: 
    0  1  2  3  4  5  6  7                                         8  9
32  C  1  6  *  *  *  *  *  25ae0669-173c-4b88-9f18-51b399d7aa37-IGK  *
Clusters Ordened By clusters lenght: 
     0  1   2  3  4  5  6  7                                         8  9
218  C  1  95  *  *  *  *  *  03a638c7-4d3d-4239-900a-7dc6e556c2d1-IGK  *
217  C  0  85  *  *  *  *  *  005fcafa-da46-453b-ba5c-5cb0be291526-IGK  *
219  C  2  11  *  *  *  *  *  06bfade1-732e-481d-81a3-63fbe755dd02-IGK  *
Clusters Ordened By clusters lenght: 
    0  1   2  3  4  5  6  7                                         8  9
24  C  6  10  *  *  *  *  *  1f7c2155-f12b-4939-942b-b3dffde50194-IGK  *
Clusters Ordened By clusters lenght: 
    0  1  2  3  4  5  6  7                                         8  9
12  C  0  5  *  *  *  *  *  175c382e-e3da-4831-b471-805fd4d4b9f9-IGK  *
Clusters Ordened By clusters lenght: 
    0  1  2  3  4  5  6  7                                         8  9
11  C  1  4  *  *  *  *  *  762dfe54-bf0a-456d-8dcf-f2390e7c3bad-IGK  *
Clusters Ordened By clusters lenght: 
    0  1   2  3  4  5  6  7                                         8  9
11  C  0  10  *  *  *  *  *  3cf8d20b-39c6-48ca-8057-0d8de8f5c81d-IGK  *
Clusters Ordened By clusters lenght: 
     0   1   2  3  4  5  6  7                                         8  9
153  C  52  10  *  *  *  *  *  0103344e-81e1-4a4c-bf8c-85c04f660369-IGK  *
113  C  12   5  *  *  *  *  *  40a40c28-d411-4e4c-bbf1-3410d2420d54-IGK  *
Clusters Ordened By clusters lenght: 
Empty DataFrame
Columns: [0, 1, 2, 3, 4, 5, 6, 7, 8, 9]
Index: []
Clusters Ordened By clusters lenght: 
    0  1  2  3  4  5  6  7                                         8  9
36  C  1  4  *  *  *  *  *  0ec226e9-06be-4796-8baf-590a8abfa36f-IGK  *
Clusters Ordened By clusters lenght: 
Empty DataFrame
Columns: [0, 1, 2, 3, 4, 5, 6, 7, 8, 9]
Index: []
Clusters Ordened By clusters lenght: 
Empty DataFrame
Columns: [0, 1, 2, 3, 4, 5, 6, 7, 8, 9]
Index: []
Clusters Ordened By clusters lenght: 
    0   1   2  3  4  5  6  7                                         8  9
99  C  23  12  *  *  *  *  *  17e7822b-bc0b-4c56-a195-0beafec64658-IGK  *
81  C   5   9  *  *  *  *  *  1c44a105-15f2-4096-a08b-2acc0c59dc42-IGK  *
95  C  19   6  *  *  *  *  *  1bf6f80e-0e4d-43a0-a9ae-a262ff202791-IGK  *
89  C  13   5  *  *  *  *  *  1ff45b4b-6977-4f6a-81a0-cd00fc92f3a1-IGK  *
93  C  17   4  *  *  *  *  *  8b548236-fae1-43ff-ac7a-b556308d947d-IGK  *
Clusters Ordened By clusters lenght: 
    0  1   2  3  4  5  6  7                                         8  9
88  C  6  11  *  *  *  *  *  1925fa90-7978-4a60-8a9d-19fc172c5462-IGK  *
82  C  0  10  *  *  *  *  *  5bb7c9e5-02d5-4862-b423-d6178c5e9504-IGK  *
90  C  8   4  *  *  *  *  *  44d0b5df-c047-4f55-b2f7-bf4e3e1ebce3-IGK  *
Clusters Ordened By clusters lenght: 
Empty DataFrame
Columns: [0, 1, 2, 3, 4, 5, 6, 7, 8, 9]
Index: []
Clusters Ordened By clusters lenght: 
Empty DataFrame
Columns: [0, 1, 2, 3, 4, 5, 6, 7, 8, 9]
Index: []
Clusters Ordened By clusters lenght: 
    0  1  2  3  4  5  6  7                                         8  9
24  C  0  6  *  *  *  *  *  1251b125-09d3-4a72-b765-1606a3449a52-IGH  *
Clusters Ordened By clusters lenght: 
Empty DataFrame
Columns: [0, 1, 2, 3, 4, 5, 6, 7, 8, 9]
Index: []
Clusters Ordened By clusters lenght: 
    0  1   2  3  4  5  6  7                                         8  9
22  C  0  11  *  *  *  *  *  01b61000-dace-452e-a79b-7e4250c7c216-IGK  *
Clusters Ordened By clusters lenght: 
Empty DataFrame
Columns: [0, 1, 2, 3, 4, 5, 6, 7, 8, 9]
Index: []
Clusters Ordened By clusters lenght: 
Empty DataFrame
Columns: [0, 1, 2, 3, 4, 5, 6, 7, 8, 9]
Index: []
Clusters Ordened By clusters lenght: 
Empty DataFrame
Columns: [0, 1, 2, 3, 4, 5, 6, 7, 8, 9]
Index: []
Clusters Ordened By clusters lenght: 
Empty DataFrame
Columns: [0, 1, 2, 3, 4, 5, 6, 7, 8, 9]
Index: []
Clusters Ordened By clusters lenght: 
    0  1   2  3  4  5  6  7                                         8  9
26  C  6  12  *  *  *  *  *  08483404-9f32-440d-acdd-053ae81218bc-IGK  *
Clusters Ordened By clusters lenght: 
Empty DataFrame
Columns: [0, 1, 2, 3, 4, 5, 6, 7, 8, 9]
Index: []
Clusters Ordened By clusters lenght: 
Empty DataFrame
Columns: [0, 1, 2, 3, 4, 5, 6, 7, 8, 9]
Index: []
Clusters Ordened By clusters lenght: 
    0  1  2  3  4  5  6  7                                         8  9
24  C  4  4  *  *  *  *  *  2e02fe58-8dea-485a-aed2-ddea37e7bbd7-IGK  *
Clusters Ordened By clusters lenght: 
    0  1   2  3  4  5  6  7                                         8  9
27  C  4  13  *  *  *  *  *  071720c8-c77c-4c36-86fe-44a1feec3086-IGK  *
Clusters Ordened By clusters lenght: 
Empty DataFrame
Columns: [0, 1, 2, 3, 4, 5, 6, 7, 8, 9]
Index: []
Clusters Ordened By clusters lenght: 
      0   1     2  3  4  5  6  7                                         8  9
5315  C  19  5057  *  *  *  *  *  00029d59-b293-40b3-9435-b64980e5d1fa-IGK  *
5326  C  30    30  *  *  *  *  *  15ea3515-7b4f-4137-b2ed-1a764fc79f2a-IGK  *
5321  C  25    27  *  *  *  *  *  05537d04-f2f0-4b49-bbac-0ee05cd1f701-IGK  *
5324  C  28    11  *  *  *  *  *  1168edd7-1e23-48de-8431-67bcf206b1af-IGK  *
5323  C  27    10  *  *  *  *  *  0c7a00b7-fe15-490d-9b95-90dc4c62aaf8-IGK  *
5322  C  26    10  *  *  *  *  *  09dbae86-d02f-4733-b461-9d2a3c95cf5c-IGK  *
5349  C  53     9  *  *  *  *  *  61666c70-2fe0-48ad-baec-785ed1a68cdb-IGK  *
5318  C  22     9  *  *  *  *  *  02ccd731-01c4-4437-b3de-5a9b2ec44608-IGK  *
5317  C  21     8  *  *  *  *  *  020d4c05-d82c-4ee2-93cd-4250c97b38c4-IGK  *
5329  C  33     7  *  *  *  *  *  1bdff6c5-73ce-4c1e-96d3-02563a3c705e-IGK  *
5344  C  48     7  *  *  *  *  *  4e2e3ddb-ed7b-4a00-8055-8a0bdba3b0fd-IGK  *
5302  C   6     5  *  *  *  *  *  210d52cc-a4f4-415d-bd07-1b9a419a7568-IGK  *
5334  C  38     5  *  *  *  *  *  2f4cc97b-13b5-4cf8-94b7-d15a18d40d63-IGK  *
5330  C  34     5  *  *  *  *  *  2161d572-54f5-4f44-b9c4-b53c98f6d675-IGK  *
5303  C   7     4  *  *  *  *  *  050e4959-a270-48f6-bfeb-ed6f9545d87b-IGK  *
5340  C  44     4  *  *  *  *  *  43a402c2-0d86-4898-8442-8e25a86d6fd9-IGK  *
5355  C  59     4  *  *  *  *  *  8d641c28-5f54-4fbc-8915-6586db3d698d-IGK  *
Clusters Ordened By clusters lenght: 
    0  1  2  3  4  5  6  7                                         8  9
13  C  1  4  *  *  *  *  *  59525301-e2c1-4d8a-ada7-9373f3779bc0-IGK  *
Clusters Ordened By clusters lenght: 
Empty DataFrame
Columns: [0, 1, 2, 3, 4, 5, 6, 7, 8, 9]
Index: []
Clusters Ordened By clusters lenght: 
     0  1    2  3  4  5  6  7                                         8  9
151  C  0  149  *  *  *  *  *  009d3a32-dafe-4cb5-9bef-0ce162f2791f-IGK  *
Clusters Ordened By clusters lenght: 
Empty DataFrame
Columns: [0, 1, 2, 3, 4, 5, 6, 7, 8, 9]
Index: []
Clusters Ordened By clusters lenght: 
Empty DataFrame
Columns: [0, 1, 2, 3, 4, 5, 6, 7, 8, 9]
Index: []
Clusters Ordened By clusters lenght: 
Empty DataFrame
Columns: [0, 1, 2, 3, 4, 5, 6, 7, 8, 9]
Index: []
Clusters Ordened By clusters lenght: 
     0   1    2  3  4  5  6  7                                         8  9
312  C   6  151  *  *  *  *  *  008b3695-cc59-45e4-8dd3-0a4ccc45f485-IGK  *
313  C   7   19  *  *  *  *  *  011765b0-6352-4f33-8baf-cb7aad724a91-IGK  *
314  C   8    9  *  *  *  *  *  04c93713-810f-4ab8-a5f8-609917096327-IGK  *
321  C  15    7  *  *  *  *  *  46fc302f-1fcd-4532-9995-81b72af2b917-IGK  *
308  C   2    4  *  *  *  *  *  2a2adb0d-2f7b-4a15-862d-4c2f48f439e2-IGK  *
329  C  23    4  *  *  *  *  *  865ba1e4-3c47-4904-90f6-09cab06140e4-IGK  *
Clusters Ordened By clusters lenght: 
Empty DataFrame
Columns: [0, 1, 2, 3, 4, 5, 6, 7, 8, 9]
Index: []
Clusters Ordened By clusters lenght: 
Empty DataFrame
Columns: [0, 1, 2, 3, 4, 5, 6, 7, 8, 9]
Index: []
Clusters Ordened By clusters lenght: 
    0  1   2  3  4  5  6  7                                         8  9
17  C  0  12  *  *  *  *  *  190bc6dd-16d0-46d0-b8b5-b3a903c47409-IGK  *
Clusters Ordened By clusters lenght: 
    0  1   2  3  4  5  6  7                                         8  9
12  C  0  11  *  *  *  *  *  3d5cd7a6-3e97-4e25-aef1-a71dacb083a5-IGK  *
Clusters Ordened By clusters lenght: 
     0  1   2  3  4  5  6  7                                         8  9
173  C  2  76  *  *  *  *  *  00153f63-738f-4154-ad14-7561b72239c9-IGK  *
178  C  7  53  *  *  *  *  *  4e55218c-15ef-4dc0-9aa8-4733b68c264e-IGK  *
177  C  6   5  *  *  *  *  *  331df078-c929-4729-8ffb-9551d8c063bd-IGK  *
180  C  9   5  *  *  *  *  *  5db45cd7-ffdc-4b30-880e-e87d981ed692-IGK  *
176  C  5   4  *  *  *  *  *  28f82ce0-0d62-4ab7-a112-ad7377ddf8f3-IGK  *
Clusters Ordened By clusters lenght: 
     0    1   2  3  4  5  6  7                                         8  9
500  C  149  72  *  *  *  *  *  0126452c-6e24-45d7-bda7-4285c6eae18d-IGK  *
386  C   35  15  *  *  *  *  *  040b3163-c46a-4d4a-8c6b-766daa9ed758-IGK  *
352  C    1   6  *  *  *  *  *  0a1c1ea2-2e93-419a-9fa8-047280d1497c-IGK  *
358  C    7   6  *  *  *  *  *  1eee4754-d2ef-4ce4-a83c-edc3f3f3d1f0-IGK  *
390  C   39   6  *  *  *  *  *  0b2ee02e-a782-4352-9fca-90ea2e675c8e-IGK  *
361  C   10   5  *  *  *  *  *  28a95b0f-dba8-4508-a74b-813106220894-IGK  *
392  C   41   5  *  *  *  *  *  0f183cf6-8d27-4c82-9200-2ee66a8820d3-IGK  *
388  C   37   5  *  *  *  *  *  085e5773-92b3-4059-9796-40c68c47253d-IGK  *
355  C    4   4  *  *  *  *  *  12341c51-8db9-47f9-8962-5ea62d6e01f8-IGK  *
385  C   34   4  *  *  *  *  *  03d8bef9-1dd1-4513-bb1d-459025e5ba35-IGK  *
367  C   16   4  *  *  *  *  *  7050a3b0-539e-45f3-a1bb-dc8dc29751e8-IGK  *
407  C   56   4  *  *  *  *  *  2b1e9879-1bed-4047-99fc-4fcf5b3989a1-IGK  *
Clusters Ordened By clusters lenght: 
Empty DataFrame
Columns: [0, 1, 2, 3, 4, 5, 6, 7, 8, 9]
Index: []
Clusters Ordened By clusters lenght: 
    0   1  2  3  4  5  6  7                                         8  9
53  C   9  6  *  *  *  *  *  0eb8a239-8f49-4a1a-bd15-b0d2e3ffa8f3-IGK  *
56  C  12  4  *  *  *  *  *  1c7045c8-d94d-4032-8679-023edca48f95-IGK  *
Clusters Ordened By clusters lenght: 
    0  1   2  3  4  5  6  7                                         8  9
57  C  3  34  *  *  *  *  *  12aa87a3-d172-4bfa-b711-8fd01999bbe9-IGK  *
Clusters Ordened By clusters lenght: 
   0  1  2  3  4  5  6  7                                         8  9
5  C  0  4  *  *  *  *  *  3364535e-f210-47f5-ab73-f45025774c23-IGK  *
Clusters Ordened By clusters lenght: 
Empty DataFrame
Columns: [0, 1, 2, 3, 4, 5, 6, 7, 8, 9]
Index: []
Clusters Ordened By clusters lenght: 
    0  1  2  3  4  5  6  7                                         8  9
31  C  0  6  *  *  *  *  *  148ce460-54b7-42ce-af1b-9554a2cce3bf-IGK  *
Clusters Ordened By clusters lenght: 
    0   1  2  3  4  5  6  7                                         8  9
48  C  11  6  *  *  *  *  *  0dfda2f5-74cd-4f9e-93ef-3219f8ca3bb9-IGK  *
52  C  15  6  *  *  *  *  *  37b38538-e835-4454-81a4-35910eb23bea-IGK  *
50  C  13  4  *  *  *  *  *  1d5c5133-61bc-4df5-b63d-228222a5d161-IGK  *
Clusters Ordened By clusters lenght: 
    0   1  2  3  4  5  6  7                                         8  9
97  C  35  9  *  *  *  *  *  08c02822-94e6-472c-9df0-9708ae745de5-IGK  *
73  C  11  5  *  *  *  *  *  4621e4bb-0f9f-43af-bf48-d7b91ffa105e-IGK  *
79  C  17  5  *  *  *  *  *  7e1a2425-3c5d-4d59-bd1f-7e0f3695c029-IGK  *
75  C  13  4  *  *  *  *  *  5dfee1e5-7d25-406a-888a-80d2da459f45-IGK  *
Clusters Ordened By clusters lenght: 
    0  1  2  3  4  5  6  7                                         8  9
18  C  4  4  *  *  *  *  *  4609516d-7c58-459a-8f9c-4bd040b8075d-IGH  *
Clusters Ordened By clusters lenght: 
Empty DataFrame
Columns: [0, 1, 2, 3, 4, 5, 6, 7, 8, 9]
Index: []
Clusters Ordened By clusters lenght: 
     0   1   2  3  4  5  6  7                                         8  9
152  C   2  25  *  *  *  *  *  0ff27597-fbc3-4364-99dd-0c838c56ac0c-IGK  *
161  C  11  25  *  *  *  *  *  1b82f4f2-3dac-400a-96f6-3d067ff13c54-IGK  *
153  C   3  15  *  *  *  *  *  1202a294-3209-4e57-a623-c423fad984b7-IGK  *
154  C   4   8  *  *  *  *  *  12535423-dbd2-4cf8-9b14-a80be9d91657-IGK  *
155  C   5   6  *  *  *  *  *  12909441-55ea-40e6-bb39-1c19c8e24275-IGK  *
Clusters Ordened By clusters lenght: 
Empty DataFrame
Columns: [0, 1, 2, 3, 4, 5, 6, 7, 8, 9]
Index: []
Clusters Ordened By clusters lenght: 
Empty DataFrame
Columns: [0, 1, 2, 3, 4, 5, 6, 7, 8, 9]
Index: []
Clusters Ordened By clusters lenght: 
     0   1   2  3  4  5  6  7                                         8  9
241  C  56  50  *  *  *  *  *  0a3f3ba6-010a-4c1c-988e-29015bcd86f1-IGK  *
201  C  16  13  *  *  *  *  *  0d231b13-5e8b-47b1-ac17-5eae36d9408e-IGK  *
190  C   5   6  *  *  *  *  *  20d84828-dca4-4fbf-8431-e09b139245f5-IGK  *
194  C   9   5  *  *  *  *  *  48bccbb5-b15d-4f75-be0b-39230d503d2d-IGK  *
212  C  27   5  *  *  *  *  *  33b14ea7-1d70-4d89-8024-63f391d2577f-IGK  *
185  C   0   4  *  *  *  *  *  17321a72-c805-4ab5-a159-17b2a039a280-IGK  *
191  C   6   4  *  *  *  *  *  2edc9e87-67c8-4559-b66e-e8ae187ebcad-IGK  *
205  C  20   4  *  *  *  *  *  1b2e9ac9-9088-4d00-b51d-fa3db95c65ee-IGK  *
Clusters Ordened By clusters lenght: 
    0  1   2  3  4  5  6  7                                         8  9
43  C  0  40  *  *  *  *  *  0698f8a1-b2f3-43bd-802c-0ad82075f7f7-IGK  *
Clusters Ordened By clusters lenght: 
Empty DataFrame
Columns: [0, 1, 2, 3, 4, 5, 6, 7, 8, 9]
Index: []
Clusters Ordened By clusters lenght: 
    0  1  2  3  4  5  6  7                                         8  9
12  C  2  6  *  *  *  *  *  2071928c-6d42-4b89-96e2-dffae735b337-IGK  *
Clusters Ordened By clusters lenght: 
    0  1   2  3  4  5  6  7                                         8  9
47  C  1  11  *  *  *  *  *  04d8bd50-08b8-44f4-bc91-9a591813cfe7-IGK  *
51  C  5   4  *  *  *  *  *  15a60920-17bf-487b-b459-2783749053fc-IGK  *
Clusters Ordened By clusters lenght: 
Empty DataFrame
Columns: [0, 1, 2, 3, 4, 5, 6, 7, 8, 9]
Index: []
Clusters Ordened By clusters lenght: 
   0  1  2  3  4  5  6  7                                         8  9
9  C  2  4  *  *  *  *  *  209eebc5-2c08-4351-85b5-02dafc03b95b-IGK  *
Clusters Ordened By clusters lenght: 
    0  1  2  3  4  5  6  7                                         8  9
29  C  2  7  *  *  *  *  *  10e72cba-84aa-4f1f-ad05-829b7722d278-IGK  *
Clusters Ordened By clusters lenght: 
Empty DataFrame
Columns: [0, 1, 2, 3, 4, 5, 6, 7, 8, 9]
Index: []
Clusters Ordened By clusters lenght: 
Empty DataFrame
Columns: [0, 1, 2, 3, 4, 5, 6, 7, 8, 9]
Index: []
Clusters Ordened By clusters lenght: 
Empty DataFrame
Columns: [0, 1, 2, 3, 4, 5, 6, 7, 8, 9]
Index: []
Clusters Ordened By clusters lenght: 
Empty DataFrame
Columns: [0, 1, 2, 3, 4, 5, 6, 7, 8, 9]
Index: []
Clusters Ordened By clusters lenght: 
     0   1   2  3  4  5  6  7                                         8  9
105  C  26  24  *  *  *  *  *  0912d228-63a0-4df0-a620-e0b4f112668f-IGK  *
83   C   4   4  *  *  *  *  *  293d2e61-1700-4f14-afae-f7cd410382d8-IGK  *
Clusters Ordened By clusters lenght: 
      0    1   2  3  4  5  6  7                                         8  9
1702  C  472  27  *  *  *  *  *  084c97a4-c4fa-4181-862f-654296df07aa-IGK  *
1344  C  114  25  *  *  *  *  *  0d50cf46-b069-425e-9fa2-985a53903aac-IGK  *
1696  C  466  25  *  *  *  *  *  01c4c738-2626-4bfe-a7cf-82b548e07f7c-IGK  *
1324  C   94  21  *  *  *  *  *  056f8128-b3b2-41d5-be96-e336a5117600-IGK  *
1238  C    8  18  *  *  *  *  *  0044e615-d469-48af-99be-8b3f2954daf9-IGK  *
...  ..  ...  .. .. .. .. .. ..                                       ... ..
1528  C  298   4  *  *  *  *  *  73a7b8b9-c6ba-4ecd-bf81-ff96fb3935c3-IGK  *
1706  C  476   4  *  *  *  *  *  0ef2b519-17d6-4fb7-9b0e-66e040cdf66d-IGK  *
1722  C  492   4  *  *  *  *  *  29b1ecd0-4dd2-46e2-aa37-88fa48d3a16c-IGK  *
1727  C  497   4  *  *  *  *  *  3b805385-92cf-4de3-8007-79829376c9ac-IGK  *
1819  C  589   4  *  *  *  *  *  6ff43056-51df-498e-a6f2-46791958a43e-IGK  *

[67 rows x 10 columns]
Clusters Ordened By clusters lenght: 
    0  1  2  3  4  5  6  7                                         8  9
30  C  4  6  *  *  *  *  *  0ac3f0e2-de77-4c75-bae1-8154e7a05891-IGK  *
Clusters Ordened By clusters lenght: 
Empty DataFrame
Columns: [0, 1, 2, 3, 4, 5, 6, 7, 8, 9]
Index: []
Clusters Ordened By clusters lenght: 
     0    1   2  3  4  5  6  7                                         8  9
310  C    2  29  *  *  *  *  *  1445be6c-1892-4a97-b085-d7c6d0afafef-IGK  *
308  C    0  22  *  *  *  *  *  072e5fe9-bd4a-4929-aebc-35e956d1663f-IGK  *
380  C   72  13  *  *  *  *  *  51e28885-6763-4dc3-b88d-2f6237b2fcc5-IGK  *
354  C   46  10  *  *  *  *  *  2ba6c6bd-0684-495c-890b-b0d482d02e36-IGK  *
465  C  157   6  *  *  *  *  *  1456fbb4-3bcb-45c0-807b-652dde65d17c-IGK  *
328  C   20   6  *  *  *  *  *  04958fd1-c29a-4b17-abba-6fc4d6c639b2-IGK  *
371  C   63   5  *  *  *  *  *  4707b1fe-0b82-4bee-8742-08a75effd83c-IGK  *
334  C   26   4  *  *  *  *  *  0d840f4e-d608-454d-95aa-cda116cc9b86-IGK  *
358  C   50   4  *  *  *  *  *  301dc9fb-2a87-41e0-bae3-cee69ff0d3f7-IGK  *
390  C   82   4  *  *  *  *  *  6766d5da-edb0-4799-a930-d43e9e533eee-IGK  *
Clusters Ordened By clusters lenght: 
    0  1  2  3  4  5  6  7                                         8  9
23  C  5  5  *  *  *  *  *  5ca0ab8a-87b0-46ec-a41d-912b038079de-IGK  *
Clusters Ordened By clusters lenght: 
    0  1  2  3  4  5  6  7                                         8  9
10  C  0  4  *  *  *  *  *  1e4d7985-9944-43dc-90f3-61dfb664ea73-IGK  *
Clusters Ordened By clusters lenght: 
     0   1  2  3  4  5  6  7                                         8  9
105  C  10  8  *  *  *  *  *  4be89b41-a12f-4e01-ab70-75b48738cfb5-IGK  *
96   C   1  7  *  *  *  *  *  a232ab02-3eed-4de4-b715-767da386cb68-IGK  *
111  C  16  6  *  *  *  *  *  62a2f2a4-82f9-4907-9d88-ae9e365fad2f-IGK  *
107  C  12  4  *  *  *  *  *  575d86f5-c79f-433c-9edc-ef3cc6be556c-IGK  *
Clusters Ordened By clusters lenght: 
   0  1  2  3  4  5  6  7                                         8  9
7  C  0  7  *  *  *  *  *  3fd31e61-2352-46ed-a429-e770aa9a7eed-IGK  *
Clusters Ordened By clusters lenght: 
    0  1   2  3  4  5  6  7                                         8  9
24  C  1  22  *  *  *  *  *  05bba118-0058-43c7-9c0f-7ee64ce3db41-IGK  *
Clusters Ordened By clusters lenght: 
    0  1  2  3  4  5  6  7                                         8  9
14  C  0  9  *  *  *  *  *  173c5b52-bb6b-487f-a567-556024d294af-IGK  *
Clusters Ordened By clusters lenght: 
      0    1     2  3  4  5  6  7                                         8  9
4971  C  160  1275  *  *  *  *  *  0007bae2-6d16-458d-b301-407bcbb328ae-IGK  *
4909  C   98   158  *  *  *  *  *  90fcc490-e003-4453-85c2-f6b819122605-IGK  *
5085  C  274   124  *  *  *  *  *  135f12a8-bdae-42b3-9cc0-b818d6e3df0c-IGK  *
5209  C  398   123  *  *  *  *  *  38411796-0d41-4565-8ff3-36a0db4bff09-IGK  *
4833  C   22   107  *  *  *  *  *  050f22fe-ac3c-4bb1-b78e-30ad5009464d-IGK  *
...  ..  ...   ... .. .. .. .. ..                                       ... ..
5547  C  736     4  *  *  *  *  *  e4195d1e-af79-41c6-a38f-09f0858b74cd-IGK  *
5598  C  787     4  *  *  *  *  *  17c29dde-db12-487a-b963-7f37a0a356cb-IGK  *
5628  C  817     4  *  *  *  *  *  7df33d3d-741b-46fe-9bfb-40f8a3623364-IGK  *
5670  C  859     4  *  *  *  *  *  161b466b-741f-4e69-8e74-c54ec56de29b-IGK  *
5698  C  887     4  *  *  *  *  *  639f7164-b87a-49fd-a41f-52d8f1237fc1-IGK  *

[178 rows x 10 columns]
Clusters Ordened By clusters lenght: 
    0  1   2  3  4  5  6  7                                         8  9
15  C  0  12  *  *  *  *  *  0411c29f-e3a0-4a67-870f-47f4e42901fb-IGK  *
Clusters Ordened By clusters lenght: 
   0  1  2  3  4  5  6  7                                         8  9
7  C  0  7  *  *  *  *  *  0c55d559-188b-4c7d-8502-4fdb0e63f85d-IGK  *
Clusters Ordened By clusters lenght: 
Empty DataFrame
Columns: [0, 1, 2, 3, 4, 5, 6, 7, 8, 9]
Index: []
Clusters Ordened By clusters lenght: 
    0  1  2  3  4  5  6  7                                         8  9
29  C  4  7  *  *  *  *  *  27e68cd4-938c-436c-a584-5ddf4167b55d-IGK  *
Clusters Ordened By clusters lenght: 
    0  1   2  3  4  5  6  7                                         8  9
35  C  0  32  *  *  *  *  *  0b13ce3d-6b37-44af-8e9d-87daaae0d1e8-IGK  *
Clusters Ordened By clusters lenght: 
Empty DataFrame
Columns: [0, 1, 2, 3, 4, 5, 6, 7, 8, 9]
Index: []
Clusters Ordened By clusters lenght: 
Empty DataFrame
Columns: [0, 1, 2, 3, 4, 5, 6, 7, 8, 9]
Index: []
Clusters Ordened By clusters lenght: 
   0  1  2  3  4  5  6  7                                         8  9
7  C  1  4  *  *  *  *  *  5fbc6101-3e8e-4ae8-a34b-c5b8f2f1a36a-IGK  *
Clusters Ordened By clusters lenght: 
    0  1  2  3  4  5  6  7                                         8  9
14  C  2  4  *  *  *  *  *  34972962-2690-45aa-809a-ccddff70bd53-IGK  *
Clusters Ordened By clusters lenght: 
    0  1   2  3  4  5  6  7                                         8  9
19  C  0  14  *  *  *  *  *  0ea213ca-5be4-45d9-9f7c-1123470c2442-IGK  *
Clusters Ordened By clusters lenght: 
    0   1   2  3  4  5  6  7                                         8  9
49  C  12  20  *  *  *  *  *  10637b80-5437-44b5-8dce-6ac1cbd7e954-IGH  *
Clusters Ordened By clusters lenght: 
   0  1  2  3  4  5  6  7                                         8  9
9  C  0  9  *  *  *  *  *  09d1a31c-03e9-41c7-a45c-829753fcbaec-IGK  *
Clusters Ordened By clusters lenght: 
      0     1    2  3  4  5  6  7                                         8  9
4882  C   932  197  *  *  *  *  *  019a68ff-b911-4a64-ba61-36a49b910153-IGK  *
4138  C   188  155  *  *  *  *  *  021491e7-80d6-469d-8e98-645eab529a3b-IGK  *
4135  C   185  154  *  *  *  *  *  01df9d87-8b02-4c90-9c71-b5affa33fc60-IGK  *
4206  C   256  120  *  *  *  *  *  0ca86d86-a71d-4c0c-b1f4-76b0b0604a2e-IGK  *
3984  C    34   90  *  *  *  *  *  0ce16ae6-f1b1-4e1c-89bc-e06f7ab1ba45-IGK  *
...  ..   ...  ... .. .. .. .. ..                                       ... ..
4647  C   697    4  *  *  *  *  *  8a1df5c4-cf3d-4657-8323-0e8cb698fbd3-IGK  *
4594  C   644    4  *  *  *  *  *  77a2a3f7-d7a7-4759-8728-ca9e2cd6ebd9-IGK  *
4893  C   943    4  *  *  *  *  *  0fabba40-dae9-4ba4-82c2-178722e4b468-IGK  *
4889  C   939    4  *  *  *  *  *  04fed00c-628b-4a8c-b5a9-0099f4128928-IGK  *
4954  C  1004    4  *  *  *  *  *  9e148b6f-a1fe-4bb3-8505-1b1dc8101c44-IGK  *

[195 rows x 10 columns]
Clusters Ordened By clusters lenght: 
     0    1   2  3  4  5  6  7                                         8  9
679  C  127  93  *  *  *  *  *  024001ff-e836-4630-8b1b-16c82af0d8b9-IGK  *
580  C   28  72  *  *  *  *  *  01b020f1-257a-4cdb-a2b6-a6b1828f70ae-IGK  *
582  C   30  45  *  *  *  *  *  05220044-20a9-422e-a1a7-ae496aad7670-IGK  *
555  C    3  36  *  *  *  *  *  00cb39f4-f0e9-42de-9957-8de8e7c95375-IGK  *
563  C   11  35  *  *  *  *  *  5bad2480-61cb-4619-9841-5f59323e94e6-IGK  *
561  C    9  21  *  *  *  *  *  2f827576-5c33-4c4a-94fb-7d5e067c805e-IGK  *
578  C   26  16  *  *  *  *  *  2c722572-5965-47ef-92b7-3433ca820a62-IGK  *
602  C   50  11  *  *  *  *  *  2cb4530f-738b-499f-9ad2-a1d004a49d84-IGK  *
603  C   51  10  *  *  *  *  *  2de7767d-8611-49b2-9a60-44c7ea2a4775-IGK  *
565  C   13   8  *  *  *  *  *  65241353-61e6-45b1-a759-3483257928d9-IGK  *
681  C  129   7  *  *  *  *  *  21a189a1-f97a-420b-8407-9f6ad51fb455-IGK  *
599  C   47   6  *  *  *  *  *  26f010e2-9d7a-4e4b-960f-73cca55cfd46-IGK  *
624  C   72   5  *  *  *  *  *  5f142458-315e-4707-b9fb-593eeee2138d-IGK  *
558  C    6   5  *  *  *  *  *  11af17fb-c0a7-4d4b-8e35-802f750627a0-IGK  *
552  C    0   4  *  *  *  *  *  0337ff29-9131-466a-a77f-1615ad2f0e10-IGK  *
574  C   22   4  *  *  *  *  *  e6362988-ad3b-407e-8e63-e7177b51e895-IGK  *
595  C   43   4  *  *  *  *  *  2281ca56-cc7e-40b1-ad64-32b810548ef4-IGK  *
618  C   66   4  *  *  *  *  *  54c3aec7-2160-4f94-b4a5-430a8cc96c12-IGK  *
657  C  105   4  *  *  *  *  *  c774e20b-d8ec-4f84-a3d6-175a4c4da0f1-IGK  *
683  C  131   4  *  *  *  *  *  380c724d-1069-416e-980a-04f05b58f5d5-IGK  *
Clusters Ordened By clusters lenght: 
       0     1      2  3  ...  6  7                                         8  9
39700  C  2395  24926  *  ...  *  *  00007afc-c766-4f51-9a7e-7c75ff8df9ff-IGK  *
38070  C   765    483  *  ...  *  *  0091a034-9844-4a8a-8e6d-4c737f809e2e-IGK  *
38261  C   956    360  *  ...  *  *  0e2c0504-b695-48da-8fdc-ff583fe501f6-IGK  *
38062  C   757    315  *  ...  *  *  0006fdef-7bd7-41d2-ac0c-13ac4ab4ddad-IGK  *
37468  C   163    313  *  ...  *  *  002df6f7-0d32-4656-b32b-4199936a31df-IGK  *
...   ..   ...    ... ..  ... .. ..                                       ... ..
37428  C   123      4  *  ...  *  *  c77f0b64-e3c0-4eef-a035-7b200ef34125-IGK  *
37429  C   124      4  *  ...  *  *  c7cd231f-d03f-4208-a85e-3d6167e2b321-IGK  *
40385  C  3080      4  *  ...  *  *  76f8555e-5965-4de2-bc2b-52ee20b889a3-IGK  *
37312  C     7      4  *  ...  *  *  40a13a1e-8a87-4d25-af9a-13b83474549a-IGK  *
37309  C     4      4  *  ...  *  *  0ddd7c23-191b-4028-9a52-9c6b473e4ce1-IGK  *

[573 rows x 10 columns]
Clusters Ordened By clusters lenght: 
     0  1    2  3  4  5  6  7                                         8  9
185  C  0  107  *  *  *  *  *  02509d2d-314e-4f64-b764-17bcd9676117-IGK  *
186  C  1   72  *  *  *  *  *  046cbf90-8d94-4547-bf2c-44048fb25c9d-IGK  *
Clusters Ordened By clusters lenght: 
    0  1   2  3  4  5  6  7                                         8  9
21  C  1  15  *  *  *  *  *  08243a63-c43e-4e63-a062-73831cad826b-IGK  *
Clusters Ordened By clusters lenght: 
    0  1   2  3  4  5  6  7                                         8  9
43  C  3  12  *  *  *  *  *  0819845b-fcb7-4a93-802d-96b73c706029-IGK  *
42  C  2   5  *  *  *  *  *  4af30148-600f-43ad-908f-a8d624525432-IGK  *
Clusters Ordened By clusters lenght: 
    0   1  2  3  4  5  6  7                                         8  9
85  C  20  7  *  *  *  *  *  1f6927e3-446f-4810-a146-837e971fed66-IGK  *
Clusters Ordened By clusters lenght: 
Empty DataFrame
Columns: [0, 1, 2, 3, 4, 5, 6, 7, 8, 9]
Index: []
Clusters Ordened By clusters lenght: 
    0  1   2  3  4  5  6  7                                         8  9
17  C  1  11  *  *  *  *  *  0c70e674-c509-4176-8132-013e7151298b-IGK  *
Clusters Ordened By clusters lenght: 
     0  1    2  3  4  5  6  7                                         8  9
223  C  1  218  *  *  *  *  *  00b22d04-26b1-4257-8685-f5b5624d85c8-IGK  *
Clusters Ordened By clusters lenght: 
   0  1  2  3  4  5  6  7                                         8  9
7  C  0  5  *  *  *  *  *  4d8baad9-5000-4fda-9548-24fbdbe4bf75-IGK  *
Clusters Ordened By clusters lenght: 
Empty DataFrame
Columns: [0, 1, 2, 3, 4, 5, 6, 7, 8, 9]
Index: []
Clusters Ordened By clusters lenght: 
    0  1  2  3  4  5  6  7                                         8  9
22  C  0  8  *  *  *  *  *  37beed40-97b3-4819-ba27-fdd4570e6d7a-IGK  *
Clusters Ordened By clusters lenght: 
    0  1  2  3  4  5  6  7                                         8  9
22  C  3  6  *  *  *  *  *  05297b2d-2003-4add-ae80-2f37368bd9e2-IGK  *
19  C  0  5  *  *  *  *  *  165d1125-b852-42f3-9f08-d3ec3999766e-IGK  *
Clusters Ordened By clusters lenght: 
    0  1  2  3  4  5  6  7                                         8  9
14  C  1  8  *  *  *  *  *  313b8487-493f-4cb8-b920-abc4579a373d-IGK  *
Clusters Ordened By clusters lenght: 
   0  1  2  3  4  5  6  7                                         8  9
5  C  0  5  *  *  *  *  *  7da84541-ba05-4ad4-9743-2dee49a5249c-IGK  *
Clusters Ordened By clusters lenght: 
     0  1    2  3  4  5  6  7                                         8  9
178  C  1  154  *  *  *  *  *  01bc0665-80cd-45b8-85c4-cc68320f604c-IGK  *
Clusters Ordened By clusters lenght: 
   0  1  2  3  4  5  6  7                                         8  9
8  C  2  4  *  *  *  *  *  1506eb8e-70cc-4c15-bdd5-04d55c94186d-IGK  *
Clusters Ordened By clusters lenght: 
Empty DataFrame
Columns: [0, 1, 2, 3, 4, 5, 6, 7, 8, 9]
Index: []
Clusters Ordened By clusters lenght: 
   0  1  2  3  4  5  6  7                                         8  9
6  C  1  4  *  *  *  *  *  0ccd0b70-fa8a-4f47-a54d-9a77c38a774c-IGK  *
Clusters Ordened By clusters lenght: 
    0  1   2  3  4  5  6  7                                         8  9
24  C  5  10  *  *  *  *  *  36a36dce-1edb-404d-99d0-60c9b918602d-IGH  *
Clusters Ordened By clusters lenght: 
   0  1  2  3  4  5  6  7                                         8  9
8  C  0  8  *  *  *  *  *  09d1a31c-03e9-41c7-a45c-829753fcbaec-IGK  *
Clusters Ordened By clusters lenght: 
    0   1   2  3  4  5  6  7                                         8  9
79  C  27  15  *  *  *  *  *  009d3a32-dafe-4cb5-9bef-0ce162f2791f-IGK  *
Clusters Ordened By clusters lenght: 
Empty DataFrame
Columns: [0, 1, 2, 3, 4, 5, 6, 7, 8, 9]
Index: []
Clusters Ordened By clusters lenght: 
      0    1     2  3  4  5  6  7                                         8  9
7334  C   54  1633  *  *  *  *  *  00056f93-07fa-4747-8ea1-1595a3b0cac2-IGK  *
7344  C   64  1019  *  *  *  *  *  0758e5dd-1dec-4b11-936b-c606eefcdeb7-IGK  *
7504  C  224   525  *  *  *  *  *  05623abc-5014-45d2-93a0-56be0210cd2e-IGK  *
7343  C   63   323  *  *  *  *  *  051f8341-0441-4578-9686-fa0d48fce352-IGK  *
7349  C   69   254  *  *  *  *  *  0d33188b-b3df-40e6-8e27-09506316f661-IGK  *
...  ..  ...   ... .. .. .. .. ..                                       ... ..
7616  C  336     4  *  *  *  *  *  4b3cca27-2bf2-45ec-b9b2-8e4c7e8bf7c6-IGK  *
7647  C  367     4  *  *  *  *  *  2432b546-f1e3-4931-a924-0e182c0bfdcf-IGK  *
7661  C  381     4  *  *  *  *  *  3c72503c-8d79-418c-8653-c3873f78517e-IGK  *
7664  C  384     4  *  *  *  *  *  1620db34-8db4-442e-8c4c-dff08813375a-IGK  *
7672  C  392     4  *  *  *  *  *  4ab96c8f-0355-402b-8737-01b627511409-IGK  *

[134 rows x 10 columns]
Clusters Ordened By clusters lenght: 
    0  1  2  3  4  5  6  7                                         8  9
16  C  0  5  *  *  *  *  *  366e7dcd-76af-4367-b06f-1121727a43bd-IGK  *
18  C  2  5  *  *  *  *  *  6efaa05d-c5e4-4fc6-a719-539a662e616e-IGK  *
Clusters Ordened By clusters lenght: 
    0  1  2  3  4  5  6  7                                         8  9
49  C  4  9  *  *  *  *  *  475556d4-8a65-4726-81de-4ce294407bac-IGK  *
47  C  2  4  *  *  *  *  *  09429c12-4120-4aa0-8822-3080b71e98ee-IGK  *
Clusters Ordened By clusters lenght: 
     0   1   2  3  4  5  6  7                                         8  9
187  C  13  40  *  *  *  *  *  0915f836-ae4c-4a73-8675-52741e5ca8dd-IGK  *
178  C   4   9  *  *  *  *  *  454e2489-826d-4388-a3b5-9e9f8a9dabc3-IGK  *
191  C  17   8  *  *  *  *  *  170dae53-709b-4494-ad1e-849f85953275-IGK  *
189  C  15   7  *  *  *  *  *  0cda344d-a424-4337-879b-31c8f52eec92-IGK  *
206  C  32   6  *  *  *  *  *  915ba9e0-fe33-43b6-bbd4-5765c581f98c-IGK  *
220  C  46   6  *  *  *  *  *  1810ff23-55f7-4e92-b0ef-a6e5a59ab2ec-IGK  *
176  C   2   4  *  *  *  *  *  05e11355-522e-4da6-b700-0104afedea18-IGK  *
Clusters Ordened By clusters lenght: 
     0  1    2  3  4  5  6  7                                         8  9
150  C  4  139  *  *  *  *  *  012d8fb5-f0af-4d84-b293-de899381d301-IGK  *
Clusters Ordened By clusters lenght: 
Empty DataFrame
Columns: [0, 1, 2, 3, 4, 5, 6, 7, 8, 9]
Index: []
Clusters Ordened By clusters lenght: 
Empty DataFrame
Columns: [0, 1, 2, 3, 4, 5, 6, 7, 8, 9]
Index: []
Clusters Ordened By clusters lenght: 
Empty DataFrame
Columns: [0, 1, 2, 3, 4, 5, 6, 7, 8, 9]
Index: []
Clusters Ordened By clusters lenght: 
    0  1  2  3  4  5  6  7                                         8  9
14  C  5  4  *  *  *  *  *  0f67c12e-1970-421c-82b0-eb573d17e432-IGK  *
Clusters Ordened By clusters lenght: 
    0   1  2  3  4  5  6  7                                         8  9
39  C   1  8  *  *  *  *  *  01d784d5-b3a9-4bca-ab03-5540352928d7-IGK  *
51  C  13  7  *  *  *  *  *  42f417b1-1f53-4fe9-aa58-08f93e6d2a26-IGK  *
Clusters Ordened By clusters lenght: 
Empty DataFrame
Columns: [0, 1, 2, 3, 4, 5, 6, 7, 8, 9]
Index: []
Clusters Ordened By clusters lenght: 
Empty DataFrame
Columns: [0, 1, 2, 3, 4, 5, 6, 7, 8, 9]
Index: []
Clusters Ordened By clusters lenght: 
     0   1   2  3  4  5  6  7                                         8  9
234  C   6  76  *  *  *  *  *  0302709f-b24d-4a15-878a-ce0ffa551160-IGK  *
240  C  12  62  *  *  *  *  *  0cda7607-9ef2-4e31-8bf6-6148c7982c9c-IGK  *
245  C  17   5  *  *  *  *  *  22873b2e-d947-4d5f-95e6-674381334090-IGK  *
246  C  18   5  *  *  *  *  *  29b1967a-b78d-4138-b8eb-f6fe24fb7016-IGK  *
247  C  19   5  *  *  *  *  *  2c3d628f-5fdd-4727-b964-5c8593859e0d-IGK  *
Clusters Ordened By clusters lenght: 
    0  1  2  3  4  5  6  7                                         8  9
28  C  5  6  *  *  *  *  *  213ea972-f644-4811-950c-198bd00178fe-IGK  *
Clusters Ordened By clusters lenght: 
Empty DataFrame
Columns: [0, 1, 2, 3, 4, 5, 6, 7, 8, 9]
Index: []
Clusters Ordened By clusters lenght: 
Empty DataFrame
Columns: [0, 1, 2, 3, 4, 5, 6, 7, 8, 9]
Index: []
Clusters Ordened By clusters lenght: 
     0    1   2  3  4  5  6  7                                         8  9
326  C   14  27  *  *  *  *  *  21cf037e-d355-4efd-86ca-33b7a95f6e77-IGK  *
328  C   16  17  *  *  *  *  *  466bf458-7580-477f-b90f-529337f2a6cc-IGK  *
336  C   24  15  *  *  *  *  *  6a5b5791-f4e9-4e78-994a-a0399dff1b28-IGK  *
327  C   15  14  *  *  *  *  *  32611f6b-cbb6-47d2-95d8-b8d6a67cbc6a-IGK  *
353  C   41  13  *  *  *  *  *  76105b50-44ae-4d45-b4fa-a0004b8fda44-IGK  *
318  C    6  11  *  *  *  *  *  032d5091-7e16-467d-81f7-4706d986b4fa-IGK  *
349  C   37  11  *  *  *  *  *  7298c281-52b2-4df0-a853-69f19c5e51ba-IGK  *
419  C  107   8  *  *  *  *  *  0705d67d-0cbe-474d-8b01-f5936ce5d5c0-IGK  *
317  C    5   7  *  *  *  *  *  01ef65a7-67b6-4bc9-aa06-e0e15b7d3d51-IGK  *
325  C   13   6  *  *  *  *  *  205b685a-15d6-455d-b25d-dd1d88a27dbc-IGK  *
331  C   19   5  *  *  *  *  *  5b96643c-e079-4ba1-81d7-c2c9ae7c0beb-IGK  *
347  C   35   4  *  *  *  *  *  719f7f3c-6fb8-41e2-bcf1-96a791f734fc-IGK  *
376  C   64   4  *  *  *  *  *  a849f099-44d0-42b1-a767-bfd2ff3da73c-IGK  *
418  C  106   4  *  *  *  *  *  00c25b40-b05d-491b-9dc0-2b26bed09429-IGK  *
433  C  121   4  *  *  *  *  *  7c199aae-87dd-4e8d-bbb4-c73361fcec48-IGK  *
Clusters Ordened By clusters lenght: 
Empty DataFrame
Columns: [0, 1, 2, 3, 4, 5, 6, 7, 8, 9]
Index: []
Clusters Ordened By clusters lenght: 
       0    1     2  3  4  5  6  7                                         8  9
23743  C   54  9449  *  *  *  *  *  00001f8c-3b06-45a8-84a7-0c6e678379d6-IGK  *
23891  C  202  5198  *  *  *  *  *  5eeffd87-7b1a-4909-9e81-377af4775850-IGK  *
23763  C   74  2859  *  *  *  *  *  0442790f-08c2-4516-a1b4-f7221f49dc55-IGK  *
23838  C  149   797  *  *  *  *  *  2e45882c-5bbd-4eee-ba08-bc12dce19f5f-IGK  *
23745  C   56   730  *  *  *  *  *  0030289f-306c-49c1-b244-ab39a48459d6-IGK  *
...   ..  ...   ... .. .. .. .. ..                                       ... ..
24241  C  552     4  *  *  *  *  *  6d342317-3d3a-44d2-a5d7-31034628b8e3-IGK  *
24427  C  738     4  *  *  *  *  *  2ad71337-c71b-4c9e-af89-bc2af8e054ce-IGK  *
24413  C  724     4  *  *  *  *  *  039e8158-a860-4f28-89d8-3f584ebfe5b3-IGK  *
24453  C  764     4  *  *  *  *  *  7de46534-d45a-4373-a4da-e3c9ed8cf492-IGK  *
24471  C  782     4  *  *  *  *  *  c34cc3c2-12c7-4624-95bc-6f86714d6866-IGK  *

[184 rows x 10 columns]
Clusters Ordened By clusters lenght: 
    0  1   2  3  4  5  6  7                                         8  9
56  C  2  13  *  *  *  *  *  19bc5aa9-b968-474d-98f9-7baaa6c408f2-IGK  *
Clusters Ordened By clusters lenght: 
Empty DataFrame
Columns: [0, 1, 2, 3, 4, 5, 6, 7, 8, 9]
Index: []
Clusters Ordened By clusters lenght: 
    0   1  2  3  4  5  6  7                                         8  9
46  C   3  5  *  *  *  *  *  19684eea-330e-4d11-b31b-305ad8450755-IGK  *
70  C  27  4  *  *  *  *  *  4583cf90-5000-4950-83fd-c313cc2fb745-IGK  *
Clusters Ordened By clusters lenght: 
    0  1   2  3  4  5  6  7                                         8  9
59  C  1  20  *  *  *  *  *  064822b9-ca0e-43e6-91bc-9949c660958d-IGK  *
Clusters Ordened By clusters lenght: 
Empty DataFrame
Columns: [0, 1, 2, 3, 4, 5, 6, 7, 8, 9]
Index: []
Clusters Ordened By clusters lenght: 
    0  1  2  3  4  5  6  7                                         8  9
13  C  2  5  *  *  *  *  *  4d76475e-72bc-4784-b805-0f32d46e0ecb-IGK  *
Clusters Ordened By clusters lenght: 
Empty DataFrame
Columns: [0, 1, 2, 3, 4, 5, 6, 7, 8, 9]
Index: []
Clusters Ordened By clusters lenght: 
     0    1   2  3  4  5  6  7                                         8  9
334  C   15  49  *  *  *  *  *  06979a8d-b8b8-4f52-8eb5-0117892acd3e-IGK  *
374  C   55  38  *  *  *  *  *  6819a360-ba82-4cd8-9334-4a1d6e7ad2b3-IGK  *
342  C   23  23  *  *  *  *  *  1aa40617-c4cb-4b8b-9ade-d89a8829a9a3-IGK  *
322  C    3  19  *  *  *  *  *  6814b17f-814c-4bfa-9b29-a9cb6b042e51-IGK  *
345  C   26  13  *  *  *  *  *  1ff7ec5e-4ba3-4001-8ce5-88e771cff3df-IGK  *
344  C   25  12  *  *  *  *  *  1fc32088-d0e2-4a60-8f37-ed08005fb9e6-IGK  *
330  C   11  10  *  *  *  *  *  01cadfe3-1265-4392-b693-0669a37ad405-IGK  *
340  C   21   7  *  *  *  *  *  176cc8a8-e0da-43ec-98cc-b68cd6d039f4-IGK  *
391  C   72   6  *  *  *  *  *  a32254bd-298c-487b-bd6b-0e87e2b9b57c-IGK  *
321  C    2   4  *  *  *  *  *  4efb0b6e-5679-4eaa-bc3a-71afd9161973-IGK  *
337  C   18   4  *  *  *  *  *  0b3b8d04-79bd-49ce-adf8-dbd5d4db2d03-IGK  *
419  C  100   4  *  *  *  *  *  2f2db24d-5203-4970-9d48-89d7a9ba9058-IGK  *
Clusters Ordened By clusters lenght: 
Empty DataFrame
Columns: [0, 1, 2, 3, 4, 5, 6, 7, 8, 9]
Index: []
Clusters Ordened By clusters lenght: 
    0   1  2  3  4  5  6  7                                         8  9
53  C  12  6  *  *  *  *  *  3aa00bd4-4f74-44cf-8695-794562d40ce3-IGK  *
62  C  21  4  *  *  *  *  *  03d24bb0-d117-4b37-b6df-46a5508dd724-IGK  *
Clusters Ordened By clusters lenght: 
     0   1   2  3  4  5  6  7                                         8  9
298  C  96  19  *  *  *  *  *  09c80305-692e-4c53-8824-6998e973d92d-IGK  *
206  C   4  10  *  *  *  *  *  057404db-00b8-420d-814e-d8570870a958-IGK  *
232  C  30   7  *  *  *  *  *  20a98128-f508-4f0b-a85c-1e5a150a6f94-IGK  *
204  C   2   5  *  *  *  *  *  02fed50a-3829-45b3-b433-e0e837fcb279-IGK  *
224  C  22   4  *  *  *  *  *  13c40a49-5cd4-438c-9b98-f2524e46b5e5-IGK  *
221  C  19   4  *  *  *  *  *  067c03ad-b999-44b8-b4a3-8287f0f01a71-IGK  *
228  C  26   4  *  *  *  *  *  1c1d82ae-1079-468d-89d0-889a51b77e72-IGK  *
234  C  32   4  *  *  *  *  *  248c3d96-e7b3-4b2c-8f2d-378b8bf3be71-IGK  *
236  C  34   4  *  *  *  *  *  2beb9fb2-d358-4aab-9947-755de54a5fe9-IGK  *
260  C  58   4  *  *  *  *  *  62f6632b-6864-40e8-b6d2-9af015771c33-IGK  *
Clusters Ordened By clusters lenght: 
Empty DataFrame
Columns: [0, 1, 2, 3, 4, 5, 6, 7, 8, 9]
Index: []
Clusters Ordened By clusters lenght: 
Empty DataFrame
Columns: [0, 1, 2, 3, 4, 5, 6, 7, 8, 9]
Index: []
Clusters Ordened By clusters lenght: 
    0  1   2  3  4  5  6  7                                         8  9
83  C  0  66  *  *  *  *  *  05ede206-ea47-442f-9b89-34ee9825b41b-IGK  *
Clusters Ordened By clusters lenght: 
    0  1   2  3  4  5  6  7                                         8  9
23  C  1  20  *  *  *  *  *  05bba118-0058-43c7-9c0f-7ee64ce3db41-IGK  *
Clusters Ordened By clusters lenght: 
Empty DataFrame
Columns: [0, 1, 2, 3, 4, 5, 6, 7, 8, 9]
Index: []
Clusters Ordened By clusters lenght: 
     0   1   2  3  4  5  6  7                                         8  9
115  C  13  19  *  *  *  *  *  03d71391-d9d1-4724-8eb0-cb44936fc156-IGK  *
118  C  16   8  *  *  *  *  *  0b3a8e21-4749-4b0b-8650-d4a622a53eff-IGK  *
Clusters Ordened By clusters lenght: 
      0    1     2  3  4  5  6  7                                         8  9
2281  C   57  1433  *  *  *  *  *  00093464-fc02-453d-8da6-8daef329550a-IGK  *
2345  C  121    44  *  *  *  *  *  2b8040d0-ae60-4bee-ac4f-26a2606b9708-IGK  *
2228  C    4    41  *  *  *  *  *  1d790a1f-65b9-4a5c-9194-fd7995f9d900-IGK  *
2308  C   84    28  *  *  *  *  *  0f4c87f2-18f3-4628-8f97-d9963663dc39-IGK  *
2237  C   13    26  *  *  *  *  *  3c27340e-dd1e-40cd-9491-254c0352b818-IGK  *
2282  C   58    26  *  *  *  *  *  001cc059-030f-43cf-9884-262f28d91938-IGK  *
2224  C    0    23  *  *  *  *  *  12c7cc2b-5191-46f5-b5cd-50a1f1d5e930-IGK  *
2232  C    8    23  *  *  *  *  *  22424c3c-a5d4-4aa8-882b-927eae47fef7-IGK  *
2300  C   76    23  *  *  *  *  *  088c0072-731c-4d44-a43f-b88202bc3424-IGK  *
2257  C   33    16  *  *  *  *  *  8c399a36-aa2f-48be-848a-d1788175c1b7-IGK  *
2279  C   55    15  *  *  *  *  *  23803e08-7ed5-4abb-8614-d960794bf70e-IGK  *
2487  C  263    15  *  *  *  *  *  10e17b78-b201-4b6d-bb58-2be4a46c07b4-IGK  *
2321  C   97     9  *  *  *  *  *  14e4b668-1d28-4b49-9553-a22c3c46a868-IGK  *
2327  C  103     8  *  *  *  *  *  1b94aec2-15e6-4186-b3d4-b6415beafe66-IGK  *
2288  C   64     8  *  *  *  *  *  029d1505-6937-4745-9f83-2e95fefcc291-IGK  *
2297  C   73     7  *  *  *  *  *  07db47b2-b288-489d-a779-df4cc497c0c9-IGK  *
2296  C   72     7  *  *  *  *  *  06e16667-a165-4f1d-9d43-b7eede573d43-IGK  *
2350  C  126     7  *  *  *  *  *  2ddca8d2-081c-4dc0-aefb-37c67585d2d6-IGK  *
2299  C   75     7  *  *  *  *  *  08856e79-1044-46d2-8546-24f571f7d47d-IGK  *
2231  C    7     7  *  *  *  *  *  1fb8bde6-c4b9-4f47-bf5d-944c0e11b3a3-IGK  *
2280  C   56     7  *  *  *  *  *  b1f4b665-75a7-4c62-8c64-2c4c7b53a472-IGK  *
2359  C  135     6  *  *  *  *  *  336e493c-1057-43ed-b881-e3412aae10d8-IGK  *
2349  C  125     6  *  *  *  *  *  2d493677-0ce7-43fc-a151-6de0253ffedc-IGK  *
2335  C  111     6  *  *  *  *  *  250eee45-8144-4345-ae4e-80eb9aeab43e-IGK  *
2301  C   77     6  *  *  *  *  *  0984fd06-1383-4978-b587-25bf0be9e4b3-IGK  *
2239  C   15     6  *  *  *  *  *  4987dc4a-a146-4c98-8ee4-7072208f16be-IGK  *
2243  C   19     6  *  *  *  *  *  56e029b5-b755-4d5b-8529-4a29aca7c35c-IGK  *
2316  C   92     6  *  *  *  *  *  12f7d5c9-a62b-4d35-8b6f-787483ca6599-IGK  *
2234  C   10     5  *  *  *  *  *  31161ef2-c752-4572-85f1-f555dc75dc74-IGK  *
2501  C  277     5  *  *  *  *  *  5a783610-be39-4c3f-8057-acbc93c460a2-IGK  *
2283  C   59     5  *  *  *  *  *  004a0ea9-fdaa-47ae-903b-8da9224709c3-IGK  *
2247  C   23     5  *  *  *  *  *  604808b9-f9de-40a3-975a-e81d682e921f-IGK  *
2236  C   12     4  *  *  *  *  *  3a6f9e57-fa68-4582-93f3-018ac9769cf4-IGK  *
2269  C   45     4  *  *  *  *  *  d11805fa-5a60-49e6-bec8-e697575a99c6-IGK  *
2325  C  101     4  *  *  *  *  *  1a5791e0-93b6-40cf-9351-1b278c0945bb-IGK  *
2303  C   79     4  *  *  *  *  *  0a8e5722-6f32-4c49-8b73-d81ba66ccb8f-IGK  *
2310  C   86     4  *  *  *  *  *  115a9cf5-ad1d-4e38-96e5-a1ee88d61348-IGK  *
2360  C  136     4  *  *  *  *  *  359cc493-a2ef-464e-b380-dd52f7e6a3ae-IGK  *
2331  C  107     4  *  *  *  *  *  232b7218-5908-4cb4-bd06-401f9e2aecbc-IGK  *
2375  C  151     4  *  *  *  *  *  42184c16-b3b7-4ea3-9702-4a6e96c0b759-IGK  *
2390  C  166     4  *  *  *  *  *  4d8d0bca-47ee-482f-bb5d-6d9d749901f1-IGK  *
2416  C  192     4  *  *  *  *  *  7377b477-aa3a-4775-a935-b0afa5d820f6-IGK  *
2402  C  178     4  *  *  *  *  *  5e204d34-389a-4669-ba6f-db8b6c6971af-IGK  *
2492  C  268     4  *  *  *  *  *  2391cb5f-521a-490b-aebd-456a01660b79-IGK  *
2507  C  283     4  *  *  *  *  *  9772a44e-cf77-4579-a688-f3fdc1fc26f7-IGK  *
Clusters Ordened By clusters lenght: 
    0   1  2  3  4  5  6  7                                         8  9
60  C  24  8  *  *  *  *  *  211572d0-ad22-4829-9baf-d27f36a76d4d-IGK  *
Clusters Ordened By clusters lenght: 
     0   1  2  3  4  5  6  7                                         8  9
119  C  32  8  *  *  *  *  *  17fbc8ac-30f6-42aa-b7a3-1241af091491-IGK  *
91   C   4  5  *  *  *  *  *  581ebefa-c284-48c5-9c8c-b86e2ad07e8b-IGK  *
Clusters Ordened By clusters lenght: 
Empty DataFrame
Columns: [0, 1, 2, 3, 4, 5, 6, 7, 8, 9]
Index: []
Clusters Ordened By clusters lenght: 
Empty DataFrame
Columns: [0, 1, 2, 3, 4, 5, 6, 7, 8, 9]
Index: []
Clusters Ordened By clusters lenght: 
Empty DataFrame
Columns: [0, 1, 2, 3, 4, 5, 6, 7, 8, 9]
Index: []
Clusters Ordened By clusters lenght: 
       0     1    2  3  4  5  6  7                                         8  9
12090  C  2344  336  *  *  *  *  *  0221a74e-9c7e-427d-8e89-1e8be6e160a6-IGK  *
10205  C   459  216  *  *  *  *  *  003b3ebf-3231-421a-87ac-241676929535-IGK  *
10221  C   475  183  *  *  *  *  *  00db7f10-77fc-4d87-adad-052b92c67fcf-IGK  *
10212  C   466  166  *  *  *  *  *  00688bbb-d53e-4931-a244-486cc0995469-IGK  *
9886   C   140  134  *  *  *  *  *  1b2fd06f-a75e-4361-8e57-6c6ab01f0540-IGK  *
...   ..   ...  ... .. .. .. .. ..                                       ... ..
12151  C  2405    4  *  *  *  *  *  1e9ab46e-a910-4931-9b07-ff46b4e9d174-IGK  *
12458  C  2712    4  *  *  *  *  *  3dee12eb-dab8-4a68-bca5-3b3c2f1af2f8-IGK  *
12461  C  2715    4  *  *  *  *  *  67a4424a-da52-4b5c-9d8b-e41cf70e2eeb-IGK  *
12468  C  2722    4  *  *  *  *  *  025c8927-4b34-41cf-a9be-6457df0a1bc9-IGK  *
9765   C    19    4  *  *  *  *  *  0a3219b3-5672-45ac-8844-f1a02fb53915-IGK  *

[509 rows x 10 columns]
Clusters Ordened By clusters lenght: 
    0  1  2  3  4  5  6  7                                         8  9
32  C  1  6  *  *  *  *  *  25ae0669-173c-4b88-9f18-51b399d7aa37-IGK  *
Clusters Ordened By clusters lenght: 
     0  1   2  3  4  5  6  7                                         8  9
218  C  1  95  *  *  *  *  *  03a638c7-4d3d-4239-900a-7dc6e556c2d1-IGK  *
217  C  0  85  *  *  *  *  *  005fcafa-da46-453b-ba5c-5cb0be291526-IGK  *
219  C  2  11  *  *  *  *  *  06bfade1-732e-481d-81a3-63fbe755dd02-IGK  *
Clusters Ordened By clusters lenght: 
    0  1   2  3  4  5  6  7                                         8  9
24  C  6  10  *  *  *  *  *  1f7c2155-f12b-4939-942b-b3dffde50194-IGK  *
Clusters Ordened By clusters lenght: 
    0  1  2  3  4  5  6  7                                         8  9
12  C  0  5  *  *  *  *  *  175c382e-e3da-4831-b471-805fd4d4b9f9-IGK  *
Clusters Ordened By clusters lenght: 
    0  1  2  3  4  5  6  7                                         8  9
11  C  1  4  *  *  *  *  *  762dfe54-bf0a-456d-8dcf-f2390e7c3bad-IGK  *
Clusters Ordened By clusters lenght: 
    0  1   2  3  4  5  6  7                                         8  9
11  C  0  10  *  *  *  *  *  3cf8d20b-39c6-48ca-8057-0d8de8f5c81d-IGK  *
Clusters Ordened By clusters lenght: 
     0   1   2  3  4  5  6  7                                         8  9
153  C  52  10  *  *  *  *  *  0103344e-81e1-4a4c-bf8c-85c04f660369-IGK  *
113  C  12   5  *  *  *  *  *  40a40c28-d411-4e4c-bbf1-3410d2420d54-IGK  *
Clusters Ordened By clusters lenght: 
Empty DataFrame
Columns: [0, 1, 2, 3, 4, 5, 6, 7, 8, 9]
Index: []
Clusters Ordened By clusters lenght: 
    0  1  2  3  4  5  6  7                                         8  9
36  C  1  4  *  *  *  *  *  0ec226e9-06be-4796-8baf-590a8abfa36f-IGK  *
Clusters Ordened By clusters lenght: 
Empty DataFrame
Columns: [0, 1, 2, 3, 4, 5, 6, 7, 8, 9]
Index: []
Clusters Ordened By clusters lenght: 
Empty DataFrame
Columns: [0, 1, 2, 3, 4, 5, 6, 7, 8, 9]
Index: []
Clusters Ordened By clusters lenght: 
    0   1   2  3  4  5  6  7                                         8  9
99  C  23  12  *  *  *  *  *  17e7822b-bc0b-4c56-a195-0beafec64658-IGK  *
81  C   5   9  *  *  *  *  *  1c44a105-15f2-4096-a08b-2acc0c59dc42-IGK  *
95  C  19   6  *  *  *  *  *  1bf6f80e-0e4d-43a0-a9ae-a262ff202791-IGK  *
89  C  13   5  *  *  *  *  *  1ff45b4b-6977-4f6a-81a0-cd00fc92f3a1-IGK  *
93  C  17   4  *  *  *  *  *  8b548236-fae1-43ff-ac7a-b556308d947d-IGK  *
Clusters Ordened By clusters lenght: 
    0  1   2  3  4  5  6  7                                         8  9
88  C  6  11  *  *  *  *  *  1925fa90-7978-4a60-8a9d-19fc172c5462-IGK  *
82  C  0  10  *  *  *  *  *  5bb7c9e5-02d5-4862-b423-d6178c5e9504-IGK  *
90  C  8   4  *  *  *  *  *  44d0b5df-c047-4f55-b2f7-bf4e3e1ebce3-IGK  *
Clusters Ordened By clusters lenght: 
Empty DataFrame
Columns: [0, 1, 2, 3, 4, 5, 6, 7, 8, 9]
Index: []
Clusters Ordened By clusters lenght: 
Empty DataFrame
Columns: [0, 1, 2, 3, 4, 5, 6, 7, 8, 9]
Index: []
Clusters Ordened By clusters lenght: 
    0  1  2  3  4  5  6  7                                         8  9
24  C  0  6  *  *  *  *  *  1251b125-09d3-4a72-b765-1606a3449a52-IGH  *
Clusters Ordened By clusters lenght: 
Empty DataFrame
Columns: [0, 1, 2, 3, 4, 5, 6, 7, 8, 9]
Index: []
Clusters Ordened By clusters lenght: 
    0  1   2  3  4  5  6  7                                         8  9
22  C  0  11  *  *  *  *  *  01b61000-dace-452e-a79b-7e4250c7c216-IGK  *
Clusters Ordened By clusters lenght: 
Empty DataFrame
Columns: [0, 1, 2, 3, 4, 5, 6, 7, 8, 9]
Index: []
Clusters Ordened By clusters lenght: 
Empty DataFrame
Columns: [0, 1, 2, 3, 4, 5, 6, 7, 8, 9]
Index: []
Clusters Ordened By clusters lenght: 
Empty DataFrame
Columns: [0, 1, 2, 3, 4, 5, 6, 7, 8, 9]
Index: []
Clusters Ordened By clusters lenght: 
Empty DataFrame
Columns: [0, 1, 2, 3, 4, 5, 6, 7, 8, 9]
Index: []
Clusters Ordened By clusters lenght: 
    0  1   2  3  4  5  6  7                                         8  9
26  C  6  12  *  *  *  *  *  08483404-9f32-440d-acdd-053ae81218bc-IGK  *
Clusters Ordened By clusters lenght: 
Empty DataFrame
Columns: [0, 1, 2, 3, 4, 5, 6, 7, 8, 9]
Index: []
Clusters Ordened By clusters lenght: 
Empty DataFrame
Columns: [0, 1, 2, 3, 4, 5, 6, 7, 8, 9]
Index: []
Clusters Ordened By clusters lenght: 
    0  1  2  3  4  5  6  7                                         8  9
24  C  4  4  *  *  *  *  *  2e02fe58-8dea-485a-aed2-ddea37e7bbd7-IGK  *
Clusters Ordened By clusters lenght: 
    0  1   2  3  4  5  6  7                                         8  9
27  C  4  13  *  *  *  *  *  071720c8-c77c-4c36-86fe-44a1feec3086-IGK  *
Clusters Ordened By clusters lenght: 
Empty DataFrame
Columns: [0, 1, 2, 3, 4, 5, 6, 7, 8, 9]
Index: []
Clusters Ordened By clusters lenght: 
      0   1     2  3  4  5  6  7                                         8  9
5315  C  19  5057  *  *  *  *  *  00029d59-b293-40b3-9435-b64980e5d1fa-IGK  *
5326  C  30    30  *  *  *  *  *  15ea3515-7b4f-4137-b2ed-1a764fc79f2a-IGK  *
5321  C  25    27  *  *  *  *  *  05537d04-f2f0-4b49-bbac-0ee05cd1f701-IGK  *
5324  C  28    11  *  *  *  *  *  1168edd7-1e23-48de-8431-67bcf206b1af-IGK  *
5323  C  27    10  *  *  *  *  *  0c7a00b7-fe15-490d-9b95-90dc4c62aaf8-IGK  *
5322  C  26    10  *  *  *  *  *  09dbae86-d02f-4733-b461-9d2a3c95cf5c-IGK  *
5349  C  53     9  *  *  *  *  *  61666c70-2fe0-48ad-baec-785ed1a68cdb-IGK  *
5318  C  22     9  *  *  *  *  *  02ccd731-01c4-4437-b3de-5a9b2ec44608-IGK  *
5317  C  21     8  *  *  *  *  *  020d4c05-d82c-4ee2-93cd-4250c97b38c4-IGK  *
5329  C  33     7  *  *  *  *  *  1bdff6c5-73ce-4c1e-96d3-02563a3c705e-IGK  *
5344  C  48     7  *  *  *  *  *  4e2e3ddb-ed7b-4a00-8055-8a0bdba3b0fd-IGK  *
5302  C   6     5  *  *  *  *  *  210d52cc-a4f4-415d-bd07-1b9a419a7568-IGK  *
5334  C  38     5  *  *  *  *  *  2f4cc97b-13b5-4cf8-94b7-d15a18d40d63-IGK  *
5330  C  34     5  *  *  *  *  *  2161d572-54f5-4f44-b9c4-b53c98f6d675-IGK  *
5303  C   7     4  *  *  *  *  *  050e4959-a270-48f6-bfeb-ed6f9545d87b-IGK  *
5340  C  44     4  *  *  *  *  *  43a402c2-0d86-4898-8442-8e25a86d6fd9-IGK  *
5355  C  59     4  *  *  *  *  *  8d641c28-5f54-4fbc-8915-6586db3d698d-IGK  *
Clusters Ordened By clusters lenght: 
    0  1  2  3  4  5  6  7                                         8  9
13  C  1  4  *  *  *  *  *  59525301-e2c1-4d8a-ada7-9373f3779bc0-IGK  *
Clusters Ordened By clusters lenght: 
Empty DataFrame
Columns: [0, 1, 2, 3, 4, 5, 6, 7, 8, 9]
Index: []
Clusters Ordened By clusters lenght: 
     0  1    2  3  4  5  6  7                                         8  9
151  C  0  149  *  *  *  *  *  009d3a32-dafe-4cb5-9bef-0ce162f2791f-IGK  *
Clusters Ordened By clusters lenght: 
Empty DataFrame
Columns: [0, 1, 2, 3, 4, 5, 6, 7, 8, 9]
Index: []
Clusters Ordened By clusters lenght: 
Empty DataFrame
Columns: [0, 1, 2, 3, 4, 5, 6, 7, 8, 9]
Index: []
Clusters Ordened By clusters lenght: 
Empty DataFrame
Columns: [0, 1, 2, 3, 4, 5, 6, 7, 8, 9]
Index: []
Clusters Ordened By clusters lenght: 
     0   1    2  3  4  5  6  7                                         8  9
312  C   6  151  *  *  *  *  *  008b3695-cc59-45e4-8dd3-0a4ccc45f485-IGK  *
313  C   7   19  *  *  *  *  *  011765b0-6352-4f33-8baf-cb7aad724a91-IGK  *
314  C   8    9  *  *  *  *  *  04c93713-810f-4ab8-a5f8-609917096327-IGK  *
321  C  15    7  *  *  *  *  *  46fc302f-1fcd-4532-9995-81b72af2b917-IGK  *
308  C   2    4  *  *  *  *  *  2a2adb0d-2f7b-4a15-862d-4c2f48f439e2-IGK  *
329  C  23    4  *  *  *  *  *  865ba1e4-3c47-4904-90f6-09cab06140e4-IGK  *
Clusters Ordened By clusters lenght: 
Empty DataFrame
Columns: [0, 1, 2, 3, 4, 5, 6, 7, 8, 9]
Index: []
Clusters Ordened By clusters lenght: 
Empty DataFrame
Columns: [0, 1, 2, 3, 4, 5, 6, 7, 8, 9]
Index: []
Clusters Ordened By clusters lenght: 
    0  1   2  3  4  5  6  7                                         8  9
17  C  0  12  *  *  *  *  *  190bc6dd-16d0-46d0-b8b5-b3a903c47409-IGK  *
Clusters Ordened By clusters lenght: 
    0  1   2  3  4  5  6  7                                         8  9
12  C  0  11  *  *  *  *  *  3d5cd7a6-3e97-4e25-aef1-a71dacb083a5-IGK  *
Clusters Ordened By clusters lenght: 
     0  1   2  3  4  5  6  7                                         8  9
173  C  2  76  *  *  *  *  *  00153f63-738f-4154-ad14-7561b72239c9-IGK  *
178  C  7  53  *  *  *  *  *  4e55218c-15ef-4dc0-9aa8-4733b68c264e-IGK  *
177  C  6   5  *  *  *  *  *  331df078-c929-4729-8ffb-9551d8c063bd-IGK  *
180  C  9   5  *  *  *  *  *  5db45cd7-ffdc-4b30-880e-e87d981ed692-IGK  *
176  C  5   4  *  *  *  *  *  28f82ce0-0d62-4ab7-a112-ad7377ddf8f3-IGK  *
Clusters Ordened By clusters lenght: 
     0    1   2  3  4  5  6  7                                         8  9
500  C  149  72  *  *  *  *  *  0126452c-6e24-45d7-bda7-4285c6eae18d-IGK  *
386  C   35  15  *  *  *  *  *  040b3163-c46a-4d4a-8c6b-766daa9ed758-IGK  *
352  C    1   6  *  *  *  *  *  0a1c1ea2-2e93-419a-9fa8-047280d1497c-IGK  *
358  C    7   6  *  *  *  *  *  1eee4754-d2ef-4ce4-a83c-edc3f3f3d1f0-IGK  *
390  C   39   6  *  *  *  *  *  0b2ee02e-a782-4352-9fca-90ea2e675c8e-IGK  *
361  C   10   5  *  *  *  *  *  28a95b0f-dba8-4508-a74b-813106220894-IGK  *
392  C   41   5  *  *  *  *  *  0f183cf6-8d27-4c82-9200-2ee66a8820d3-IGK  *
388  C   37   5  *  *  *  *  *  085e5773-92b3-4059-9796-40c68c47253d-IGK  *
355  C    4   4  *  *  *  *  *  12341c51-8db9-47f9-8962-5ea62d6e01f8-IGK  *
385  C   34   4  *  *  *  *  *  03d8bef9-1dd1-4513-bb1d-459025e5ba35-IGK  *
367  C   16   4  *  *  *  *  *  7050a3b0-539e-45f3-a1bb-dc8dc29751e8-IGK  *
407  C   56   4  *  *  *  *  *  2b1e9879-1bed-4047-99fc-4fcf5b3989a1-IGK  *
Clusters Ordened By clusters lenght: 
Empty DataFrame
Columns: [0, 1, 2, 3, 4, 5, 6, 7, 8, 9]
Index: []
Clusters Ordened By clusters lenght: 
    0   1  2  3  4  5  6  7                                         8  9
53  C   9  6  *  *  *  *  *  0eb8a239-8f49-4a1a-bd15-b0d2e3ffa8f3-IGK  *
56  C  12  4  *  *  *  *  *  1c7045c8-d94d-4032-8679-023edca48f95-IGK  *
Clusters Ordened By clusters lenght: 
    0  1   2  3  4  5  6  7                                         8  9
57  C  3  34  *  *  *  *  *  12aa87a3-d172-4bfa-b711-8fd01999bbe9-IGK  *
