vsearch v2.30.0_linux_x86_64, 94.1GB RAM, 24 cores
https://github.com/torognes/vsearch

Reading file results/igcicle/Amostra5_illu_VH/VH_seqs.fasta 100%
22293 nt in 60 seqs, min 100, max 404, avg 372
Masking 100%
Sorting by length 100%
Counting k-mers 100%
Clustering 100%
Sorting clusters 100%
Writing clusters 100%
Clusters: 13 Size min 1, max 16, avg 4.6
Singletons: 6, 10.0% of seqs, 46.2% of clusters
Multiple alignments 100%
vsearch v2.30.0_linux_x86_64, 94.1GB RAM, 24 cores
https://github.com/torognes/vsearch

Reading file results/igcicle/Amostra5_illu_VH/VL_seqs.fasta 100%
39847021 nt in 117006 seqs, min 99, max 376, avg 341
Masking 100%
Sorting by length 100%
Counting k-mers 100%
Clustering 100%
Sorting clusters 100%
Writing clusters 100%
Clusters: 62 Size min 1, max 54913, avg 1887.2
Singletons: 20, 0.0% of seqs, 32.3% of clusters
Multiple alignments 100%
