vsearch v2.30.0_linux_x86_64, 94.1GB RAM, 24 cores
https://github.com/torognes/vsearch

Reading file results/igcicle/r3_comp_zika/VH_seqs.fasta 100%
297470382 nt in 640534 seqs, min 109, max 723, avg 464
Masking 100%
Sorting by length 100%
Counting k-mers 100%
Clustering 100%
Sorting clusters 100%
Writing clusters 100%
Clusters: 236667 Size min 1, max 1556, avg 2.7
Singletons: 165166, 25.8% of seqs, 69.8% of clusters
Multiple alignments 100%
vsearch v2.30.0_linux_x86_64, 94.1GB RAM, 24 cores
https://github.com/torognes/vsearch

Reading file results/igcicle/r3_comp_zika/VL_seqs.fasta 100%
271152293 nt in 625111 seqs, min 133, max 553, avg 434
Masking 100%
Sorting by length 100%
Counting k-mers 100%
Clustering 100%
Sorting clusters 100%
Writing clusters 100%
Clusters: 205336 Size min 1, max 7659, avg 3.0
Singletons: 147981, 23.7% of seqs, 72.1% of clusters
Multiple alignments 100%
