vsearch v2.30.0_linux_x86_64, 94.1GB RAM, 24 cores
https://github.com/torognes/vsearch

Reading file results/igcicle/Amostra2_illu_VH/VH_seqs.fasta 100%
30538469 nt in 81828 seqs, min 99, max 416, avg 373
Masking 100%
Sorting by length 100%
Counting k-mers 100%
Clustering 100%
Sorting clusters 100%
Writing clusters 100%
Clusters: 130 Size min 1, max 26281, avg 629.4
Singletons: 49, 0.1% of seqs, 37.7% of clusters
Multiple alignments 100%
vsearch v2.30.0_linux_x86_64, 94.1GB RAM, 24 cores
https://github.com/torognes/vsearch

Reading file results/igcicle/Amostra2_illu_VH/VL_seqs.fasta 100%
81250 nt in 328 seqs, min 99, max 361, avg 248
Masking 100%
Sorting by length 100%
Counting k-mers 100%
Clustering 100%
Sorting clusters 100%
Writing clusters 100%
Clusters: 29 Size min 1, max 85, avg 11.3
Singletons: 13, 4.0% of seqs, 44.8% of clusters
Multiple alignments 100%
