Clusters Ordened By clusters lenght: 
     0  1    2  3  4  5  6  7                                         8  9
399  C  0  100  *  *  *  *  *  01a68c5e-68a2-4c48-b1ee-d47aecfb3a92-IGH  *
400  C  1  100  *  *  *  *  *  056473ca-c496-412f-96ec-84b1941d5d68-IGH  *
401  C  2  100  *  *  *  *  *  018d21e5-ed4b-4107-8e1b-cbb1b21065bb-IGH  *
402  C  3   99  *  *  *  *  *  0025cde1-cb7c-45e6-bbaa-3ae3381e3daf-IGH  *
Clusters Ordened By clusters lenght: 
     0  1    2  3  4  5  6  7                                         8  9
199  C  0  100  *  *  *  *  *  00960c4a-9e1f-4829-9efe-73bb85b8afd3-IGH  *
200  C  1   99  *  *  *  *  *  047191e4-296d-4096-83d4-a7dc584201fb-IGH  *
Clusters Ordened By clusters lenght: 
     0  1    2  3  4  5  6  7                                         8  9
249  C  2  100  *  *  *  *  *  06f82926-b73f-4b8b-857f-3b9651d61b70-IGH  *
247  C  0   94  *  *  *  *  *  028a01a2-7466-4dd3-8fa8-9fd32fbbe659-IGH  *
250  C  3   52  *  *  *  *  *  010732bd-db12-47af-8584-ee151b5861a0-IGH  *
Clusters Ordened By clusters lenght: 
     0  1    2  3  4  5  6  7                                         8  9
200  C  0  100  *  *  *  *  *  00ec03ad-56bd-441a-b6fb-f7b9fea899f8-IGH  *
201  C  1  100  *  *  *  *  *  02f3c590-6895-4dcc-aff9-03e2c44f3505-IGH  *
Clusters Ordened By clusters lenght: 
     0  1    2  3  4  5  6  7                                         8  9
100  C  0  100  *  *  *  *  *  034e7706-66ce-432d-be28-7e3b49a02755-IGH  *
Clusters Ordened By clusters lenght: 
     0  1    2  3  4  5  6  7                                         8  9
155  C  1  100  *  *  *  *  *  05b83c9d-e552-44a2-948d-3870f5edc5e9-IGH  *
157  C  3   48  *  *  *  *  *  074b86fe-f6f2-4ea6-9223-9da9bbce9f4d-IGH  *
156  C  2    5  *  *  *  *  *  22eda975-ce3a-4012-99ae-b18e4b7a0017-IGH  *
Clusters Ordened By clusters lenght: 
     0  1    2  3  4  5  6  7                                         8  9
100  C  0  100  *  *  *  *  *  01dc1b0e-91dc-4e0f-8988-4b4c78dd593c-IGH  *
Clusters Ordened By clusters lenght: 
     0  1    2  3  4  5  6  7                                         8  9
401  C  0  100  *  *  *  *  *  04204ff2-124e-47cf-9e69-2e42c9b631d2-IGH  *
402  C  1  100  *  *  *  *  *  0d087da7-0ae2-4fef-bd00-8760f2fc42da-IGH  *
403  C  2  100  *  *  *  *  *  038b5c4d-05bd-4c54-8444-ef31a127ecd5-IGH  *
404  C  3  100  *  *  *  *  *  00cad671-2476-4b5a-9eb1-6787fd1b0fde-IGH  *
Clusters Ordened By clusters lenght: 
     0  1    2  3  4  5  6  7                                         8  9
100  C  0  100  *  *  *  *  *  03033e4e-bef9-445c-a509-df4cc596b8e6-IGH  *
Clusters Ordened By clusters lenght: 
     0  1    2  3  4  5  6  7                                         8  9
700  C  0  100  *  *  *  *  *  017fbcc9-6d62-4675-a355-a2f28d43c2fc-IGH  *
701  C  1  100  *  *  *  *  *  016ef249-deb2-4478-becb-08c6e2bf4b0e-IGH  *
702  C  2  100  *  *  *  *  *  012d332f-f09b-49c2-b6c7-b33b134da099-IGH  *
703  C  3  100  *  *  *  *  *  03d35053-a751-4fda-86ab-f976e3e51ca2-IGH  *
704  C  4  100  *  *  *  *  *  00f772a9-a58a-4670-8788-18b20494cf36-IGH  *
705  C  5  100  *  *  *  *  *  04d59333-a179-4b11-801a-c5b441882541-IGH  *
707  C  7   68  *  *  *  *  *  43e0d76e-8c6a-4127-b15b-4c277d68a17b-IGH  *
706  C  6   32  *  *  *  *  *  0846e740-69d9-49bb-93da-ea0280f2a349-IGH  *
Clusters Ordened By clusters lenght: 
     0  1    2  3  4  5  6  7                                         8  9
300  C  0  100  *  *  *  *  *  02df7498-539f-4235-9af1-0379403c98f3-IGH  *
301  C  1  100  *  *  *  *  *  070bc1af-50c6-4f92-bc71-813235a6d0ae-IGH  *
304  C  4   78  *  *  *  *  *  23006b9b-11e5-414b-8d6c-116f2775e939-IGH  *
302  C  2    9  *  *  *  *  *  00efe431-2891-4d3b-a505-003c106e7291-IGH  *
306  C  6    5  *  *  *  *  *  6ad3c264-b796-4ddf-a148-25dec0120c6d-IGH  *
Clusters Ordened By clusters lenght: 
     0  1   2  3  4  5  6  7                                         8  9
100  C  0  88  *  *  *  *  *  071df10a-1d34-4447-aa6b-656d62682707-IGH  *
101  C  1  12  *  *  *  *  *  2faf5b14-7354-49eb-9993-b518f4390577-IGH  *
Clusters Ordened By clusters lenght: 
     0  1    2  3  4  5  6  7                                         8  9
399  C  0  100  *  *  *  *  *  01a68c5e-68a2-4c48-b1ee-d47aecfb3a92-IGH  *
400  C  1  100  *  *  *  *  *  056473ca-c496-412f-96ec-84b1941d5d68-IGH  *
401  C  2  100  *  *  *  *  *  018d21e5-ed4b-4107-8e1b-cbb1b21065bb-IGH  *
402  C  3   99  *  *  *  *  *  0025cde1-cb7c-45e6-bbaa-3ae3381e3daf-IGH  *
Clusters Ordened By clusters lenght: 
     0  1    2  3  4  5  6  7                                         8  9
199  C  0  100  *  *  *  *  *  00960c4a-9e1f-4829-9efe-73bb85b8afd3-IGH  *
200  C  1   99  *  *  *  *  *  047191e4-296d-4096-83d4-a7dc584201fb-IGH  *
Clusters Ordened By clusters lenght: 
     0  1    2  3  4  5  6  7                                         8  9
249  C  2  100  *  *  *  *  *  06f82926-b73f-4b8b-857f-3b9651d61b70-IGH  *
247  C  0   94  *  *  *  *  *  028a01a2-7466-4dd3-8fa8-9fd32fbbe659-IGH  *
250  C  3   52  *  *  *  *  *  010732bd-db12-47af-8584-ee151b5861a0-IGH  *
Clusters Ordened By clusters lenght: 
     0  1    2  3  4  5  6  7                                         8  9
200  C  0  100  *  *  *  *  *  00ec03ad-56bd-441a-b6fb-f7b9fea899f8-IGH  *
201  C  1  100  *  *  *  *  *  02f3c590-6895-4dcc-aff9-03e2c44f3505-IGH  *
Clusters Ordened By clusters lenght: 
     0  1    2  3  4  5  6  7                                         8  9
100  C  0  100  *  *  *  *  *  034e7706-66ce-432d-be28-7e3b49a02755-IGH  *
Clusters Ordened By clusters lenght: 
     0  1    2  3  4  5  6  7                                         8  9
155  C  1  100  *  *  *  *  *  05b83c9d-e552-44a2-948d-3870f5edc5e9-IGH  *
157  C  3   48  *  *  *  *  *  074b86fe-f6f2-4ea6-9223-9da9bbce9f4d-IGH  *
156  C  2    5  *  *  *  *  *  22eda975-ce3a-4012-99ae-b18e4b7a0017-IGH  *
Clusters Ordened By clusters lenght: 
     0  1    2  3  4  5  6  7                                         8  9
100  C  0  100  *  *  *  *  *  01dc1b0e-91dc-4e0f-8988-4b4c78dd593c-IGH  *
Clusters Ordened By clusters lenght: 
     0  1    2  3  4  5  6  7                                         8  9
401  C  0  100  *  *  *  *  *  04204ff2-124e-47cf-9e69-2e42c9b631d2-IGH  *
402  C  1  100  *  *  *  *  *  0d087da7-0ae2-4fef-bd00-8760f2fc42da-IGH  *
403  C  2  100  *  *  *  *  *  038b5c4d-05bd-4c54-8444-ef31a127ecd5-IGH  *
404  C  3  100  *  *  *  *  *  00cad671-2476-4b5a-9eb1-6787fd1b0fde-IGH  *
Clusters Ordened By clusters lenght: 
     0  1    2  3  4  5  6  7                                         8  9
100  C  0  100  *  *  *  *  *  03033e4e-bef9-445c-a509-df4cc596b8e6-IGH  *
Clusters Ordened By clusters lenght: 
     0  1    2  3  4  5  6  7                                         8  9
700  C  0  100  *  *  *  *  *  017fbcc9-6d62-4675-a355-a2f28d43c2fc-IGH  *
701  C  1  100  *  *  *  *  *  016ef249-deb2-4478-becb-08c6e2bf4b0e-IGH  *
702  C  2  100  *  *  *  *  *  012d332f-f09b-49c2-b6c7-b33b134da099-IGH  *
703  C  3  100  *  *  *  *  *  03d35053-a751-4fda-86ab-f976e3e51ca2-IGH  *
704  C  4  100  *  *  *  *  *  00f772a9-a58a-4670-8788-18b20494cf36-IGH  *
705  C  5  100  *  *  *  *  *  04d59333-a179-4b11-801a-c5b441882541-IGH  *
707  C  7   68  *  *  *  *  *  43e0d76e-8c6a-4127-b15b-4c277d68a17b-IGH  *
706  C  6   32  *  *  *  *  *  0846e740-69d9-49bb-93da-ea0280f2a349-IGH  *
Clusters Ordened By clusters lenght: 
     0  1    2  3  4  5  6  7                                         8  9
300  C  0  100  *  *  *  *  *  02df7498-539f-4235-9af1-0379403c98f3-IGH  *
301  C  1  100  *  *  *  *  *  070bc1af-50c6-4f92-bc71-813235a6d0ae-IGH  *
304  C  4   78  *  *  *  *  *  23006b9b-11e5-414b-8d6c-116f2775e939-IGH  *
302  C  2    9  *  *  *  *  *  00efe431-2891-4d3b-a505-003c106e7291-IGH  *
306  C  6    5  *  *  *  *  *  6ad3c264-b796-4ddf-a148-25dec0120c6d-IGH  *
Clusters Ordened By clusters lenght: 
     0  1   2  3  4  5  6  7                                         8  9
100  C  0  88  *  *  *  *  *  071df10a-1d34-4447-aa6b-656d62682707-IGH  *
101  C  1  12  *  *  *  *  *  2faf5b14-7354-49eb-9993-b518f4390577-IGH  *
