vsearch v2.30.0_linux_x86_64, 94.1GB RAM, 24 cores
https://github.com/torognes/vsearch

Reading file results/igcicle/comp_VH_R0/VH_seqs.fasta 100%
26783998 nt in 92920 seqs, min 99, max 478, avg 288
Masking 100%
Sorting by length 100%
Counting k-mers 100%
Clustering 100%
Sorting clusters 100%
Writing clusters 100%
Clusters: 2673 Size min 1, max 23398, avg 34.8
Singletons: 1285, 1.4% of seqs, 48.1% of clusters
Multiple alignments 100%
vsearch v2.30.0_linux_x86_64, 94.1GB RAM, 24 cores
https://github.com/torognes/vsearch

Reading file results/igcicle/comp_VH_R0/VL_seqs.fasta 100%
135715 nt in 1041 seqs, min 119, max 197, avg 130
Masking 100%
Sorting by length 100%
Counting k-mers 100%
Clustering 100%
Sorting clusters 100%
Writing clusters 100%
Clusters: 43 Size min 1, max 785, avg 24.2
Singletons: 20, 1.9% of seqs, 46.5% of clusters
Multiple alignments 100%
