vsearch v2.30.0_linux_x86_64, 94.1GB RAM, 24 cores
https://github.com/torognes/vsearch

Reading file results/clustering/cdr/Amostra2_illu_VH/cdr3_clusters/76f1a4c6-2ea7-4b25-863d-460c2ab6aa4f-IGH.fasta 100%
1014272 nt in 26190 seqs, min 34, max 72, avg 39
minseqlength 6: 91 sequences discarded.
Masking 100%
Sorting by length 100%
Counting k-mers 100%
Clustering 100%
Sorting clusters 100%
Writing clusters 100%
Clusters: 554 Size min 1, max 15448, avg 47.3
Singletons: 352, 1.3% of seqs, 63.5% of clusters
Multiple alignments 100%
vsearch v2.30.0_linux_x86_64, 94.1GB RAM, 24 cores
https://github.com/torognes/vsearch

Reading file results/clustering/cdr/Amostra2_illu_VH/cdr3_clusters/ef28a6aa-b8e8-404d-8b3d-1bce86b5e910-IGH.fasta 100%
186 nt in 7 seqs, min 18, max 30, avg 27
Masking 100%
Sorting by length 100%
Counting k-mers 100%
Clustering 100%
Sorting clusters 100%
Writing clusters 100%
Clusters: 5 Size min 1, max 3, avg 1.4
Singletons: 4, 57.1% of seqs, 80.0% of clusters
Multiple alignments 100%
vsearch v2.30.0_linux_x86_64, 94.1GB RAM, 24 cores
https://github.com/torognes/vsearch

Reading file results/clustering/cdr/Amostra2_illu_VH/cdr3_clusters/185a1e29-5421-49ce-89c5-87bdcc685e90-IGH.fasta 100%
90402 nt in 2622 seqs, min 18, max 54, avg 34
minseqlength 6: 2 sequences discarded.
Masking 100%
Sorting by length 100%
Counting k-mers 100%
Clustering 100%
Sorting clusters 100%
Writing clusters 100%
Clusters: 181 Size min 1, max 980, avg 14.5
Singletons: 134, 5.1% of seqs, 74.0% of clusters
Multiple alignments 100%
vsearch v2.30.0_linux_x86_64, 94.1GB RAM, 24 cores
https://github.com/torognes/vsearch

Reading file results/clustering/cdr/Amostra2_illu_VH/cdr3_clusters/8e78af9d-6329-4bb5-af7f-f3e2e266acfd-IGK.fasta 100%
1724 nt in 68 seqs, min 17, max 33, avg 25
Masking 100%
Sorting by length 100%
Counting k-mers 100%
Clustering 100%
Sorting clusters 100%
Writing clusters 100%
Clusters: 22 Size min 1, max 36, avg 3.1
Singletons: 19, 27.9% of seqs, 86.4% of clusters
Multiple alignments 100%
vsearch v2.30.0_linux_x86_64, 94.1GB RAM, 24 cores
https://github.com/torognes/vsearch

Reading file results/clustering/cdr/Amostra2_illu_VH/cdr3_clusters/fc2f36ef-f003-4ee0-bc8d-ed63a61405c9-IGH.fasta 100%
284 nt in 9 seqs, min 27, max 41, avg 32
Masking 100%
Sorting by length 100%
Counting k-mers 100%
Clustering 100%
Sorting clusters 100%
Writing clusters 100%
Clusters: 8 Size min 1, max 2, avg 1.1
Singletons: 7, 77.8% of seqs, 87.5% of clusters
Multiple alignments 100%
vsearch v2.30.0_linux_x86_64, 94.1GB RAM, 24 cores
https://github.com/torognes/vsearch

Reading file results/clustering/cdr/Amostra2_illu_VH/cdr3_clusters/d45fd19b-0b28-4831-9ffe-1023747d5e57-IGH.fasta 100%
20375 nt in 427 seqs, min 33, max 72, avg 48
minseqlength 6: 1 sequence discarded.
Masking 100%
Sorting by length 100%
Counting k-mers 100%
Clustering 100%
Sorting clusters 100%
Writing clusters 100%
Clusters: 224 Size min 1, max 85, avg 1.9
Singletons: 167, 39.1% of seqs, 74.6% of clusters
Multiple alignments 100%
vsearch v2.30.0_linux_x86_64, 94.1GB RAM, 24 cores
https://github.com/torognes/vsearch

Reading file results/clustering/cdr/Amostra2_illu_VH/cdr3_clusters/77852b52-c21a-42e9-8bcf-be70020f22bc-IGH.fasta 100%
229 nt in 9 seqs, min 24, max 27, avg 25
Masking 100%
Sorting by length 100%
Counting k-mers 100%
Clustering 100%
Sorting clusters 100%
Writing clusters 100%
Clusters: 4 Size min 1, max 4, avg 2.2
Singletons: 2, 22.2% of seqs, 50.0% of clusters
Multiple alignments 100%
vsearch v2.30.0_linux_x86_64, 94.1GB RAM, 24 cores
https://github.com/torognes/vsearch

Reading file results/clustering/cdr/Amostra2_illu_VH/cdr3_clusters/3a4d3e1a-ba1b-4c0c-846c-2adb5e455b21-IGH.fasta 100%
195 nt in 6 seqs, min 24, max 36, avg 32
Masking 100%
Sorting by length 100%
Counting k-mers 100%
Clustering 100%
Sorting clusters 100%
Writing clusters 100%
Clusters: 4 Size min 1, max 3, avg 1.5
Singletons: 3, 50.0% of seqs, 75.0% of clusters
Multiple alignments 100%
vsearch v2.30.0_linux_x86_64, 94.1GB RAM, 24 cores
https://github.com/torognes/vsearch

Reading file results/clustering/cdr/Amostra2_illu_VH/cdr3_clusters/1cc72772-a36b-4d1d-a752-7ddbe8b7ee75-IGH.fasta 100%
654 nt in 14 seqs, min 33, max 54, avg 47
Masking 100%
Sorting by length 100%
Counting k-mers 100%
Clustering 100%
Sorting clusters 100%
Writing clusters 100%
Clusters: 7 Size min 1, max 6, avg 2.0
Singletons: 5, 35.7% of seqs, 71.4% of clusters
Multiple alignments 100%
vsearch v2.30.0_linux_x86_64, 94.1GB RAM, 24 cores
https://github.com/torognes/vsearch

Reading file results/clustering/cdr/Amostra2_illu_VH/cdr3_clusters/1c22dff8-804f-4e4f-87e2-99d359365566-IGH.fasta 100%
553 nt in 22 seqs, min 21, max 32, avg 25
Masking 100%
Sorting by length 100%
Counting k-mers 100%
Clustering 100%
Sorting clusters 100%
Writing clusters 100%
Clusters: 10 Size min 1, max 13, avg 2.2
Singletons: 9, 40.9% of seqs, 90.0% of clusters
Multiple alignments 100%
vsearch v2.30.0_linux_x86_64, 94.1GB RAM, 24 cores
https://github.com/torognes/vsearch

Reading file results/clustering/cdr/Amostra2_illu_VH/cdr3_clusters/5b291ddd-d559-430f-bd54-bc916dbe3439-IGH.fasta 100%
9704 nt in 272 seqs, min 17, max 54, avg 36
minseqlength 6: 2 sequences discarded.
Masking 100%
Sorting by length 100%
Counting k-mers 100%
Clustering 100%
Sorting clusters 100%
Writing clusters 100%
Clusters: 52 Size min 1, max 200, avg 5.2
Singletons: 37, 13.6% of seqs, 71.2% of clusters
Multiple alignments 100%
vsearch v2.30.0_linux_x86_64, 94.1GB RAM, 24 cores
https://github.com/torognes/vsearch

Reading file results/clustering/cdr/Amostra2_illu_VH/cdr3_clusters/3fcc8a10-0789-4ebd-8266-c6d69c403f64-IGH.fasta 100%
1176 nt in 49 seqs, min 24, max 24, avg 24
Masking 100%
Sorting by length 100%
Counting k-mers 100%
Clustering 100%
Sorting clusters 100%
Writing clusters 100%
Clusters: 19 Size min 1, max 26, avg 2.6
Singletons: 14, 28.6% of seqs, 73.7% of clusters
Multiple alignments 100%
vsearch v2.30.0_linux_x86_64, 94.1GB RAM, 24 cores
https://github.com/torognes/vsearch

Reading file results/clustering/cdr/Amostra2_illu_VH/cdr3_clusters/9b1a07a4-d345-48ef-9d6b-d1173f254ffa-IGH.fasta 100%
9353 nt in 295 seqs, min 24, max 54, avg 32
Masking 100%
Sorting by length 100%
Counting k-mers 100%
Clustering 100%
Sorting clusters 100%
Writing clusters 100%
Clusters: 102 Size min 1, max 88, avg 2.9
Singletons: 80, 27.1% of seqs, 78.4% of clusters
Multiple alignments 100%
vsearch v2.30.0_linux_x86_64, 94.1GB RAM, 24 cores
https://github.com/torognes/vsearch

Reading file results/clustering/cdr/Amostra2_illu_VH/cdr3_clusters/19dc5582-5cc2-4555-9a26-f9254f57c70e-IGH.fasta 100%
20104 nt in 482 seqs, min 24, max 42, avg 42
Masking 100%
Sorting by length 100%
Counting k-mers 100%
Clustering 100%
Sorting clusters 100%
Writing clusters 100%
Clusters: 12 Size min 1, max 452, avg 40.2
Singletons: 8, 1.7% of seqs, 66.7% of clusters
Multiple alignments 100%
vsearch v2.30.0_linux_x86_64, 94.1GB RAM, 24 cores
https://github.com/torognes/vsearch

Reading file results/clustering/cdr/Amostra2_illu_VH/cdr3_clusters/6f41b1ce-ed9d-4b26-97ae-ef3370c184cc-IGH.fasta 100%
1620 nt in 54 seqs, min 30, max 30, avg 30
Masking 100%
Sorting by length 100%
Counting k-mers 100%
Clustering 100%
Sorting clusters 100%
Writing clusters 100%
Clusters: 4 Size min 1, max 51, avg 13.5
Singletons: 3, 5.6% of seqs, 75.0% of clusters
Multiple alignments 100%
vsearch v2.30.0_linux_x86_64, 94.1GB RAM, 24 cores
https://github.com/torognes/vsearch

Reading file results/clustering/cdr/Amostra2_illu_VH/cdr3_clusters/41d4bd8d-ddb7-428a-9e0d-cababf883190-IGH.fasta 100%
2307 nt in 86 seqs, min 15, max 27, avg 27
Masking 100%
Sorting by length 100%
Counting k-mers 100%
Clustering 100%
Sorting clusters 100%
Writing clusters 100%
Clusters: 15 Size min 1, max 66, avg 5.7
Singletons: 10, 11.6% of seqs, 66.7% of clusters
Multiple alignments 100%
vsearch v2.30.0_linux_x86_64, 94.1GB RAM, 24 cores
https://github.com/torognes/vsearch

Reading file results/clustering/cdr/Amostra2_illu_VH/cdr3_clusters/6130640c-d8f8-4c05-a9d9-55b1cfc0dfcb-IGH.fasta 100%
16876 nt in 387 seqs, min 32, max 72, avg 44
Masking 100%
Sorting by length 100%
Counting k-mers 100%
Clustering 100%
Sorting clusters 100%
Writing clusters 100%
Clusters: 100 Size min 1, max 116, avg 3.9
Singletons: 69, 17.8% of seqs, 69.0% of clusters
Multiple alignments 100%
vsearch v2.30.0_linux_x86_64, 94.1GB RAM, 24 cores
https://github.com/torognes/vsearch

Reading file results/clustering/cdr/Amostra2_illu_VH/cdr3_clusters/01b985cb-2d99-4429-97cf-c9811de1f2ce-IGK.fasta 100%
0 nt in 0 seqs
minseqlength 6: 85 sequences discarded.
Masking 100%
Sorting by length 100%
Counting k-mers 100%
Clustering 100%
Sorting clusters 100%
Writing clusters 100%
Clusters: 0
Singletons: 0
Multiple alignments 100%
vsearch v2.30.0_linux_x86_64, 94.1GB RAM, 24 cores
https://github.com/torognes/vsearch

Reading file results/clustering/cdr/Amostra2_illu_VH/cdr3_clusters/f89d2c9d-c136-40f7-b6ba-bcf641de8e69-IGH.fasta 100%
1338 nt in 49 seqs, min 18, max 33, avg 27
Masking 100%
Sorting by length 100%
Counting k-mers 100%
Clustering 100%
Sorting clusters 100%
Writing clusters 100%
Clusters: 12 Size min 1, max 14, avg 4.1
Singletons: 7, 14.3% of seqs, 58.3% of clusters
Multiple alignments 100%
vsearch v2.30.0_linux_x86_64, 94.1GB RAM, 24 cores
https://github.com/torognes/vsearch

Reading file results/clustering/cdr/Amostra2_illu_VH/cdr3_clusters/3ac49501-85ad-4818-804a-095e1532a716-IGH.fasta 100%
257091 nt in 4948 seqs, min 24, max 54, avg 52
minseqlength 6: 1 sequence discarded.
Masking 100%
Sorting by length 100%
Counting k-mers 100%
Clustering 100%
Sorting clusters 100%
Writing clusters 100%
Clusters: 133 Size min 1, max 4424, avg 37.2
Singletons: 97, 2.0% of seqs, 72.9% of clusters
Multiple alignments 100%
vsearch v2.30.0_linux_x86_64, 94.1GB RAM, 24 cores
https://github.com/torognes/vsearch

Reading file results/clustering/cdr/Amostra2_illu_VH/cdr3_clusters/2b39a7ad-80d8-4f0f-8467-3d87fe30c790-IGK.fasta 100%
1985 nt in 74 seqs, min 6, max 31, avg 27
minseqlength 6: 1 sequence discarded.
Masking 100%
Sorting by length 100%
Counting k-mers 100%
Clustering 100%
Sorting clusters 100%
Writing clusters 100%
Clusters: 32 Size min 1, max 27, avg 2.3
Singletons: 24, 32.4% of seqs, 75.0% of clusters
Multiple alignments 100%
vsearch v2.30.0_linux_x86_64, 94.1GB RAM, 24 cores
https://github.com/torognes/vsearch

Reading file results/clustering/cdr/Amostra2_illu_VH/cdr3_clusters/7942a83e-f433-4865-8815-c6bb69f1378d-IGH.fasta 100%
500 nt in 13 seqs, min 24, max 60, avg 38
Masking 100%
Sorting by length 100%
Counting k-mers 100%
Clustering 100%
Sorting clusters 100%
Writing clusters 100%
Clusters: 12 Size min 1, max 2, avg 1.1
Singletons: 11, 84.6% of seqs, 91.7% of clusters
Multiple alignments 100%
vsearch v2.30.0_linux_x86_64, 94.1GB RAM, 24 cores
https://github.com/torognes/vsearch

Reading file results/clustering/cdr/Amostra2_illu_VH/cdr3_clusters/3c75d31f-b34e-4960-aad0-7c200d52ad0d-IGH.fasta 100%
111227 nt in 4085 seqs, min 18, max 54, avg 27
Masking 100%
Sorting by length 100%
Counting k-mers 100%
Clustering 100%
Sorting clusters 100%
Writing clusters 100%
Clusters: 147 Size min 1, max 3428, avg 27.8
Singletons: 99, 2.4% of seqs, 67.3% of clusters
Multiple alignments 100%
vsearch v2.30.0_linux_x86_64, 94.1GB RAM, 24 cores
https://github.com/torognes/vsearch

Reading file results/clustering/cdr/Amostra2_illu_VH/cdr3_clusters/db64b06b-f83b-46aa-8f86-5c8a419635f2-IGH.fasta 100%
2838 nt in 73 seqs, min 24, max 57, avg 39
Masking 100%
Sorting by length 100%
Counting k-mers 100%
Clustering 100%
Sorting clusters 100%
Writing clusters 100%
Clusters: 39 Size min 1, max 8, avg 1.9
Singletons: 26, 35.6% of seqs, 66.7% of clusters
Multiple alignments 100%
vsearch v2.30.0_linux_x86_64, 94.1GB RAM, 24 cores
https://github.com/torognes/vsearch

Reading file results/clustering/cdr/Amostra2_illu_VH/cdr3_clusters/01ae5490-d23e-4ddf-95c9-24cc9b35b67b-IGH.fasta 100%
3048 nt in 127 seqs, min 24, max 24, avg 24
Masking 100%
Sorting by length 100%
Counting k-mers 100%
Clustering 100%
Sorting clusters 100%
Writing clusters 100%
Clusters: 8 Size min 1, max 119, avg 15.9
Singletons: 6, 4.7% of seqs, 75.0% of clusters
Multiple alignments 100%
vsearch v2.30.0_linux_x86_64, 94.1GB RAM, 24 cores
https://github.com/torognes/vsearch

Reading file results/clustering/cdr/Amostra2_illu_VH/cdr3_clusters/722738fb-e3b6-4ccf-894f-a2345f930b8b-IGK.fasta 100%
747 nt in 25 seqs, min 24, max 33, avg 30
Masking 100%
Sorting by length 100%
Counting k-mers 100%
Clustering 100%
Sorting clusters 100%
Writing clusters 100%
Clusters: 9 Size min 1, max 9, avg 2.8
Singletons: 7, 28.0% of seqs, 77.8% of clusters
Multiple alignments 100%
vsearch v2.30.0_linux_x86_64, 94.1GB RAM, 24 cores
https://github.com/torognes/vsearch

Reading file results/clustering/cdr/Amostra2_illu_VH/cdr3_clusters/d2359cce-7b04-4305-b437-e4c801e59853-IGH.fasta 100%
66406 nt in 1107 seqs, min 48, max 60, avg 60
Masking 100%
Sorting by length 100%
Counting k-mers 100%
Clustering 100%
Sorting clusters 100%
Writing clusters 100%
Clusters: 3 Size min 1, max 1105, avg 369.0
Singletons: 2, 0.2% of seqs, 66.7% of clusters
Multiple alignments 100%
vsearch v2.30.0_linux_x86_64, 94.1GB RAM, 24 cores
https://github.com/torognes/vsearch

Reading file results/clustering/cdr/Amostra2_illu_VH/cdr3_clusters/c5cd9239-901d-46bf-bb05-8f27bb5f407a-IGH.fasta 100%
585 nt in 24 seqs, min 18, max 30, avg 24
Masking 100%
Sorting by length 100%
Counting k-mers 100%
Clustering 100%
Sorting clusters 100%
Writing clusters 100%
Clusters: 9 Size min 1, max 15, avg 2.7
Singletons: 7, 29.2% of seqs, 77.8% of clusters
Multiple alignments 100%
vsearch v2.30.0_linux_x86_64, 94.1GB RAM, 24 cores
https://github.com/torognes/vsearch

Reading file results/clustering/cdr/Amostra2_illu_VH/cdr3_clusters/5ae69093-3cca-41eb-83d5-e4ca53c546ba-IGH.fasta 100%
333 nt in 8 seqs, min 24, max 48, avg 42
Masking 100%
Sorting by length 100%
Counting k-mers 100%
Clustering 100%
Sorting clusters 100%
Writing clusters 100%
Clusters: 4 Size min 1, max 3, avg 2.0
Singletons: 1, 12.5% of seqs, 25.0% of clusters
Multiple alignments 100%
vsearch v2.30.0_linux_x86_64, 94.1GB RAM, 24 cores
https://github.com/torognes/vsearch

Reading file results/clustering/cdr/Amostra2_illu_VH/cdr3_clusters/96aaafbc-59f3-4dc4-aa7c-2463b85e8e01-IGH.fasta 100%
2574 nt in 64 seqs, min 33, max 60, avg 40
Masking 100%
Sorting by length 100%
Counting k-mers 100%
Clustering 100%
Sorting clusters 100%
Writing clusters 100%
Clusters: 22 Size min 1, max 28, avg 2.9
Singletons: 19, 29.7% of seqs, 86.4% of clusters
Multiple alignments 100%
vsearch v2.30.0_linux_x86_64, 94.1GB RAM, 24 cores
https://github.com/torognes/vsearch

Reading file results/clustering/cdr/Amostra2_illu_VH/cdr3_clusters/684fb43b-88a5-4b09-bcf1-27a06782adf0-IGH.fasta 100%
189 nt in 6 seqs, min 24, max 36, avg 32
Masking 100%
Sorting by length 100%
Counting k-mers 100%
Clustering 100%
Sorting clusters 100%
Writing clusters 100%
Clusters: 4 Size min 1, max 3, avg 1.5
Singletons: 3, 50.0% of seqs, 75.0% of clusters
Multiple alignments 100%
vsearch v2.30.0_linux_x86_64, 94.1GB RAM, 24 cores
https://github.com/torognes/vsearch

Reading file results/clustering/cdr/Amostra2_illu_VH/cdr3_clusters/7fbb3654-7e3c-4f81-9b75-0f47dc121b85-IGH.fasta 100%
7055 nt in 246 seqs, min 15, max 39, avg 29
minseqlength 6: 18 sequences discarded.
Masking 100%
Sorting by length 100%
Counting k-mers 100%
Clustering 100%
Sorting clusters 100%
Writing clusters 100%
Clusters: 68 Size min 1, max 73, avg 3.6
Singletons: 50, 20.3% of seqs, 73.5% of clusters
Multiple alignments 100%
vsearch v2.30.0_linux_x86_64, 94.1GB RAM, 24 cores
https://github.com/torognes/vsearch

Reading file results/clustering/cdr/Amostra2_illu_VH/cdr3_clusters/cf87d031-37f6-4d8b-8012-b096d2a8ad0f-IGH.fasta 100%
570 nt in 20 seqs, min 18, max 33, avg 28
Masking 100%
Sorting by length 100%
Counting k-mers 100%
Clustering 100%
Sorting clusters 100%
Writing clusters 100%
Clusters: 9 Size min 1, max 9, avg 2.2
Singletons: 6, 30.0% of seqs, 66.7% of clusters
Multiple alignments 100%
vsearch v2.30.0_linux_x86_64, 94.1GB RAM, 24 cores
https://github.com/torognes/vsearch

Reading file results/clustering/cdr/Amostra2_illu_VH/cdr3_clusters/32e13b74-5aa2-47ed-b510-9237649f37f2-IGH.fasta 100%
3873 nt in 104 seqs, min 18, max 57, avg 37
Masking 100%
Sorting by length 100%
Counting k-mers 100%
Clustering 100%
Sorting clusters 100%
Writing clusters 100%
Clusters: 39 Size min 1, max 19, avg 2.7
Singletons: 24, 23.1% of seqs, 61.5% of clusters
Multiple alignments 100%
vsearch v2.30.0_linux_x86_64, 94.1GB RAM, 24 cores
https://github.com/torognes/vsearch

Reading file results/clustering/cdr/Amostra2_illu_VH/cdr3_clusters/e362e482-d1d7-4937-a3bc-9997d1a8a3d6-IGH.fasta 100%
496098 nt in 20583 seqs, min 11, max 33, avg 24
minseqlength 6: 10 sequences discarded.
Masking 100%
Sorting by length 100%
Counting k-mers 100%
Clustering 100%
Sorting clusters 100%
Writing clusters 100%
Clusters: 529 Size min 1, max 17932, avg 38.9
Singletons: 395, 1.9% of seqs, 74.7% of clusters
Multiple alignments 100%
vsearch v2.30.0_linux_x86_64, 94.1GB RAM, 24 cores
https://github.com/torognes/vsearch

Reading file results/clustering/cdr/Amostra2_illu_VH/cdr3_clusters/485a7af3-e327-4ecf-8255-ee106c57edbe-IGK.fasta 100%
230 nt in 8 seqs, min 27, max 30, avg 29
Masking 100%
Sorting by length 100%
Counting k-mers 100%
Clustering 100%
Sorting clusters 100%
Writing clusters 100%
Clusters: 4 Size min 1, max 4, avg 2.0
Singletons: 2, 25.0% of seqs, 50.0% of clusters
Multiple alignments 100%
vsearch v2.30.0_linux_x86_64, 94.1GB RAM, 24 cores
https://github.com/torognes/vsearch

Reading file results/clustering/cdr/Amostra2_illu_VH/cdr3_clusters/65496068-df26-40fb-a8ad-861b8b2ab23c-IGH.fasta 100%
4266 nt in 178 seqs, min 18, max 24, avg 24
Masking 100%
Sorting by length 100%
Counting k-mers 100%
Clustering 100%
Sorting clusters 100%
Writing clusters 100%
Clusters: 13 Size min 1, max 161, avg 13.7
Singletons: 9, 5.1% of seqs, 69.2% of clusters
Multiple alignments 100%
vsearch v2.30.0_linux_x86_64, 94.1GB RAM, 24 cores
https://github.com/torognes/vsearch

Reading file results/clustering/cdr/Amostra2_illu_VH/cdr3_clusters/649e27ab-b29e-45d0-9029-faee70201b41-IGH.fasta 100%
69705 nt in 2128 seqs, min 21, max 36, avg 33
minseqlength 6: 1 sequence discarded.
Masking 100%
Sorting by length 100%
Counting k-mers 100%
Clustering 100%
Sorting clusters 100%
Writing clusters 100%
Clusters: 79 Size min 1, max 1779, avg 26.9
Singletons: 48, 2.3% of seqs, 60.8% of clusters
Multiple alignments 100%
vsearch v2.30.0_linux_x86_64, 94.1GB RAM, 24 cores
https://github.com/torognes/vsearch

Reading file results/clustering/cdr/Amostra2_illu_VH/cdr3_clusters/481faf6f-a43f-4bee-8f4b-2226c2059893-IGK.fasta 100%
0 nt in 0 seqs
minseqlength 6: 5 sequences discarded.
Masking 100%
Sorting by length 100%
Counting k-mers 100%
Clustering 100%
Sorting clusters 100%
Writing clusters 100%
Clusters: 0
Singletons: 0
Multiple alignments 100%
vsearch v2.30.0_linux_x86_64, 94.1GB RAM, 24 cores
https://github.com/torognes/vsearch

Reading file results/clustering/cdr/Amostra2_illu_VH/cdr3_clusters/4579f676-ed98-47c9-8ddd-e65d12baa2db-IGH.fasta 100%
25995 nt in 604 seqs, min 33, max 72, avg 43
Masking 100%
Sorting by length 100%
Counting k-mers 100%
Clustering 100%
Sorting clusters 100%
Writing clusters 100%
Clusters: 139 Size min 1, max 329, avg 4.3
Singletons: 97, 16.1% of seqs, 69.8% of clusters
Multiple alignments 100%
vsearch v2.30.0_linux_x86_64, 94.1GB RAM, 24 cores
https://github.com/torognes/vsearch

Reading file results/clustering/cdr/Amostra2_illu_VH/cdr3_clusters/37eafad8-58ec-4ebc-8247-b70feb26ea3c-IGH.fasta 100%
1170 nt in 27 seqs, min 27, max 60, avg 43
Masking 100%
Sorting by length 100%
Counting k-mers 100%
Clustering 100%
Sorting clusters 100%
Writing clusters 100%
Clusters: 21 Size min 1, max 4, avg 1.3
Singletons: 18, 66.7% of seqs, 85.7% of clusters
Multiple alignments 100%
vsearch v2.30.0_linux_x86_64, 94.1GB RAM, 24 cores
https://github.com/torognes/vsearch

Reading file results/clustering/cdr/Amostra2_illu_VH/cdr3_clusters/fe1e384a-3912-44ec-8f97-4e8231759a53-IGH.fasta 100%
1201 nt in 28 seqs, min 24, max 60, avg 43
Masking 100%
Sorting by length 100%
Counting k-mers 100%
Clustering 100%
Sorting clusters 100%
Writing clusters 100%
Clusters: 23 Size min 1, max 3, avg 1.2
Singletons: 19, 67.9% of seqs, 82.6% of clusters
Multiple alignments 100%
vsearch v2.30.0_linux_x86_64, 94.1GB RAM, 24 cores
https://github.com/torognes/vsearch

Reading file results/clustering/cdr/Amostra2_illu_VH/cdr3_clusters/d8108180-f862-4fdb-b4e4-f84edb09e28a-IGH.fasta 100%
1428 nt in 46 seqs, min 15, max 42, avg 31
Masking 100%
Sorting by length 100%
Counting k-mers 100%
Clustering 100%
Sorting clusters 100%
Writing clusters 100%
Clusters: 31 Size min 1, max 4, avg 1.5
Singletons: 22, 47.8% of seqs, 71.0% of clusters
Multiple alignments 100%
vsearch v2.30.0_linux_x86_64, 94.1GB RAM, 24 cores
https://github.com/torognes/vsearch

Reading file results/clustering/cdr/Amostra2_illu_VH/cdr3_clusters/02b70b92-9116-4a55-bcbf-85df5dc94cd2-IGH.fasta 100%
9567 nt in 531 seqs, min 17, max 24, avg 18
Masking 100%
Sorting by length 100%
Counting k-mers 100%
Clustering 100%
Sorting clusters 100%
Writing clusters 100%
Clusters: 52 Size min 1, max 439, avg 10.2
Singletons: 38, 7.2% of seqs, 73.1% of clusters
Multiple alignments 100%
vsearch v2.30.0_linux_x86_64, 94.1GB RAM, 24 cores
https://github.com/torognes/vsearch

Reading file results/clustering/cdr/Amostra2_illu_VH/cdr3_clusters/15263f09-89c3-405d-871e-e219a9881511-IGH.fasta 100%
168 nt in 7 seqs, min 24, max 24, avg 24
Masking 100%
Sorting by length 100%
Counting k-mers 100%
Clustering 100%
Sorting clusters 100%
Writing clusters 100%
Clusters: 1 Size min 7, max 7, avg 7.0
Singletons: 0, 0.0% of seqs, 0.0% of clusters
Multiple alignments 100%
vsearch v2.30.0_linux_x86_64, 94.1GB RAM, 24 cores
https://github.com/torognes/vsearch

Reading file results/clustering/cdr/Amostra2_illu_VH/cdr3_clusters/1119f7db-68e4-4288-9af3-bea7e535772a-IGK.fasta 100%
0 nt in 0 seqs
minseqlength 6: 20 sequences discarded.
Masking 100%
Sorting by length 100%
Counting k-mers 100%
Clustering 100%
Sorting clusters 100%
Writing clusters 100%
Clusters: 0
Singletons: 0
Multiple alignments 100%
vsearch v2.30.0_linux_x86_64, 94.1GB RAM, 24 cores
https://github.com/torognes/vsearch

Reading file results/clustering/cdr/Amostra2_illu_VH/cdr3_clusters/e9b9a481-e78d-482d-a169-5b3304b98598-IGH.fasta 100%
192 nt in 8 seqs, min 24, max 24, avg 24
Masking 100%
Sorting by length 100%
Counting k-mers 100%
Clustering 100%
Sorting clusters 100%
Writing clusters 100%
Clusters: 2 Size min 1, max 7, avg 4.0
Singletons: 1, 12.5% of seqs, 50.0% of clusters
Multiple alignments 100%
vsearch v2.30.0_linux_x86_64, 94.1GB RAM, 24 cores
https://github.com/torognes/vsearch

Reading file results/clustering/cdr/Amostra2_illu_VH/cdr3_clusters/78b61729-a8b3-4bb5-999b-ded78163eb19-IGH.fasta 100%
48457 nt in 1436 seqs, min 18, max 54, avg 34
minseqlength 6: 11 sequences discarded.
Masking 100%
Sorting by length 100%
Counting k-mers 100%
Clustering 100%
Sorting clusters 100%
Writing clusters 100%
Clusters: 144 Size min 1, max 760, avg 10.0
Singletons: 98, 6.8% of seqs, 68.1% of clusters
Multiple alignments 100%
vsearch v2.30.0_linux_x86_64, 94.1GB RAM, 24 cores
https://github.com/torognes/vsearch

Reading file results/clustering/cdr/Amostra2_illu_VH/cdr3_clusters/8231efec-1fcd-4938-bb6f-accd01e9c422-IGH.fasta 100%
196904 nt in 6661 seqs, min 18, max 54, avg 30
minseqlength 6: 6 sequences discarded.
Masking 100%
Sorting by length 100%
Counting k-mers 100%
Clustering 100%
Sorting clusters 100%
Writing clusters 100%
Clusters: 306 Size min 1, max 2617, avg 21.8
Singletons: 199, 3.0% of seqs, 65.0% of clusters
Multiple alignments 100%
vsearch v2.30.0_linux_x86_64, 94.1GB RAM, 24 cores
https://github.com/torognes/vsearch

Reading file results/clustering/cdr/Amostra2_illu_VH/cdr3_clusters/0482dfc4-5556-4e64-9065-58dbe4f4500a-IGH.fasta 100%
64816 nt in 1805 seqs, min 18, max 36, avg 36
minseqlength 6: 1 sequence discarded.
Masking 100%
Sorting by length 100%
Counting k-mers 100%
Clustering 100%
Sorting clusters 100%
Writing clusters 100%
Clusters: 41 Size min 1, max 1708, avg 44.0
Singletons: 33, 1.8% of seqs, 80.5% of clusters
Multiple alignments 100%
vsearch v2.30.0_linux_x86_64, 94.1GB RAM, 24 cores
https://github.com/torognes/vsearch

Reading file results/clustering/cdr/Amostra2_illu_VH/cdr3_clusters/7a059c2b-5cd4-4b1f-977a-2e6317b93a61-IGH.fasta 100%
393 nt in 15 seqs, min 24, max 30, avg 26
Masking 100%
Sorting by length 100%
Counting k-mers 100%
Clustering 100%
Sorting clusters 100%
Writing clusters 100%
Clusters: 10 Size min 1, max 3, avg 1.5
Singletons: 7, 46.7% of seqs, 70.0% of clusters
Multiple alignments 100%
vsearch v2.30.0_linux_x86_64, 94.1GB RAM, 24 cores
https://github.com/torognes/vsearch

Reading file results/clustering/cdr/Amostra2_illu_VH/cdr3_clusters/b319599c-1459-4930-8625-49449aa5d979-IGH.fasta 100%
1252 nt in 50 seqs, min 18, max 30, avg 25
minseqlength 6: 3 sequences discarded.
Masking 100%
Sorting by length 100%
Counting k-mers 100%
Clustering 100%
Sorting clusters 100%
Writing clusters 100%
Clusters: 27 Size min 1, max 13, avg 1.9
Singletons: 20, 40.0% of seqs, 74.1% of clusters
Multiple alignments 100%
vsearch v2.30.0_linux_x86_64, 94.1GB RAM, 24 cores
https://github.com/torognes/vsearch

Reading file results/clustering/cdr/Amostra2_illu_VH/cdr3_clusters/7480a950-3d66-44ea-ab37-3d087e41add2-IGH.fasta 100%
70055 nt in 2577 seqs, min 24, max 54, avg 27
minseqlength 6: 2 sequences discarded.
Masking 100%
Sorting by length 100%
Counting k-mers 100%
Clustering 100%
Sorting clusters 100%
Writing clusters 100%
Clusters: 157 Size min 1, max 1759, avg 16.4
Singletons: 112, 4.3% of seqs, 71.3% of clusters
Multiple alignments 100%
vsearch v2.30.0_linux_x86_64, 94.1GB RAM, 24 cores
https://github.com/torognes/vsearch

Reading file results/clustering/cdr/Amostra2_illu_VH/cdr3_clusters/c7fabae3-0aed-42c1-836b-f2298e6f7280-IGH.fasta 100%
372 nt in 11 seqs, min 24, max 54, avg 34
Masking 100%
Sorting by length 100%
Counting k-mers 100%
Clustering 100%
Sorting clusters 100%
Writing clusters 100%
Clusters: 9 Size min 1, max 2, avg 1.2
Singletons: 7, 63.6% of seqs, 77.8% of clusters
Multiple alignments 100%
vsearch v2.30.0_linux_x86_64, 94.1GB RAM, 24 cores
https://github.com/torognes/vsearch

Reading file results/clustering/cdr/Amostra2_illu_VH/cdr3_clusters/5498136e-a506-42ca-8ea7-61ffb7faa175-IGH.fasta 100%
1239 nt in 35 seqs, min 21, max 54, avg 35
Masking 100%
Sorting by length 100%
Counting k-mers 100%
Clustering 100%
Sorting clusters 100%
Writing clusters 100%
Clusters: 19 Size min 1, max 7, avg 1.8
Singletons: 11, 31.4% of seqs, 57.9% of clusters
Multiple alignments 100%
vsearch v2.30.0_linux_x86_64, 94.1GB RAM, 24 cores
https://github.com/torognes/vsearch

Reading file results/clustering/cdr/Amostra2_illu_VH/cdr3_clusters/86a7931f-4237-42b3-98c3-db34d707632a-IGH.fasta 100%
29193 nt in 636 seqs, min 36, max 75, avg 46
Masking 100%
Sorting by length 100%
Counting k-mers 100%
Clustering 100%
Sorting clusters 100%
Writing clusters 100%
Clusters: 126 Size min 1, max 346, avg 5.0
Singletons: 96, 15.1% of seqs, 76.2% of clusters
Multiple alignments 100%
vsearch v2.30.0_linux_x86_64, 94.1GB RAM, 24 cores
https://github.com/torognes/vsearch

Reading file results/clustering/cdr/Amostra2_illu_VH/cdr3_clusters/c46fb42b-8832-49e8-96b2-a8384e9d40bc-IGH.fasta 100%
33310 nt in 1383 seqs, min 15, max 27, avg 24
minseqlength 6: 5 sequences discarded.
Masking 100%
Sorting by length 100%
Counting k-mers 100%
Clustering 100%
Sorting clusters 100%
Writing clusters 100%
Clusters: 108 Size min 1, max 852, avg 12.8
Singletons: 79, 5.7% of seqs, 73.1% of clusters
Multiple alignments 100%
vsearch v2.30.0_linux_x86_64, 94.1GB RAM, 24 cores
https://github.com/torognes/vsearch

Reading file results/clustering/cdr/Amostra2_illu_VH/cdr3_clusters/a2790c00-b1af-4646-930a-26895ccae41c-IGH.fasta 100%
185 nt in 5 seqs, min 27, max 47, avg 37
Masking 100%
Sorting by length 100%
Counting k-mers 100%
Clustering 100%
Sorting clusters 100%
Writing clusters 100%
Clusters: 4 Size min 1, max 2, avg 1.2
Singletons: 3, 60.0% of seqs, 75.0% of clusters
Multiple alignments 100%
vsearch v2.30.0_linux_x86_64, 94.1GB RAM, 24 cores
https://github.com/torognes/vsearch

Reading file results/clustering/cdr/Amostra2_illu_VH/cdr3_clusters/eb876aed-cecb-4d48-96ac-f705fbc5b43a-IGH.fasta 100%
7446 nt in 304 seqs, min 18, max 36, avg 24
Masking 100%
Sorting by length 100%
Counting k-mers 100%
Clustering 100%
Sorting clusters 100%
Writing clusters 100%
Clusters: 33 Size min 1, max 244, avg 9.2
Singletons: 22, 7.2% of seqs, 66.7% of clusters
Multiple alignments 100%
vsearch v2.30.0_linux_x86_64, 94.1GB RAM, 24 cores
https://github.com/torognes/vsearch

Reading file results/clustering/cdr/Amostra2_illu_VH/cdr3_clusters/9f282ce8-1268-474f-ba7f-819e420d91ad-IGH.fasta 100%
228 nt in 11 seqs, min 18, max 33, avg 21
Masking 100%
Sorting by length 100%
Counting k-mers 100%
Clustering 100%
Sorting clusters 100%
Writing clusters 100%
Clusters: 4 Size min 1, max 8, avg 2.8
Singletons: 3, 27.3% of seqs, 75.0% of clusters
Multiple alignments 100%
vsearch v2.30.0_linux_x86_64, 94.1GB RAM, 24 cores
https://github.com/torognes/vsearch

Reading file results/clustering/cdr/Amostra2_illu_VH/cdr3_clusters/09fae79e-df71-4744-8180-212f82ab8f7a-IGK.fasta 100%
219 nt in 8 seqs, min 27, max 30, avg 27
Masking 100%
Sorting by length 100%
Counting k-mers 100%
Clustering 100%
Sorting clusters 100%
Writing clusters 100%
Clusters: 7 Size min 1, max 2, avg 1.1
Singletons: 6, 75.0% of seqs, 85.7% of clusters
Multiple alignments 100%
vsearch v2.30.0_linux_x86_64, 94.1GB RAM, 24 cores
https://github.com/torognes/vsearch

Reading file results/clustering/cdr/Amostra2_illu_VH/cdr3_clusters/04455658-fda0-4e9d-b45e-58e3040278b5-IGH.fasta 100%
15135 nt in 631 seqs, min 16, max 30, avg 24
minseqlength 6: 38 sequences discarded.
Masking 100%
Sorting by length 100%
Counting k-mers 100%
Clustering 100%
Sorting clusters 100%
Writing clusters 100%
Clusters: 81 Size min 1, max 400, avg 7.8
Singletons: 59, 9.4% of seqs, 72.8% of clusters
Multiple alignments 100%
vsearch v2.30.0_linux_x86_64, 94.1GB RAM, 24 cores
https://github.com/torognes/vsearch

Reading file results/clustering/cdr/Amostra2_illu_VH/cdr3_clusters/8a790e6b-029e-4c5e-a039-31752bfcfa7a-IGH.fasta 100%
165 nt in 6 seqs, min 24, max 42, avg 28
Masking 100%
Sorting by length 100%
Counting k-mers 100%
Clustering 100%
Sorting clusters 100%
Writing clusters 100%
Clusters: 3 Size min 1, max 4, avg 2.0
Singletons: 2, 33.3% of seqs, 66.7% of clusters
Multiple alignments 100%
vsearch v2.30.0_linux_x86_64, 94.1GB RAM, 24 cores
https://github.com/torognes/vsearch

Reading file results/clustering/cdr/Amostra2_illu_VH/cdr3_clusters/647bd13a-b34e-4764-8e03-2ecf4cf013ca-IGH.fasta 100%
303 nt in 6 seqs, min 45, max 66, avg 50
Masking 100%
Sorting by length 100%
Counting k-mers 100%
Clustering 100%
Sorting clusters 100%
Writing clusters 100%
Clusters: 4 Size min 1, max 2, avg 1.5
Singletons: 2, 33.3% of seqs, 50.0% of clusters
Multiple alignments 100%
