Clusters Ordened By clusters lenght: 
     0  1    2  3  4  5  6  7                                         8  9
212  C  0  100  *  *  *  *  *  016eb378-5d24-4896-bb14-fc0f358c9bee-IGH  *
214  C  2   57  *  *  *  *  *  08954a05-f642-455f-82b0-23390ebab0c3-IGH  *
213  C  1   55  *  *  *  *  *  014d7445-dcde-4250-ad10-b6761ddc244d-IGH  *
Clusters Ordened By clusters lenght: 
     0  1    2  3  4  5  6  7                                         8  9
148  C  1  100  *  *  *  *  *  020260f5-7e32-4001-a680-b2c0d0f04411-IGH  *
147  C  0   47  *  *  *  *  *  01fbe2ff-7113-4302-b87d-9e7cff404bf8-IGH  *
Clusters Ordened By clusters lenght: 
     0  1    2  3  4  5  6  7                                         8  9
100  C  0  100  *  *  *  *  *  01cbeb43-77c8-46b2-8cd3-397ab2785f1b-IGH  *
Clusters Ordened By clusters lenght: 
    0  1   2  3  4  5  6  7                                         8  9
56  C  0  53  *  *  *  *  *  0161a19a-37e2-4cb3-bc2c-a53b25a1a2e4-IGH  *
Clusters Ordened By clusters lenght: 
      0   1    2  3  4  5  6  7                                         8  9
1413  C  14  133  *  *  *  *  *  0095ea0d-1c82-43b5-9400-0df8458d80c3-IGK  *
1402  C   3  101  *  *  *  *  *  02ddd18f-0f00-40e9-a37b-8f6b02a86abf-IGK  *
1412  C  13  100  *  *  *  *  *  002cca12-12c0-4133-b704-f8dfbdfd7921-IGK  *
1414  C  15  100  *  *  *  *  *  00bdb885-71b6-45c0-a0d1-de69ccd897e1-IGK  *
1403  C   4  100  *  *  *  *  *  0835cf2c-fdd0-4baa-a91a-5f69597404dd-IGK  *
1415  C  16   99  *  *  *  *  *  014d7445-dcde-4250-ad10-b6761ddc244d-IGK  *
1416  C  17   99  *  *  *  *  *  01cbeb43-77c8-46b2-8cd3-397ab2785f1b-IGK  *
1400  C   1   97  *  *  *  *  *  0142c106-d932-4015-9fe6-3abc2f4aef26-IGK  *
1399  C   0   97  *  *  *  *  *  00d55b33-56f7-404a-a00e-40f1913a5f80-IGK  *
1417  C  18   84  *  *  *  *  *  027cba02-b9e3-41a6-92ae-ac306e7201df-IGK  *
1401  C   2   82  *  *  *  *  *  020005af-a6cd-4df5-b068-f228ef6b165b-IGK  *
1427  C  28   65  *  *  *  *  *  439301c9-dcce-43c8-852b-449783a93145-IGK  *
1430  C  31   60  *  *  *  *  *  50d8e4d7-d4f3-43d2-ba53-acb70107ba94-IGK  *
1424  C  25   55  *  *  *  *  *  3c8d4948-3ee5-41d3-b8a0-8afcc69ddbab-IGK  *
1404  C   5   32  *  *  *  *  *  0a16f043-b82f-4f24-9150-0ad20bd4d1cb-IGK  *
1419  C  20   29  *  *  *  *  *  04d8c98a-3b09-4a00-aa1b-714e082b2d71-IGK  *
1429  C  30    9  *  *  *  *  *  4e6765af-ca64-4bfe-8692-5a9eec8bbe6d-IGK  *
1421  C  22    9  *  *  *  *  *  13f51b2e-c995-4664-8661-ae7d0b40a8ad-IGK  *
1420  C  21    6  *  *  *  *  *  0768f799-4bb5-45aa-861d-cee20e73253a-IGK  *
1408  C   9    6  *  *  *  *  *  3e9db514-6db3-4375-aeb0-d38f89515074-IGK  *
1405  C   6    5  *  *  *  *  *  10a74329-2684-4051-b4b9-543bac514bd7-IGK  *
1428  C  29    5  *  *  *  *  *  46adf6fe-1bd9-42a4-91cc-991aaca7c072-IGK  *
Clusters Ordened By clusters lenght: 
    0  1   2  3  4  5  6  7                                         8  9
19  C  0  19  *  *  *  *  *  064478a5-b5bc-4308-aaa5-a8be0cf8e221-IGH  *
Clusters Ordened By clusters lenght: 
     0  1    2  3  4  5  6  7                                         8  9
221  C  1  100  *  *  *  *  *  04d8c98a-3b09-4a00-aa1b-714e082b2d71-IGH  *
223  C  3   69  *  *  *  *  *  088d4fed-2f28-463e-b54e-21e63ffca1b0-IGH  *
220  C  0   45  *  *  *  *  *  07867478-b516-49de-b021-6a67a3c50aba-IGH  *
222  C  2    6  *  *  *  *  *  1fdd7ef1-cffc-4946-9c40-f82ed8731229-IGH  *
Clusters Ordened By clusters lenght: 
     0   1    2  3  4  5  6  7                                         8  9
808  C   8  181  *  *  *  *  *  050ff94f-5fe9-444b-b5c3-1e285cea7c23-IGK  *
805  C   5  107  *  *  *  *  *  00d4b6f7-2a62-43f1-a742-3e05da952518-IGK  *
806  C   6  103  *  *  *  *  *  020260f5-7e32-4001-a680-b2c0d0f04411-IGK  *
800  C   0  100  *  *  *  *  *  008b193e-f0f0-4ab1-a857-485516b2b1e0-IGK  *
801  C   1   97  *  *  *  *  *  02f79b92-7819-4235-ba66-68934fedfee6-IGK  *
804  C   4   86  *  *  *  *  *  00c67d9a-1b80-4064-b0af-dfb4e999b466-IGK  *
807  C   7   85  *  *  *  *  *  0303983e-b4e4-45b5-94a7-090d91423006-IGK  *
809  C   9   10  *  *  *  *  *  060e66d9-1cce-4168-93e8-73a2e50fb84e-IGK  *
810  C  10    6  *  *  *  *  *  0ec97488-e52b-4737-a28b-c4594d50e601-IGK  *
811  C  11    6  *  *  *  *  *  1777548b-1e33-48a9-8dec-76bc56726606-IGK  *
814  C  14    5  *  *  *  *  *  5edcd7d2-7465-4603-93b0-f5cb20637926-IGK  *
Clusters Ordened By clusters lenght: 
     0  1    2  3  4  5  6  7                                         8  9
100  C  0  100  *  *  *  *  *  020005af-a6cd-4df5-b068-f228ef6b165b-IGH  *
Clusters Ordened By clusters lenght: 
     0  1    2  3  4  5  6  7                                         8  9
100  C  0  100  *  *  *  *  *  021eb014-fb04-4578-beb9-1fcad9efe71a-IGH  *
Clusters Ordened By clusters lenght: 
     0  1    2  3  4  5  6  7                                         8  9
345  C  1  100  *  *  *  *  *  01a3b611-95b4-49b4-abfc-ab9241e4bdd3-IGH  *
346  C  2  100  *  *  *  *  *  01d1321b-71d0-47c5-90d9-55d351f3c5ee-IGH  *
347  C  3  100  *  *  *  *  *  00d55b33-56f7-404a-a00e-40f1913a5f80-IGH  *
344  C  0   43  *  *  *  *  *  0083d7fe-b01c-460f-a21b-e4f9f8259736-IGH  *
Clusters Ordened By clusters lenght: 
     0  1   2  3  4  5  6  7                                         8  9
200  C  0  98  *  *  *  *  *  0161a19a-37e2-4cb3-bc2c-a53b25a1a2e4-IGK  *
203  C  3  76  *  *  *  *  *  2a4e73f1-55a2-44f5-8600-3aeb8769797b-IGK  *
201  C  1  19  *  *  *  *  *  01a3b611-95b4-49b4-abfc-ab9241e4bdd3-IGK  *
Clusters Ordened By clusters lenght: 
     0   1    2  3  4  5  6  7                                         8  9
500  C   0  100  *  *  *  *  *  0045a040-d6a9-426c-88b1-6e3b5dd72af3-IGK  *
502  C   2  100  *  *  *  *  *  016eb378-5d24-4896-bb14-fc0f358c9bee-IGK  *
511  C  11   84  *  *  *  *  *  006aab36-6311-4db7-9d74-33e0336b3136-IGK  *
504  C   4   84  *  *  *  *  *  064478a5-b5bc-4308-aaa5-a8be0cf8e221-IGK  *
505  C   5   81  *  *  *  *  *  0db8d534-816a-4b8c-815c-fa6e830ad6a9-IGK  *
501  C   1   13  *  *  *  *  *  0083d7fe-b01c-460f-a21b-e4f9f8259736-IGK  *
506  C   6   11  *  *  *  *  *  12b30277-34f6-4fa6-84e9-f08d524ceafd-IGK  *
503  C   3    5  *  *  *  *  *  05b4727d-246b-4056-bf8a-bed6852d49fd-IGK  *
Clusters Ordened By clusters lenght: 
     0  1    2  3  4  5  6  7                                         8  9
496  C  0  100  *  *  *  *  *  02ec27c5-6bf8-4f56-9bcc-59bc904eaae9-IGH  *
497  C  1  100  *  *  *  *  *  0045a040-d6a9-426c-88b1-6e3b5dd72af3-IGH  *
498  C  2  100  *  *  *  *  *  0095ea0d-1c82-43b5-9400-0df8458d80c3-IGH  *
499  C  3   99  *  *  *  *  *  02ddd18f-0f00-40e9-a37b-8f6b02a86abf-IGH  *
500  C  4   97  *  *  *  *  *  0835cf2c-fdd0-4baa-a91a-5f69597404dd-IGH  *
Clusters Ordened By clusters lenght: 
     0  1    2  3  4  5  6  7                                         8  9
300  C  0  100  *  *  *  *  *  0642fef0-8e96-41a0-8b8a-f438566ac745-IGH  *
301  C  1  100  *  *  *  *  *  02f79b92-7819-4235-ba66-68934fedfee6-IGH  *
302  C  2  100  *  *  *  *  *  00d4b6f7-2a62-43f1-a742-3e05da952518-IGH  *
Clusters Ordened By clusters lenght: 
    0  1   2  3  4  5  6  7                                         8  9
81  C  0  81  *  *  *  *  *  09a6c365-d968-49a7-8605-08c1c076640d-IGH  *
Clusters Ordened By clusters lenght: 
     0  1   2  3  4  5  6  7                                         8  9
101  C  0  89  *  *  *  *  *  02ec27c5-6bf8-4f56-9bcc-59bc904eaae9-IGK  *
104  C  3   7  *  *  *  *  *  57bb37e8-d5f7-459f-815b-432578ad3cd3-IGK  *
103  C  2   4  *  *  *  *  *  3c7db9cd-4c32-462b-a628-af933cd12437-IGK  *
Clusters Ordened By clusters lenght: 
     0  1    2  3  4  5  6  7                                         8  9
200  C  0  100  *  *  *  *  *  00c67d9a-1b80-4064-b0af-dfb4e999b466-IGH  *
201  C  1   96  *  *  *  *  *  0303983e-b4e4-45b5-94a7-090d91423006-IGH  *
Clusters Ordened By clusters lenght: 
     0  1    2  3  4  5  6  7                                         8  9
226  C  2  100  *  *  *  *  *  01a51e89-bc23-4980-accf-87f641511429-IGH  *
224  C  0   93  *  *  *  *  *  027cba02-b9e3-41a6-92ae-ac306e7201df-IGH  *
227  C  3   30  *  *  *  *  *  00bdb885-71b6-45c0-a0d1-de69ccd897e1-IGH  *
Clusters Ordened By clusters lenght: 
     0  1    2  3  4  5  6  7                                         8  9
300  C  0  100  *  *  *  *  *  0142c106-d932-4015-9fe6-3abc2f4aef26-IGH  *
301  C  1  100  *  *  *  *  *  006aab36-6311-4db7-9d74-33e0336b3136-IGH  *
302  C  2  100  *  *  *  *  *  002cca12-12c0-4133-b704-f8dfbdfd7921-IGH  *
Clusters Ordened By clusters lenght: 
     0  1    2  3  4  5  6  7                                         8  9
100  C  0  100  *  *  *  *  *  008b193e-f0f0-4ab1-a857-485516b2b1e0-IGH  *
Clusters Ordened By clusters lenght: 
     0  1    2  3  4  5  6  7                                         8  9
212  C  0  100  *  *  *  *  *  016eb378-5d24-4896-bb14-fc0f358c9bee-IGH  *
214  C  2   57  *  *  *  *  *  08954a05-f642-455f-82b0-23390ebab0c3-IGH  *
213  C  1   55  *  *  *  *  *  014d7445-dcde-4250-ad10-b6761ddc244d-IGH  *
Clusters Ordened By clusters lenght: 
     0  1    2  3  4  5  6  7                                         8  9
148  C  1  100  *  *  *  *  *  020260f5-7e32-4001-a680-b2c0d0f04411-IGH  *
147  C  0   47  *  *  *  *  *  01fbe2ff-7113-4302-b87d-9e7cff404bf8-IGH  *
Clusters Ordened By clusters lenght: 
     0  1    2  3  4  5  6  7                                         8  9
100  C  0  100  *  *  *  *  *  01cbeb43-77c8-46b2-8cd3-397ab2785f1b-IGH  *
Clusters Ordened By clusters lenght: 
    0  1   2  3  4  5  6  7                                         8  9
56  C  0  53  *  *  *  *  *  0161a19a-37e2-4cb3-bc2c-a53b25a1a2e4-IGH  *
Clusters Ordened By clusters lenght: 
      0   1    2  3  4  5  6  7                                         8  9
1413  C  14  133  *  *  *  *  *  0095ea0d-1c82-43b5-9400-0df8458d80c3-IGK  *
1402  C   3  101  *  *  *  *  *  02ddd18f-0f00-40e9-a37b-8f6b02a86abf-IGK  *
1412  C  13  100  *  *  *  *  *  002cca12-12c0-4133-b704-f8dfbdfd7921-IGK  *
1414  C  15  100  *  *  *  *  *  00bdb885-71b6-45c0-a0d1-de69ccd897e1-IGK  *
1403  C   4  100  *  *  *  *  *  0835cf2c-fdd0-4baa-a91a-5f69597404dd-IGK  *
1415  C  16   99  *  *  *  *  *  014d7445-dcde-4250-ad10-b6761ddc244d-IGK  *
1416  C  17   99  *  *  *  *  *  01cbeb43-77c8-46b2-8cd3-397ab2785f1b-IGK  *
1400  C   1   97  *  *  *  *  *  0142c106-d932-4015-9fe6-3abc2f4aef26-IGK  *
1399  C   0   97  *  *  *  *  *  00d55b33-56f7-404a-a00e-40f1913a5f80-IGK  *
1417  C  18   84  *  *  *  *  *  027cba02-b9e3-41a6-92ae-ac306e7201df-IGK  *
1401  C   2   82  *  *  *  *  *  020005af-a6cd-4df5-b068-f228ef6b165b-IGK  *
1427  C  28   65  *  *  *  *  *  439301c9-dcce-43c8-852b-449783a93145-IGK  *
1430  C  31   60  *  *  *  *  *  50d8e4d7-d4f3-43d2-ba53-acb70107ba94-IGK  *
1424  C  25   55  *  *  *  *  *  3c8d4948-3ee5-41d3-b8a0-8afcc69ddbab-IGK  *
1404  C   5   32  *  *  *  *  *  0a16f043-b82f-4f24-9150-0ad20bd4d1cb-IGK  *
1419  C  20   29  *  *  *  *  *  04d8c98a-3b09-4a00-aa1b-714e082b2d71-IGK  *
1429  C  30    9  *  *  *  *  *  4e6765af-ca64-4bfe-8692-5a9eec8bbe6d-IGK  *
1421  C  22    9  *  *  *  *  *  13f51b2e-c995-4664-8661-ae7d0b40a8ad-IGK  *
1420  C  21    6  *  *  *  *  *  0768f799-4bb5-45aa-861d-cee20e73253a-IGK  *
1408  C   9    6  *  *  *  *  *  3e9db514-6db3-4375-aeb0-d38f89515074-IGK  *
1405  C   6    5  *  *  *  *  *  10a74329-2684-4051-b4b9-543bac514bd7-IGK  *
1428  C  29    5  *  *  *  *  *  46adf6fe-1bd9-42a4-91cc-991aaca7c072-IGK  *
Clusters Ordened By clusters lenght: 
    0  1   2  3  4  5  6  7                                         8  9
19  C  0  19  *  *  *  *  *  064478a5-b5bc-4308-aaa5-a8be0cf8e221-IGH  *
Clusters Ordened By clusters lenght: 
     0  1    2  3  4  5  6  7                                         8  9
221  C  1  100  *  *  *  *  *  04d8c98a-3b09-4a00-aa1b-714e082b2d71-IGH  *
223  C  3   69  *  *  *  *  *  088d4fed-2f28-463e-b54e-21e63ffca1b0-IGH  *
220  C  0   45  *  *  *  *  *  07867478-b516-49de-b021-6a67a3c50aba-IGH  *
222  C  2    6  *  *  *  *  *  1fdd7ef1-cffc-4946-9c40-f82ed8731229-IGH  *
Clusters Ordened By clusters lenght: 
     0   1    2  3  4  5  6  7                                         8  9
808  C   8  181  *  *  *  *  *  050ff94f-5fe9-444b-b5c3-1e285cea7c23-IGK  *
805  C   5  107  *  *  *  *  *  00d4b6f7-2a62-43f1-a742-3e05da952518-IGK  *
806  C   6  103  *  *  *  *  *  020260f5-7e32-4001-a680-b2c0d0f04411-IGK  *
800  C   0  100  *  *  *  *  *  008b193e-f0f0-4ab1-a857-485516b2b1e0-IGK  *
801  C   1   97  *  *  *  *  *  02f79b92-7819-4235-ba66-68934fedfee6-IGK  *
804  C   4   86  *  *  *  *  *  00c67d9a-1b80-4064-b0af-dfb4e999b466-IGK  *
807  C   7   85  *  *  *  *  *  0303983e-b4e4-45b5-94a7-090d91423006-IGK  *
809  C   9   10  *  *  *  *  *  060e66d9-1cce-4168-93e8-73a2e50fb84e-IGK  *
810  C  10    6  *  *  *  *  *  0ec97488-e52b-4737-a28b-c4594d50e601-IGK  *
811  C  11    6  *  *  *  *  *  1777548b-1e33-48a9-8dec-76bc56726606-IGK  *
814  C  14    5  *  *  *  *  *  5edcd7d2-7465-4603-93b0-f5cb20637926-IGK  *
Clusters Ordened By clusters lenght: 
     0  1    2  3  4  5  6  7                                         8  9
100  C  0  100  *  *  *  *  *  020005af-a6cd-4df5-b068-f228ef6b165b-IGH  *
Clusters Ordened By clusters lenght: 
     0  1    2  3  4  5  6  7                                         8  9
100  C  0  100  *  *  *  *  *  021eb014-fb04-4578-beb9-1fcad9efe71a-IGH  *
Clusters Ordened By clusters lenght: 
     0  1    2  3  4  5  6  7                                         8  9
345  C  1  100  *  *  *  *  *  01a3b611-95b4-49b4-abfc-ab9241e4bdd3-IGH  *
346  C  2  100  *  *  *  *  *  01d1321b-71d0-47c5-90d9-55d351f3c5ee-IGH  *
347  C  3  100  *  *  *  *  *  00d55b33-56f7-404a-a00e-40f1913a5f80-IGH  *
344  C  0   43  *  *  *  *  *  0083d7fe-b01c-460f-a21b-e4f9f8259736-IGH  *
Clusters Ordened By clusters lenght: 
     0  1   2  3  4  5  6  7                                         8  9
200  C  0  98  *  *  *  *  *  0161a19a-37e2-4cb3-bc2c-a53b25a1a2e4-IGK  *
203  C  3  76  *  *  *  *  *  2a4e73f1-55a2-44f5-8600-3aeb8769797b-IGK  *
201  C  1  19  *  *  *  *  *  01a3b611-95b4-49b4-abfc-ab9241e4bdd3-IGK  *
Clusters Ordened By clusters lenght: 
     0   1    2  3  4  5  6  7                                         8  9
500  C   0  100  *  *  *  *  *  0045a040-d6a9-426c-88b1-6e3b5dd72af3-IGK  *
502  C   2  100  *  *  *  *  *  016eb378-5d24-4896-bb14-fc0f358c9bee-IGK  *
511  C  11   84  *  *  *  *  *  006aab36-6311-4db7-9d74-33e0336b3136-IGK  *
504  C   4   84  *  *  *  *  *  064478a5-b5bc-4308-aaa5-a8be0cf8e221-IGK  *
505  C   5   81  *  *  *  *  *  0db8d534-816a-4b8c-815c-fa6e830ad6a9-IGK  *
501  C   1   13  *  *  *  *  *  0083d7fe-b01c-460f-a21b-e4f9f8259736-IGK  *
506  C   6   11  *  *  *  *  *  12b30277-34f6-4fa6-84e9-f08d524ceafd-IGK  *
503  C   3    5  *  *  *  *  *  05b4727d-246b-4056-bf8a-bed6852d49fd-IGK  *
Clusters Ordened By clusters lenght: 
     0  1    2  3  4  5  6  7                                         8  9
496  C  0  100  *  *  *  *  *  02ec27c5-6bf8-4f56-9bcc-59bc904eaae9-IGH  *
497  C  1  100  *  *  *  *  *  0045a040-d6a9-426c-88b1-6e3b5dd72af3-IGH  *
498  C  2  100  *  *  *  *  *  0095ea0d-1c82-43b5-9400-0df8458d80c3-IGH  *
499  C  3   99  *  *  *  *  *  02ddd18f-0f00-40e9-a37b-8f6b02a86abf-IGH  *
500  C  4   97  *  *  *  *  *  0835cf2c-fdd0-4baa-a91a-5f69597404dd-IGH  *
Clusters Ordened By clusters lenght: 
     0  1    2  3  4  5  6  7                                         8  9
300  C  0  100  *  *  *  *  *  0642fef0-8e96-41a0-8b8a-f438566ac745-IGH  *
301  C  1  100  *  *  *  *  *  02f79b92-7819-4235-ba66-68934fedfee6-IGH  *
302  C  2  100  *  *  *  *  *  00d4b6f7-2a62-43f1-a742-3e05da952518-IGH  *
Clusters Ordened By clusters lenght: 
    0  1   2  3  4  5  6  7                                         8  9
81  C  0  81  *  *  *  *  *  09a6c365-d968-49a7-8605-08c1c076640d-IGH  *
Clusters Ordened By clusters lenght: 
     0  1   2  3  4  5  6  7                                         8  9
101  C  0  89  *  *  *  *  *  02ec27c5-6bf8-4f56-9bcc-59bc904eaae9-IGK  *
104  C  3   7  *  *  *  *  *  57bb37e8-d5f7-459f-815b-432578ad3cd3-IGK  *
103  C  2   4  *  *  *  *  *  3c7db9cd-4c32-462b-a628-af933cd12437-IGK  *
Clusters Ordened By clusters lenght: 
     0  1    2  3  4  5  6  7                                         8  9
200  C  0  100  *  *  *  *  *  00c67d9a-1b80-4064-b0af-dfb4e999b466-IGH  *
201  C  1   96  *  *  *  *  *  0303983e-b4e4-45b5-94a7-090d91423006-IGH  *
Clusters Ordened By clusters lenght: 
     0  1    2  3  4  5  6  7                                         8  9
226  C  2  100  *  *  *  *  *  01a51e89-bc23-4980-accf-87f641511429-IGH  *
224  C  0   93  *  *  *  *  *  027cba02-b9e3-41a6-92ae-ac306e7201df-IGH  *
227  C  3   30  *  *  *  *  *  00bdb885-71b6-45c0-a0d1-de69ccd897e1-IGH  *
Clusters Ordened By clusters lenght: 
     0  1    2  3  4  5  6  7                                         8  9
300  C  0  100  *  *  *  *  *  0142c106-d932-4015-9fe6-3abc2f4aef26-IGH  *
301  C  1  100  *  *  *  *  *  006aab36-6311-4db7-9d74-33e0336b3136-IGH  *
302  C  2  100  *  *  *  *  *  002cca12-12c0-4133-b704-f8dfbdfd7921-IGH  *
Clusters Ordened By clusters lenght: 
     0  1    2  3  4  5  6  7                                         8  9
100  C  0  100  *  *  *  *  *  008b193e-f0f0-4ab1-a857-485516b2b1e0-IGH  *
