Clusters Ordened By clusters lenght: 
     0   1   2  3  4  5  6  7                                         8  9
100  C   0  19  *  *  *  *  *  07e5323e-551a-4ccf-8f78-5365c6d88c11-IGH  *
111  C  11   8  *  *  *  *  *  2b6e87a8-f3ea-481b-82a7-5f8f6aca11ed-IGH  *
104  C   4   4  *  *  *  *  *  0d499be8-3454-4c1c-b28d-bf1e70bd2628-IGH  *
Clusters Ordened By clusters lenght: 
     0   1   2  3  4  5  6  7                                         8  9
100  C   0  10  *  *  *  *  *  0396b5e6-a1ee-4512-be33-c763f1e93d46-IGH  *
113  C  13   6  *  *  *  *  *  33c58a24-c74e-480b-b627-cea85c921cd1-IGH  *
135  C  35   6  *  *  *  *  *  7c5c2c51-a372-43b8-8d98-187f13719b6f-IGH  *
126  C  26   4  *  *  *  *  *  5b3c8b29-8782-49f3-8626-f9b7401ee71d-IGH  *
Clusters Ordened By clusters lenght: 
     0   1   2  3  4  5  6  7                                         8  9
104  C   4  20  *  *  *  *  *  0fb5eb8d-e4c2-48de-8994-8a8dc1eeda4e-IGH  *
107  C   7   4  *  *  *  *  *  17de7675-1d0e-4b09-85ad-9f4a4351719e-IGH  *
109  C   9   4  *  *  *  *  *  1a887ca1-37d7-4134-83b4-1d80d0459ae8-IGH  *
139  C  39   4  *  *  *  *  *  9fa09b99-ca4b-482b-a69e-c372e62b9157-IGH  *
Clusters Ordened By clusters lenght: 
     0   1   2  3  4  5  6  7                                         8  9
146  C  13  12  *  *  *  *  *  26a79b45-312d-40f4-8171-73092f236c3f-IGH  *
134  C   1   6  *  *  *  *  *  03da4cd7-c460-450e-9a70-a1094af713ec-IGH  *
147  C  14   5  *  *  *  *  *  2fc1448a-bf29-45af-a3fa-8ddb484953b0-IGH  *
141  C   8   4  *  *  *  *  *  19133d29-198a-412f-a467-6b578dd50e3c-IGH  *
160  C  27   4  *  *  *  *  *  695e7030-a47d-4290-a446-95932a387afa-IGH  *
Clusters Ordened By clusters lenght: 
     0   1   2  3  4  5  6  7                                         8  9
101  C   1  13  *  *  *  *  *  03095ae4-ba56-4ee6-902c-975965f0dc28-IGH  *
146  C  46   5  *  *  *  *  *  a365823a-41ec-47bd-b5d4-6e3e535ef3dd-IGH  *
102  C   2   4  *  *  *  *  *  0630854c-40a3-41af-9cbf-3052a97888b0-IGH  *
105  C   5   4  *  *  *  *  *  09de94bb-d6f8-4a12-9fe5-973b31de129b-IGH  *
Clusters Ordened By clusters lenght: 
     0   1  2  3  4  5  6  7                                         8  9
116  C  16  9  *  *  *  *  *  2a2c9089-6709-4bc5-92f5-81175c468ed5-IGH  *
102  C   2  7  *  *  *  *  *  054d58ee-b68b-48c5-ac08-4d49c39044de-IGH  *
101  C   1  6  *  *  *  *  *  04b664df-58f2-4810-981c-e691b669b2f6-IGH  *
111  C  11  6  *  *  *  *  *  19109bac-e647-4e0a-9696-658d460536fd-IGH  *
103  C   3  4  *  *  *  *  *  07ef6404-6ad5-41ed-b8ac-1bbc40977be7-IGH  *
107  C   7  4  *  *  *  *  *  0eff0240-ce4e-4828-9e7d-2b902e137dd1-IGH  *
106  C   6  4  *  *  *  *  *  0d275d0d-3c52-4dcb-b22b-ce5b855748ca-IGH  *
Clusters Ordened By clusters lenght: 
     0  1   2  3  4  5  6  7                                         8  9
100  C  0  50  *  *  *  *  *  002a60ab-fe66-441b-a471-73dbec5a10e2-IGH  *
Clusters Ordened By clusters lenght: 
     0  1   2  3  4  5  6  7                                         8  9
100  C  0  18  *  *  *  *  *  0506401d-66b5-4a40-ab19-4f9c4e5ae646-IGH  *
Clusters Ordened By clusters lenght: 
     0   1   2  3  4  5  6  7                                         8  9
101  C   1  17  *  *  *  *  *  0206dc9d-d0f2-4144-b180-7bb10f165688-IGH  *
103  C   3   7  *  *  *  *  *  0588e012-e1ee-486c-897d-773cf63893de-IGH  *
136  C  36   5  *  *  *  *  *  9ba6606f-826c-448b-b481-5db9416e0b82-IGH  *
138  C  38   4  *  *  *  *  *  a5574b07-9b7d-424e-a7be-827db02fbfb0-IGH  *
Clusters Ordened By clusters lenght: 
     0   1  2  3  4  5  6  7                                         8  9
101  C   1  8  *  *  *  *  *  0db6e5fa-120b-44d2-a5fa-c4424724106f-IGH  *
102  C   2  4  *  *  *  *  *  0f32c628-e938-436b-9390-c4780e7a689b-IGH  *
122  C  22  4  *  *  *  *  *  3bcb71e1-f200-4871-8bb8-a29a1211aa9d-IGH  *
123  C  23  4  *  *  *  *  *  45431851-024d-4fb9-9a4c-78fe3bc1df57-IGH  *
127  C  27  4  *  *  *  *  *  4ecd3b63-17e3-4c4f-adb9-4b0abaec0119-IGH  *
138  C  38  4  *  *  *  *  *  74d07645-7b9a-4261-b982-1e89bb01fc80-IGH  *
Clusters Ordened By clusters lenght: 
     0  1   2  3  4  5  6  7                                         8  9
104  C  4  10  *  *  *  *  *  14e19007-a316-44b9-bcfe-e4f9c2be04d0-IGH  *
100  C  0   8  *  *  *  *  *  06311111-4407-4a6a-b89f-e920e5b2df95-IGH  *
Clusters Ordened By clusters lenght: 
     0   1  2  3  4  5  6  7                                         8  9
119  C  19  8  *  *  *  *  *  56c8e192-a0de-46ca-9a2a-651fe91cdc0e-IGH  *
128  C  28  7  *  *  *  *  *  702fbfb4-e4bb-4c1c-97d3-39792acbd330-IGH  *
100  C   0  4  *  *  *  *  *  029b3123-35bb-4b82-9068-032e25fbcc85-IGH  *
127  C  27  4  *  *  *  *  *  701de383-4409-4bc0-9917-53080bfdb08b-IGH  *
Clusters Ordened By clusters lenght: 
     0   1   2  3  4  5  6  7                                         8  9
100  C   0  11  *  *  *  *  *  051d90ab-a46e-40d3-81aa-38e94042db7c-IGH  *
129  C  29   5  *  *  *  *  *  572d16e1-97a4-45e6-8295-9e2b78e1523b-IGH  *
109  C   9   4  *  *  *  *  *  206f2cfa-2aa7-44f6-acb1-716b665e61bc-IGH  *
115  C  15   4  *  *  *  *  *  3061d7de-f3ef-4eea-ac52-2442d32cdb37-IGH  *
133  C  33   4  *  *  *  *  *  66192735-21c5-4436-aa16-9cec7621d789-IGH  *
Clusters Ordened By clusters lenght: 
    0  1   2  3  4  5  6  7                                         8  9
51  C  2  14  *  *  *  *  *  172976a9-60b3-480b-ae29-c432c563b9ea-IGH  *
49  C  0   6  *  *  *  *  *  0616389a-b46c-408e-a395-e59b84dd82e3-IGH  *
Clusters Ordened By clusters lenght: 
     0   1   2  3  4  5  6  7                                         8  9
100  C   0  15  *  *  *  *  *  038ab51a-8ec1-4204-b7b3-bb2f34da9b26-IGH  *
106  C   6   7  *  *  *  *  *  1cbede60-380b-4246-a8c6-9ae7954d10f4-IGH  *
111  C  11   4  *  *  *  *  *  287321c7-1865-459f-bf22-8ae38ed1b753-IGH  *
114  C  14   4  *  *  *  *  *  3733479c-e72f-4ec5-8a75-02316477ecf9-IGH  *
Clusters Ordened By clusters lenght: 
     0   1   2  3  4  5  6  7                                         8  9
103  C   3  15  *  *  *  *  *  0b3e160b-71ce-438c-a353-90f92a791529-IGH  *
117  C  17   6  *  *  *  *  *  3544daaa-32e2-43d6-898f-f287cb6dbe47-IGH  *
Clusters Ordened By clusters lenght: 
     0   1   2  3  4  5  6  7                                         8  9
100  C   0  12  *  *  *  *  *  01c71e78-8735-413f-bb99-403974e9106f-IGH  *
101  C   1   6  *  *  *  *  *  04f7ce61-f795-4553-9bf1-78b414ba40ac-IGH  *
105  C   5   4  *  *  *  *  *  1672f293-7236-4b66-9baf-241a6fd80b42-IGH  *
140  C  40   4  *  *  *  *  *  909a5929-0cfe-442b-9fd0-16718aec5062-IGH  *
Clusters Ordened By clusters lenght: 
     0   1   2  3  4  5  6  7                                         8  9
101  C   1  20  *  *  *  *  *  0119f948-28ef-464e-bcf4-a79ea016c0d7-IGH  *
135  C  35   4  *  *  *  *  *  6d660204-74af-46fe-badb-1af264e54b10-IGH  *
Clusters Ordened By clusters lenght: 
     0   1  2  3  4  5  6  7                                         8  9
106  C   6  7  *  *  *  *  *  0cc5f41a-6e7b-462c-a61c-6549f64b48cb-IGH  *
126  C  26  5  *  *  *  *  *  3aac0220-ea6c-4ac0-8e83-cb3119c3db57-IGH  *
116  C  16  4  *  *  *  *  *  22318cd9-ae7f-4788-ba44-1bfd412acd38-IGH  *
154  C  54  4  *  *  *  *  *  be4cb580-946a-435d-9b10-21240cf1b9df-IGH  *
Clusters Ordened By clusters lenght: 
    0   1   2  3  4  5  6  7                                         8  9
77  C  10  11  *  *  *  *  *  374047c9-ae66-4126-830b-5ff7d35c4667-IGH  *
67  C   0  10  *  *  *  *  *  000c4562-8f29-4376-ad0b-3c994cdb2d97-IGH  *
73  C   6   5  *  *  *  *  *  0eabf9c8-d966-44a9-9b34-203cae6c5e21-IGH  *
79  C  12   4  *  *  *  *  *  43ddcacc-cb2b-44a1-a1d0-ecc1ac748d89-IGH  *
Clusters Ordened By clusters lenght: 
     0   1  2  3  4  5  6  7                                         8  9
196  C  71  8  *  *  *  *  *  193904f0-3b7c-48a7-8d06-5dce9b5e4745-IGH  *
135  C  10  5  *  *  *  *  *  2a2b7ba4-1797-4dc9-9291-27a2f1c644ce-IGH  *
125  C   0  5  *  *  *  *  *  00ad7789-2351-4e82-bc7e-c2c5187bb81b-IGH  *
148  C  23  5  *  *  *  *  *  695b4c11-67a8-416d-a40e-c14446008c45-IGH  *
133  C   8  4  *  *  *  *  *  1d80ff7e-6a7b-4ddc-9463-204c75de2279-IGH  *
142  C  17  4  *  *  *  *  *  4653cf04-4277-4561-a846-9e8c238dc68c-IGH  *
156  C  31  4  *  *  *  *  *  87aa6024-2192-4358-999f-edf782d0a680-IGH  *
Clusters Ordened By clusters lenght: 
     0  1   2  3  4  5  6  7                                         8  9
100  C  0  15  *  *  *  *  *  025e3152-4d20-401b-a766-50bfdc96a56a-IGH  *
105  C  5   6  *  *  *  *  *  126b4a95-dbe9-4962-aa21-2061949c289c-IGH  *
102  C  2   5  *  *  *  *  *  0a8fc799-cad2-4613-b3ae-e263ebf91d60-IGH  *
109  C  9   4  *  *  *  *  *  20e20ef0-8972-4d7d-9aaa-47b7c87f4e4c-IGH  *
Clusters Ordened By clusters lenght: 
     0  1   2  3  4  5  6  7                                         8  9
106  C  6  14  *  *  *  *  *  1b005b8e-aa03-4c7c-a0fa-cc7c4ef3220d-IGH  *
Clusters Ordened By clusters lenght: 
     0   1  2  3  4  5  6  7                                         8  9
157  C   6  8  *  *  *  *  *  0b1ba814-5ff8-44c7-beb1-d27d3d0cd408-IGH  *
159  C   8  7  *  *  *  *  *  0b37098c-2f38-43ad-bd6e-0beb98f9b4c9-IGH  *
221  C  70  7  *  *  *  *  *  20d3e324-d638-4939-86b9-a08b335699b7-IGH  *
152  C   1  4  *  *  *  *  *  048230cf-35c2-42c5-a73b-49b35eeea2c1-IGH  *
167  C  16  4  *  *  *  *  *  2d20b399-cef4-4380-9035-f3dd90fc8b82-IGH  *
173  C  22  4  *  *  *  *  *  368b379c-82be-423e-9545-68179de6dffa-IGH  *
181  C  30  4  *  *  *  *  *  65557ea8-3829-4f7b-acd0-66b793cc18db-IGH  *
Clusters Ordened By clusters lenght: 
     0  1   2  3  4  5  6  7                                         8  9
103  C  3  31  *  *  *  *  *  0ba2cc61-045f-452d-8e4e-c684a18a0818-IGH  *
Clusters Ordened By clusters lenght: 
     0   1  2  3  4  5  6  7                                         8  9
112  C  12  9  *  *  *  *  *  2c167b1e-c5f4-48e3-a2db-79c09d11aefa-IGH  *
107  C   7  4  *  *  *  *  *  1751503e-3ea7-4485-9314-7a20cae84079-IGH  *
Clusters Ordened By clusters lenght: 
     0   1   2  3  4  5  6  7                                         8  9
106  C   6  19  *  *  *  *  *  09593668-bacb-49f0-be0a-bdf9ef190a51-IGH  *
125  C  25   5  *  *  *  *  *  3de0329d-077f-4be0-9230-d14ee29643b3-IGH  *
102  C   2   4  *  *  *  *  *  0591d685-ffc1-4143-9641-de206c9c2930-IGH  *
136  C  36   4  *  *  *  *  *  567b2a59-2935-49a5-84f2-0d2acafa734e-IGH  *
Clusters Ordened By clusters lenght: 
     0  1   2  3  4  5  6  7                                         8  9
104  C  4  17  *  *  *  *  *  0e9c27ef-b48d-4bc6-ad85-637a09ddff78-IGH  *
101  C  1   4  *  *  *  *  *  094da620-86b4-4e96-832d-f47ca21ef83f-IGH  *
105  C  5   4  *  *  *  *  *  12d26775-8fe6-49f2-ab1a-70d40ec3e089-IGH  *
Clusters Ordened By clusters lenght: 
     0  1  2  3  4  5  6  7                                         8  9
102  C  2  7  *  *  *  *  *  0b3fed87-740c-46e1-8a12-be7ce1263b87-IGH  *
Clusters Ordened By clusters lenght: 
     0   1   2  3  4  5  6  7                                         8  9
76   C   1  13  *  *  *  *  *  082f7511-6e91-4b70-9afc-bd92fcd05076-IGH  *
77   C   2   5  *  *  *  *  *  09d33bf4-c41c-48da-8987-150e27d6a5c3-IGH  *
78   C   3   4  *  *  *  *  *  0a7edb8d-0277-43cb-9160-f1e1075e4da6-IGH  *
105  C  30   4  *  *  *  *  *  b1286fc7-760c-4ee7-aa2b-fb011def8544-IGH  *
Clusters Ordened By clusters lenght: 
     0   1   2  3  4  5  6  7                                         8  9
100  C   0  19  *  *  *  *  *  07e5323e-551a-4ccf-8f78-5365c6d88c11-IGH  *
111  C  11   8  *  *  *  *  *  2b6e87a8-f3ea-481b-82a7-5f8f6aca11ed-IGH  *
104  C   4   4  *  *  *  *  *  0d499be8-3454-4c1c-b28d-bf1e70bd2628-IGH  *
Clusters Ordened By clusters lenght: 
     0   1   2  3  4  5  6  7                                         8  9
100  C   0  10  *  *  *  *  *  0396b5e6-a1ee-4512-be33-c763f1e93d46-IGH  *
113  C  13   6  *  *  *  *  *  33c58a24-c74e-480b-b627-cea85c921cd1-IGH  *
135  C  35   6  *  *  *  *  *  7c5c2c51-a372-43b8-8d98-187f13719b6f-IGH  *
126  C  26   4  *  *  *  *  *  5b3c8b29-8782-49f3-8626-f9b7401ee71d-IGH  *
Clusters Ordened By clusters lenght: 
     0   1   2  3  4  5  6  7                                         8  9
104  C   4  20  *  *  *  *  *  0fb5eb8d-e4c2-48de-8994-8a8dc1eeda4e-IGH  *
107  C   7   4  *  *  *  *  *  17de7675-1d0e-4b09-85ad-9f4a4351719e-IGH  *
109  C   9   4  *  *  *  *  *  1a887ca1-37d7-4134-83b4-1d80d0459ae8-IGH  *
139  C  39   4  *  *  *  *  *  9fa09b99-ca4b-482b-a69e-c372e62b9157-IGH  *
Clusters Ordened By clusters lenght: 
     0   1   2  3  4  5  6  7                                         8  9
146  C  13  12  *  *  *  *  *  26a79b45-312d-40f4-8171-73092f236c3f-IGH  *
134  C   1   6  *  *  *  *  *  03da4cd7-c460-450e-9a70-a1094af713ec-IGH  *
147  C  14   5  *  *  *  *  *  2fc1448a-bf29-45af-a3fa-8ddb484953b0-IGH  *
141  C   8   4  *  *  *  *  *  19133d29-198a-412f-a467-6b578dd50e3c-IGH  *
160  C  27   4  *  *  *  *  *  695e7030-a47d-4290-a446-95932a387afa-IGH  *
Clusters Ordened By clusters lenght: 
     0   1   2  3  4  5  6  7                                         8  9
101  C   1  13  *  *  *  *  *  03095ae4-ba56-4ee6-902c-975965f0dc28-IGH  *
146  C  46   5  *  *  *  *  *  a365823a-41ec-47bd-b5d4-6e3e535ef3dd-IGH  *
102  C   2   4  *  *  *  *  *  0630854c-40a3-41af-9cbf-3052a97888b0-IGH  *
105  C   5   4  *  *  *  *  *  09de94bb-d6f8-4a12-9fe5-973b31de129b-IGH  *
Clusters Ordened By clusters lenght: 
     0   1  2  3  4  5  6  7                                         8  9
116  C  16  9  *  *  *  *  *  2a2c9089-6709-4bc5-92f5-81175c468ed5-IGH  *
102  C   2  7  *  *  *  *  *  054d58ee-b68b-48c5-ac08-4d49c39044de-IGH  *
101  C   1  6  *  *  *  *  *  04b664df-58f2-4810-981c-e691b669b2f6-IGH  *
111  C  11  6  *  *  *  *  *  19109bac-e647-4e0a-9696-658d460536fd-IGH  *
103  C   3  4  *  *  *  *  *  07ef6404-6ad5-41ed-b8ac-1bbc40977be7-IGH  *
107  C   7  4  *  *  *  *  *  0eff0240-ce4e-4828-9e7d-2b902e137dd1-IGH  *
106  C   6  4  *  *  *  *  *  0d275d0d-3c52-4dcb-b22b-ce5b855748ca-IGH  *
Clusters Ordened By clusters lenght: 
     0  1   2  3  4  5  6  7                                         8  9
100  C  0  50  *  *  *  *  *  002a60ab-fe66-441b-a471-73dbec5a10e2-IGH  *
Clusters Ordened By clusters lenght: 
     0  1   2  3  4  5  6  7                                         8  9
100  C  0  18  *  *  *  *  *  0506401d-66b5-4a40-ab19-4f9c4e5ae646-IGH  *
Clusters Ordened By clusters lenght: 
     0   1   2  3  4  5  6  7                                         8  9
101  C   1  17  *  *  *  *  *  0206dc9d-d0f2-4144-b180-7bb10f165688-IGH  *
103  C   3   7  *  *  *  *  *  0588e012-e1ee-486c-897d-773cf63893de-IGH  *
136  C  36   5  *  *  *  *  *  9ba6606f-826c-448b-b481-5db9416e0b82-IGH  *
138  C  38   4  *  *  *  *  *  a5574b07-9b7d-424e-a7be-827db02fbfb0-IGH  *
Clusters Ordened By clusters lenght: 
     0   1  2  3  4  5  6  7                                         8  9
101  C   1  8  *  *  *  *  *  0db6e5fa-120b-44d2-a5fa-c4424724106f-IGH  *
102  C   2  4  *  *  *  *  *  0f32c628-e938-436b-9390-c4780e7a689b-IGH  *
122  C  22  4  *  *  *  *  *  3bcb71e1-f200-4871-8bb8-a29a1211aa9d-IGH  *
123  C  23  4  *  *  *  *  *  45431851-024d-4fb9-9a4c-78fe3bc1df57-IGH  *
127  C  27  4  *  *  *  *  *  4ecd3b63-17e3-4c4f-adb9-4b0abaec0119-IGH  *
138  C  38  4  *  *  *  *  *  74d07645-7b9a-4261-b982-1e89bb01fc80-IGH  *
Clusters Ordened By clusters lenght: 
     0  1   2  3  4  5  6  7                                         8  9
104  C  4  10  *  *  *  *  *  14e19007-a316-44b9-bcfe-e4f9c2be04d0-IGH  *
100  C  0   8  *  *  *  *  *  06311111-4407-4a6a-b89f-e920e5b2df95-IGH  *
Clusters Ordened By clusters lenght: 
     0   1  2  3  4  5  6  7                                         8  9
119  C  19  8  *  *  *  *  *  56c8e192-a0de-46ca-9a2a-651fe91cdc0e-IGH  *
128  C  28  7  *  *  *  *  *  702fbfb4-e4bb-4c1c-97d3-39792acbd330-IGH  *
100  C   0  4  *  *  *  *  *  029b3123-35bb-4b82-9068-032e25fbcc85-IGH  *
127  C  27  4  *  *  *  *  *  701de383-4409-4bc0-9917-53080bfdb08b-IGH  *
Clusters Ordened By clusters lenght: 
     0   1   2  3  4  5  6  7                                         8  9
100  C   0  11  *  *  *  *  *  051d90ab-a46e-40d3-81aa-38e94042db7c-IGH  *
129  C  29   5  *  *  *  *  *  572d16e1-97a4-45e6-8295-9e2b78e1523b-IGH  *
109  C   9   4  *  *  *  *  *  206f2cfa-2aa7-44f6-acb1-716b665e61bc-IGH  *
115  C  15   4  *  *  *  *  *  3061d7de-f3ef-4eea-ac52-2442d32cdb37-IGH  *
133  C  33   4  *  *  *  *  *  66192735-21c5-4436-aa16-9cec7621d789-IGH  *
Clusters Ordened By clusters lenght: 
    0  1   2  3  4  5  6  7                                         8  9
51  C  2  14  *  *  *  *  *  172976a9-60b3-480b-ae29-c432c563b9ea-IGH  *
49  C  0   6  *  *  *  *  *  0616389a-b46c-408e-a395-e59b84dd82e3-IGH  *
Clusters Ordened By clusters lenght: 
     0   1   2  3  4  5  6  7                                         8  9
100  C   0  15  *  *  *  *  *  038ab51a-8ec1-4204-b7b3-bb2f34da9b26-IGH  *
106  C   6   7  *  *  *  *  *  1cbede60-380b-4246-a8c6-9ae7954d10f4-IGH  *
111  C  11   4  *  *  *  *  *  287321c7-1865-459f-bf22-8ae38ed1b753-IGH  *
114  C  14   4  *  *  *  *  *  3733479c-e72f-4ec5-8a75-02316477ecf9-IGH  *
Clusters Ordened By clusters lenght: 
     0   1   2  3  4  5  6  7                                         8  9
103  C   3  15  *  *  *  *  *  0b3e160b-71ce-438c-a353-90f92a791529-IGH  *
117  C  17   6  *  *  *  *  *  3544daaa-32e2-43d6-898f-f287cb6dbe47-IGH  *
Clusters Ordened By clusters lenght: 
     0   1   2  3  4  5  6  7                                         8  9
100  C   0  12  *  *  *  *  *  01c71e78-8735-413f-bb99-403974e9106f-IGH  *
101  C   1   6  *  *  *  *  *  04f7ce61-f795-4553-9bf1-78b414ba40ac-IGH  *
105  C   5   4  *  *  *  *  *  1672f293-7236-4b66-9baf-241a6fd80b42-IGH  *
140  C  40   4  *  *  *  *  *  909a5929-0cfe-442b-9fd0-16718aec5062-IGH  *
Clusters Ordened By clusters lenght: 
     0   1   2  3  4  5  6  7                                         8  9
101  C   1  20  *  *  *  *  *  0119f948-28ef-464e-bcf4-a79ea016c0d7-IGH  *
135  C  35   4  *  *  *  *  *  6d660204-74af-46fe-badb-1af264e54b10-IGH  *
Clusters Ordened By clusters lenght: 
     0   1  2  3  4  5  6  7                                         8  9
106  C   6  7  *  *  *  *  *  0cc5f41a-6e7b-462c-a61c-6549f64b48cb-IGH  *
126  C  26  5  *  *  *  *  *  3aac0220-ea6c-4ac0-8e83-cb3119c3db57-IGH  *
116  C  16  4  *  *  *  *  *  22318cd9-ae7f-4788-ba44-1bfd412acd38-IGH  *
154  C  54  4  *  *  *  *  *  be4cb580-946a-435d-9b10-21240cf1b9df-IGH  *
Clusters Ordened By clusters lenght: 
    0   1   2  3  4  5  6  7                                         8  9
77  C  10  11  *  *  *  *  *  374047c9-ae66-4126-830b-5ff7d35c4667-IGH  *
67  C   0  10  *  *  *  *  *  000c4562-8f29-4376-ad0b-3c994cdb2d97-IGH  *
73  C   6   5  *  *  *  *  *  0eabf9c8-d966-44a9-9b34-203cae6c5e21-IGH  *
79  C  12   4  *  *  *  *  *  43ddcacc-cb2b-44a1-a1d0-ecc1ac748d89-IGH  *
Clusters Ordened By clusters lenght: 
     0   1  2  3  4  5  6  7                                         8  9
196  C  71  8  *  *  *  *  *  193904f0-3b7c-48a7-8d06-5dce9b5e4745-IGH  *
135  C  10  5  *  *  *  *  *  2a2b7ba4-1797-4dc9-9291-27a2f1c644ce-IGH  *
125  C   0  5  *  *  *  *  *  00ad7789-2351-4e82-bc7e-c2c5187bb81b-IGH  *
148  C  23  5  *  *  *  *  *  695b4c11-67a8-416d-a40e-c14446008c45-IGH  *
133  C   8  4  *  *  *  *  *  1d80ff7e-6a7b-4ddc-9463-204c75de2279-IGH  *
142  C  17  4  *  *  *  *  *  4653cf04-4277-4561-a846-9e8c238dc68c-IGH  *
156  C  31  4  *  *  *  *  *  87aa6024-2192-4358-999f-edf782d0a680-IGH  *
Clusters Ordened By clusters lenght: 
     0  1   2  3  4  5  6  7                                         8  9
100  C  0  15  *  *  *  *  *  025e3152-4d20-401b-a766-50bfdc96a56a-IGH  *
105  C  5   6  *  *  *  *  *  126b4a95-dbe9-4962-aa21-2061949c289c-IGH  *
102  C  2   5  *  *  *  *  *  0a8fc799-cad2-4613-b3ae-e263ebf91d60-IGH  *
109  C  9   4  *  *  *  *  *  20e20ef0-8972-4d7d-9aaa-47b7c87f4e4c-IGH  *
Clusters Ordened By clusters lenght: 
     0  1   2  3  4  5  6  7                                         8  9
106  C  6  14  *  *  *  *  *  1b005b8e-aa03-4c7c-a0fa-cc7c4ef3220d-IGH  *
Clusters Ordened By clusters lenght: 
     0   1  2  3  4  5  6  7                                         8  9
157  C   6  8  *  *  *  *  *  0b1ba814-5ff8-44c7-beb1-d27d3d0cd408-IGH  *
159  C   8  7  *  *  *  *  *  0b37098c-2f38-43ad-bd6e-0beb98f9b4c9-IGH  *
221  C  70  7  *  *  *  *  *  20d3e324-d638-4939-86b9-a08b335699b7-IGH  *
152  C   1  4  *  *  *  *  *  048230cf-35c2-42c5-a73b-49b35eeea2c1-IGH  *
167  C  16  4  *  *  *  *  *  2d20b399-cef4-4380-9035-f3dd90fc8b82-IGH  *
173  C  22  4  *  *  *  *  *  368b379c-82be-423e-9545-68179de6dffa-IGH  *
181  C  30  4  *  *  *  *  *  65557ea8-3829-4f7b-acd0-66b793cc18db-IGH  *
Clusters Ordened By clusters lenght: 
     0  1   2  3  4  5  6  7                                         8  9
103  C  3  31  *  *  *  *  *  0ba2cc61-045f-452d-8e4e-c684a18a0818-IGH  *
Clusters Ordened By clusters lenght: 
     0   1  2  3  4  5  6  7                                         8  9
112  C  12  9  *  *  *  *  *  2c167b1e-c5f4-48e3-a2db-79c09d11aefa-IGH  *
107  C   7  4  *  *  *  *  *  1751503e-3ea7-4485-9314-7a20cae84079-IGH  *
Clusters Ordened By clusters lenght: 
     0   1   2  3  4  5  6  7                                         8  9
106  C   6  19  *  *  *  *  *  09593668-bacb-49f0-be0a-bdf9ef190a51-IGH  *
125  C  25   5  *  *  *  *  *  3de0329d-077f-4be0-9230-d14ee29643b3-IGH  *
102  C   2   4  *  *  *  *  *  0591d685-ffc1-4143-9641-de206c9c2930-IGH  *
136  C  36   4  *  *  *  *  *  567b2a59-2935-49a5-84f2-0d2acafa734e-IGH  *
Clusters Ordened By clusters lenght: 
     0  1   2  3  4  5  6  7                                         8  9
104  C  4  17  *  *  *  *  *  0e9c27ef-b48d-4bc6-ad85-637a09ddff78-IGH  *
101  C  1   4  *  *  *  *  *  094da620-86b4-4e96-832d-f47ca21ef83f-IGH  *
105  C  5   4  *  *  *  *  *  12d26775-8fe6-49f2-ab1a-70d40ec3e089-IGH  *
Clusters Ordened By clusters lenght: 
     0  1  2  3  4  5  6  7                                         8  9
102  C  2  7  *  *  *  *  *  0b3fed87-740c-46e1-8a12-be7ce1263b87-IGH  *
Clusters Ordened By clusters lenght: 
     0   1   2  3  4  5  6  7                                         8  9
76   C   1  13  *  *  *  *  *  082f7511-6e91-4b70-9afc-bd92fcd05076-IGH  *
77   C   2   5  *  *  *  *  *  09d33bf4-c41c-48da-8987-150e27d6a5c3-IGH  *
78   C   3   4  *  *  *  *  *  0a7edb8d-0277-43cb-9160-f1e1075e4da6-IGH  *
105  C  30   4  *  *  *  *  *  b1286fc7-760c-4ee7-aa2b-fb011def8544-IGH  *
