vsearch v2.30.0_linux_x86_64, 94.1GB RAM, 24 cores
https://github.com/torognes/vsearch

Reading file results/clustering/cdr/vh_illu_error01/cdr3_clusters/01a68c5e-68a2-4c48-b1ee-d47aecfb3a92-IGH.fasta 100%
26743 nt in 399 seqs, min 57, max 76, avg 67
Masking 100%
Sorting by length 100%
Counting k-mers 100%
Clustering 100%
Sorting clusters 100%
Writing clusters 100%
Clusters: 4 Size min 99, max 100, avg 99.8
Singletons: 0, 0.0% of seqs, 0.0% of clusters
Multiple alignments 100%
vsearch v2.30.0_linux_x86_64, 94.1GB RAM, 24 cores
https://github.com/torognes/vsearch

Reading file results/clustering/cdr/vh_illu_error01/cdr3_clusters/00960c4a-9e1f-4829-9efe-73bb85b8afd3-IGH.fasta 100%
8160 nt in 199 seqs, min 40, max 42, avg 41
Masking 100%
Sorting by length 100%
Counting k-mers 100%
Clustering 100%
Sorting clusters 100%
Writing clusters 100%
Clusters: 2 Size min 99, max 100, avg 99.5
Singletons: 0, 0.0% of seqs, 0.0% of clusters
Multiple alignments 100%
vsearch v2.30.0_linux_x86_64, 94.1GB RAM, 24 cores
https://github.com/torognes/vsearch

Reading file results/clustering/cdr/vh_illu_error01/cdr3_clusters/06f82926-b73f-4b8b-857f-3b9651d61b70-IGH.fasta 100%
9862 nt in 247 seqs, min 36, max 42, avg 40
Masking 100%
Sorting by length 100%
Counting k-mers 100%
Clustering 100%
Sorting clusters 100%
Writing clusters 100%
Clusters: 4 Size min 1, max 100, avg 61.8
Singletons: 1, 0.4% of seqs, 25.0% of clusters
Multiple alignments 100%
vsearch v2.30.0_linux_x86_64, 94.1GB RAM, 24 cores
https://github.com/torognes/vsearch

Reading file results/clustering/cdr/vh_illu_error01/cdr3_clusters/00ec03ad-56bd-441a-b6fb-f7b9fea899f8-IGH.fasta 100%
12000 nt in 200 seqs, min 53, max 67, avg 60
Masking 100%
Sorting by length 100%
Counting k-mers 100%
Clustering 100%
Sorting clusters 100%
Writing clusters 100%
Clusters: 2 Size min 100, max 100, avg 100.0
Singletons: 0, 0.0% of seqs, 0.0% of clusters
Multiple alignments 100%
vsearch v2.30.0_linux_x86_64, 94.1GB RAM, 24 cores
https://github.com/torognes/vsearch

Reading file results/clustering/cdr/vh_illu_error01/cdr3_clusters/034e7706-66ce-432d-be28-7e3b49a02755-IGH.fasta 100%
3800 nt in 100 seqs, min 38, max 38, avg 38
Masking 100%
Sorting by length 100%
Counting k-mers 100%
Clustering 100%
Sorting clusters 100%
Writing clusters 100%
Clusters: 1 Size min 100, max 100, avg 100.0
Singletons: 0, 0.0% of seqs, 0.0% of clusters
Multiple alignments 100%
vsearch v2.30.0_linux_x86_64, 94.1GB RAM, 24 cores
https://github.com/torognes/vsearch

Reading file results/clustering/cdr/vh_illu_error01/cdr3_clusters/05b83c9d-e552-44a2-948d-3870f5edc5e9-IGH.fasta 100%
7395 nt in 154 seqs, min 36, max 57, avg 48
Masking 100%
Sorting by length 100%
Counting k-mers 100%
Clustering 100%
Sorting clusters 100%
Writing clusters 100%
Clusters: 4 Size min 1, max 100, avg 38.5
Singletons: 1, 0.6% of seqs, 25.0% of clusters
Multiple alignments 100%
vsearch v2.30.0_linux_x86_64, 94.1GB RAM, 24 cores
https://github.com/torognes/vsearch

Reading file results/clustering/cdr/vh_illu_error01/cdr3_clusters/01dc1b0e-91dc-4e0f-8988-4b4c78dd593c-IGH.fasta 100%
5600 nt in 100 seqs, min 56, max 56, avg 56
Masking 100%
Sorting by length 100%
Counting k-mers 100%
Clustering 100%
Sorting clusters 100%
Writing clusters 100%
Clusters: 1 Size min 100, max 100, avg 100.0
Singletons: 0, 0.0% of seqs, 0.0% of clusters
Multiple alignments 100%
vsearch v2.30.0_linux_x86_64, 94.1GB RAM, 24 cores
https://github.com/torognes/vsearch

Reading file results/clustering/cdr/vh_illu_error01/cdr3_clusters/04204ff2-124e-47cf-9e69-2e42c9b631d2-IGH.fasta 100%
24340 nt in 401 seqs, min 40, max 74, avg 61
Masking 100%
Sorting by length 100%
Counting k-mers 100%
Clustering 100%
Sorting clusters 100%
Writing clusters 100%
Clusters: 5 Size min 1, max 100, avg 80.2
Singletons: 1, 0.2% of seqs, 20.0% of clusters
Multiple alignments 100%
vsearch v2.30.0_linux_x86_64, 94.1GB RAM, 24 cores
https://github.com/torognes/vsearch

Reading file results/clustering/cdr/vh_illu_error01/cdr3_clusters/03033e4e-bef9-445c-a509-df4cc596b8e6-IGH.fasta 100%
5700 nt in 100 seqs, min 57, max 57, avg 57
Masking 100%
Sorting by length 100%
Counting k-mers 100%
Clustering 100%
Sorting clusters 100%
Writing clusters 100%
Clusters: 1 Size min 100, max 100, avg 100.0
Singletons: 0, 0.0% of seqs, 0.0% of clusters
Multiple alignments 100%
vsearch v2.30.0_linux_x86_64, 94.1GB RAM, 24 cores
https://github.com/torognes/vsearch

Reading file results/clustering/cdr/vh_illu_error01/cdr3_clusters/017fbcc9-6d62-4675-a355-a2f28d43c2fc-IGH.fasta 100%
36500 nt in 700 seqs, min 45, max 74, avg 52
Masking 100%
Sorting by length 100%
Counting k-mers 100%
Clustering 100%
Sorting clusters 100%
Writing clusters 100%
Clusters: 8 Size min 32, max 100, avg 87.5
Singletons: 0, 0.0% of seqs, 0.0% of clusters
Multiple alignments 100%
vsearch v2.30.0_linux_x86_64, 94.1GB RAM, 24 cores
https://github.com/torognes/vsearch

Reading file results/clustering/cdr/vh_illu_error01/cdr3_clusters/02df7498-539f-4235-9af1-0379403c98f3-IGH.fasta 100%
13300 nt in 300 seqs, min 34, max 50, avg 44
Masking 100%
Sorting by length 100%
Counting k-mers 100%
Clustering 100%
Sorting clusters 100%
Writing clusters 100%
Clusters: 10 Size min 1, max 100, avg 30.0
Singletons: 3, 1.0% of seqs, 30.0% of clusters
Multiple alignments 100%
vsearch v2.30.0_linux_x86_64, 94.1GB RAM, 24 cores
https://github.com/torognes/vsearch

Reading file results/clustering/cdr/vh_illu_error01/cdr3_clusters/071df10a-1d34-4447-aa6b-656d62682707-IGH.fasta 100%
4200 nt in 100 seqs, min 42, max 42, avg 42
Masking 100%
Sorting by length 100%
Counting k-mers 100%
Clustering 100%
Sorting clusters 100%
Writing clusters 100%
Clusters: 2 Size min 12, max 88, avg 50.0
Singletons: 0, 0.0% of seqs, 0.0% of clusters
Multiple alignments 100%
