vsearch v2.30.0_linux_x86_64, 94.1GB RAM, 24 cores
https://github.com/torognes/vsearch

Reading file results/igcicle/pellet_VH_R3/VH_seqs.fasta 100%
24070035 nt in 83483 seqs, min 99, max 476, avg 288
Masking 100%
Sorting by length 100%
Counting k-mers 100%
Clustering 100%
Sorting clusters 100%
Writing clusters 100%
Clusters: 3688 Size min 1, max 20563, avg 22.6
Singletons: 1651, 2.0% of seqs, 44.8% of clusters
Multiple alignments 100%
vsearch v2.30.0_linux_x86_64, 94.1GB RAM, 24 cores
https://github.com/torognes/vsearch

Reading file results/igcicle/pellet_VH_R3/VL_seqs.fasta 100%
227075 nt in 1772 seqs, min 100, max 209, avg 128
Masking 100%
Sorting by length 100%
Counting k-mers 100%
Clustering 100%
Sorting clusters 100%
Writing clusters 100%
Clusters: 31 Size min 1, max 1611, avg 57.2
Singletons: 16, 0.9% of seqs, 51.6% of clusters
Multiple alignments 100%
