vsearch v2.30.0_linux_x86_64, 94.1GB RAM, 24 cores
https://github.com/torognes/vsearch

Reading file results/igcicle/comp_VH_R3/VH_seqs.fasta 100%
23194338 nt in 80409 seqs, min 99, max 489, avg 288
Masking 100%
Sorting by length 100%
Counting k-mers 100%
Clustering 100%
Sorting clusters 100%
Writing clusters 100%
Clusters: 2818 Size min 1, max 9845, avg 28.5
Singletons: 1374, 1.7% of seqs, 48.8% of clusters
Multiple alignments 100%
vsearch v2.30.0_linux_x86_64, 94.1GB RAM, 24 cores
https://github.com/torognes/vsearch

Reading file results/igcicle/comp_VH_R3/VL_seqs.fasta 100%
201174 nt in 1554 seqs, min 118, max 209, avg 129
Masking 100%
Sorting by length 100%
Counting k-mers 100%
Clustering 100%
Sorting clusters 100%
Writing clusters 100%
Clusters: 43 Size min 1, max 826, avg 36.1
Singletons: 20, 1.3% of seqs, 46.5% of clusters
Multiple alignments 100%
