vsearch v2.30.0_linux_x86_64, 94.1GB RAM, 24 cores
https://github.com/torognes/vsearch

Reading file results/igcicle/comp_VL_R3/VH_seqs.fasta 100%
8830 nt in 70 seqs, min 99, max 208, avg 126
Masking 100%
Sorting by length 100%
Counting k-mers 100%
Clustering 100%
Sorting clusters 100%
Writing clusters 100%
Clusters: 34 Size min 1, max 9, avg 2.1
Singletons: 23, 32.9% of seqs, 67.6% of clusters
Multiple alignments 100%
vsearch v2.30.0_linux_x86_64, 94.1GB RAM, 24 cores
https://github.com/torognes/vsearch

Reading file results/igcicle/comp_VL_R3/VL_seqs.fasta 100%
24265418 nt in 68085 seqs, min 99, max 464, avg 356
Masking 100%
Sorting by length 100%
Counting k-mers 100%
Clustering 100%
Sorting clusters 100%
Writing clusters 100%
Clusters: 568 Size min 1, max 7240, avg 119.9
Singletons: 214, 0.3% of seqs, 37.7% of clusters
Multiple alignments 100%
