Clusters Ordened By clusters lenght: 
     0   1   2  3  4  5  6  7                                         8  9
98   C   0  11  *  *  *  *  *  0364ff95-b6f4-4575-9a8e-c00b9965f1e9-IGK  *
112  C  14  10  *  *  *  *  *  4e67debe-2090-4ba0-8e5d-b413df29df77-IGK  *
101  C   3   8  *  *  *  *  *  1255065e-0ba2-4d17-a999-8f71443c01dd-IGK  *
106  C   8   4  *  *  *  *  *  23d3c0d0-6b11-4a2d-8e73-77e9126dd272-IGK  *
136  C  38   4  *  *  *  *  *  b59324a0-8b6b-4df4-8abf-7b1fe2ecd0c5-IGK  *
Clusters Ordened By clusters lenght: 
     0   1   2  3  4  5  6  7                                         8  9
176  C   0  20  *  *  *  *  *  00fa08f0-b725-4ebb-8561-74549dbea0e3-IGK  *
183  C   7  12  *  *  *  *  *  0890deba-b7f7-4a8d-b9bd-0ea1d9b631b0-IGK  *
190  C  14   7  *  *  *  *  *  14026945-0050-4249-aab2-d4157508c503-IGK  *
197  C  21   6  *  *  *  *  *  2655fd86-bded-42c8-b073-a62048e2fff2-IGK  *
193  C  17   5  *  *  *  *  *  1c8aa6f7-1351-4283-b64d-874ef1dcba93-IGK  *
Clusters Ordened By clusters lenght: 
     0  1   2  3  4  5  6  7                                         8  9
103  C  2  33  *  *  *  *  *  070dfb16-f623-4943-bd2e-0363ae0fbf74-IGK  *
Clusters Ordened By clusters lenght: 
     0   1   2  3  4  5  6  7                                         8  9
105  C   5  18  *  *  *  *  *  0ca4424e-f5cc-438f-a5bb-eac79a66e10c-IGK  *
107  C   7  10  *  *  *  *  *  0e4736cc-499a-4646-adb2-ce4933e49ab5-IGK  *
110  C  10   4  *  *  *  *  *  26721749-6eea-4e39-adf4-bd7c35ad1016-IGK  *
Clusters Ordened By clusters lenght: 
     0   1   2  3  4  5  6  7                                         8  9
98   C   1  27  *  *  *  *  *  081ac581-7b8c-4de5-86d6-7ceaeb8f0048-IGK  *
107  C  10   5  *  *  *  *  *  285781c0-56c0-4b96-84c1-d2f6e692252b-IGK  *
119  C  22   4  *  *  *  *  *  558207b4-933b-4b87-a998-f76de14c84d0-IGK  *
Clusters Ordened By clusters lenght: 
     0   1   2  3  4  5  6  7                                         8  9
116  C  16  12  *  *  *  *  *  2972a443-6a25-48f1-8c28-9f742e504149-IGK  *
108  C   8   9  *  *  *  *  *  105e7298-f2f5-446a-bff2-0af0eeab7e3b-IGK  *
111  C  11   4  *  *  *  *  *  17800fcf-ece0-4d42-90c7-c56837bc8901-IGK  *
Clusters Ordened By clusters lenght: 
     0   1  2  3  4  5  6  7                                         8  9
247  C  49  9  *  *  *  *  *  513d5135-ec02-4c44-a088-b549e617e2b3-IGK  *
199  C   1  6  *  *  *  *  *  009cb5b7-8a54-41ec-92be-91d6581d4a18-IGK  *
296  C  98  5  *  *  *  *  *  a04d2e9e-f863-43df-92e3-86b31c9d7165-IGK  *
251  C  53  4  *  *  *  *  *  555f50c5-be26-4b62-8e91-26a68f9f1577-IGK  *
209  C  11  4  *  *  *  *  *  10a8f13a-a094-4562-a30a-72940c91f303-IGK  *
258  C  60  4  *  *  *  *  *  5a529977-12dd-43a3-873c-01369823ecc3-IGK  *
260  C  62  4  *  *  *  *  *  5ce5323e-83b5-41fa-afb7-28f731cbf432-IGK  *
265  C  67  4  *  *  *  *  *  686d246a-d06c-4911-82ae-75497f39a4b6-IGK  *
277  C  79  4  *  *  *  *  *  798ad34e-8701-49c5-9162-08572ea6e362-IGK  *
Clusters Ordened By clusters lenght: 
     0   1   2  3  4  5  6  7                                         8  9
200  C   0  18  *  *  *  *  *  022096ce-334a-4bb3-aac9-2d76862f3fb7-IGK  *
226  C  26   8  *  *  *  *  *  332a9d0e-9db9-4454-96f7-01e83013cb6d-IGK  *
231  C  31   6  *  *  *  *  *  3e4b5c61-7387-4985-b77a-5c2ab2708ad4-IGK  *
268  C  68   6  *  *  *  *  *  6d7a610c-25f6-4e96-bca8-0b2757a078ab-IGK  *
223  C  23   4  *  *  *  *  *  2e517321-d950-43fa-9aba-43f1a17066e0-IGK  *
222  C  22   4  *  *  *  *  *  2e15be15-f117-4582-97be-d54894eed8f9-IGK  *
217  C  17   4  *  *  *  *  *  241577ea-8257-4887-ab62-47497687085a-IGK  *
240  C  40   4  *  *  *  *  *  47a2d61c-8fab-4a8c-8c3e-abd9cda5333e-IGK  *
Clusters Ordened By clusters lenght: 
     0   1   2  3  4  5  6  7                                         8  9
107  C   8  12  *  *  *  *  *  27f10d39-190e-452d-aa31-108bda5ed353-IGK  *
102  C   3  10  *  *  *  *  *  0cec7fd0-fe58-4fda-bc8c-e7b5bb6e0797-IGK  *
112  C  13   4  *  *  *  *  *  464dae42-9625-41e9-a6ad-a13e7a2b419e-IGK  *
116  C  17   4  *  *  *  *  *  4eb2d43e-36ea-4abb-b26b-3d25779567fe-IGK  *
Clusters Ordened By clusters lenght: 
    0   1  2  3  4  5  6  7                                         8  9
72  C   8  6  *  *  *  *  *  420b393b-ae3d-4191-baa8-deff168a1eb2-IGK  *
70  C   6  5  *  *  *  *  *  0f804a75-7584-45e1-b1dd-c2a63f13ce07-IGK  *
95  C  31  5  *  *  *  *  *  c8f707f3-ab31-4687-a9fc-8172c7cac02f-IGK  *
89  C  25  4  *  *  *  *  *  a833fa28-cf9c-4437-8d92-872fbe52e7ed-IGK  *
Clusters Ordened By clusters lenght: 
     0   1   2  3  4  5  6  7                                         8  9
100  C   3  10  *  *  *  *  *  156ec28d-ba43-434e-bfb5-91ff5fdbc311-IGK  *
109  C  12   6  *  *  *  *  *  38166eb3-a475-4540-8931-22880f3beacc-IGK  *
111  C  14   4  *  *  *  *  *  3c97815d-e52c-4799-978b-c5419797b25e-IGK  *
Clusters Ordened By clusters lenght: 
     0   1  2  3  4  5  6  7                                         8  9
180  C  58  5  *  *  *  *  *  9ea8d1e8-323b-49b8-94ef-7b69eec0d673-IGK  *
123  C   1  4  *  *  *  *  *  09232361-0b28-4b4d-a735-70f914531fe0-IGK  *
136  C  14  4  *  *  *  *  *  2b8274cd-18ec-4259-ab96-8e27e889f69a-IGK  *
160  C  38  4  *  *  *  *  *  6da54d32-1509-4c9f-890d-4a190242753d-IGK  *
Clusters Ordened By clusters lenght: 
     0  1   2  3  4  5  6  7                                         8  9
100  C  1  24  *  *  *  *  *  04be3d7f-c7fe-4aa6-aae1-2c845bb51b23-IGK  *
Clusters Ordened By clusters lenght: 
     0   1   2  3  4  5  6  7                                         8  9
200  C   1  19  *  *  *  *  *  0013585e-d5e1-440c-963f-a85559ad1630-IGK  *
243  C  44  11  *  *  *  *  *  3b70a901-d0d1-4a1f-9ac3-6ccf7f1cde8f-IGK  *
211  C  12   9  *  *  *  *  *  0786ddb9-454a-4ad5-9003-ce5a0047e95a-IGK  *
221  C  22   4  *  *  *  *  *  177c371f-c7e4-42da-9644-c9d6a2747a04-IGK  *
226  C  27   4  *  *  *  *  *  1f82e12a-290c-4167-85bd-775d433153d2-IGK  *
Clusters Ordened By clusters lenght: 
     0   1  2  3  4  5  6  7                                         8  9
103  C   7  8  *  *  *  *  *  08e13cbf-6110-4d25-ab0d-34f30c8970f8-IGK  *
102  C   6  6  *  *  *  *  *  06a56c1b-6822-4fad-83df-888842d6477c-IGK  *
99   C   3  4  *  *  *  *  *  02fcb188-af71-4b0a-adca-027402d1f9ef-IGK  *
104  C   8  4  *  *  *  *  *  09a36c50-0d43-4d19-ab64-f09f6d2ce555-IGK  *
118  C  22  4  *  *  *  *  *  4732a699-a587-43f1-bb7a-e4803fcce94c-IGK  *
Clusters Ordened By clusters lenght: 
     0   1   2  3  4  5  6  7                                         8  9
154  C  22  12  *  *  *  *  *  271e49fc-977b-4fd2-a1c2-d10ddabfd20b-IGK  *
178  C  46   7  *  *  *  *  *  6a19d53a-90c6-43b7-aca0-d52850fcd118-IGK  *
132  C   0   4  *  *  *  *  *  30ca5cda-ff7a-4e55-aa66-1107ab744b1d-IGK  *
Clusters Ordened By clusters lenght: 
     0   1   2  3  4  5  6  7                                         8  9
107  C   0  13  *  *  *  *  *  02a2d913-c080-4128-b86d-e0518347a15d-IGK  *
120  C  13   7  *  *  *  *  *  1f92d65f-d79c-4526-b2cb-d996d419069f-IGK  *
171  C  64   5  *  *  *  *  *  1fd6856c-a8da-4fad-a086-229990b3092b-IGK  *
Clusters Ordened By clusters lenght: 
     0   1   2  3  4  5  6  7                                         8  9
102  C   4  16  *  *  *  *  *  15dd5fc4-8afb-4cdb-a40e-e90e748c931f-IGK  *
100  C   2   4  *  *  *  *  *  0e572bcd-fed4-484c-ab03-a2a638b99fe8-IGK  *
115  C  17   4  *  *  *  *  *  3b971fe7-43b1-40dd-a360-eec8bdcef7a9-IGK  *
Clusters Ordened By clusters lenght: 
     0   1  2  3  4  5  6  7                                         8  9
109  C   9  9  *  *  *  *  *  16a27ac8-49f7-4678-abee-f17df6ccc591-IGK  *
122  C  22  4  *  *  *  *  *  3fa5989e-812f-4117-9b1f-1e190054f58c-IGK  *
125  C  25  4  *  *  *  *  *  4d76e33e-cbe1-4ed9-af44-c7508d67f03c-IGK  *
Clusters Ordened By clusters lenght: 
     0   1   2  3  4  5  6  7                                         8  9
259  C  12  14  *  *  *  *  *  0b6793a1-7e63-4867-9e17-56207e6cdca5-IGK  *
265  C  18  10  *  *  *  *  *  15c52ace-d9f9-4981-a78e-110b00f786a0-IGK  *
268  C  21   7  *  *  *  *  *  1844f603-b3d5-4838-b9b3-b9f2241d03e2-IGK  *
252  C   5   6  *  *  *  *  *  05b3ec99-beb5-4df2-b5d8-ff2c4665fbda-IGK  *
297  C  50   5  *  *  *  *  *  3fb2f46f-6bf3-4206-b538-e34ebdfc2ca7-IGK  *
291  C  44   5  *  *  *  *  *  3bed71df-4ae5-461a-a9c8-5d2e7e1672f0-IGK  *
255  C   8   4  *  *  *  *  *  07e34bb6-0a43-4562-a0f6-f5fa564df2b8-IGK  *
279  C  32   4  *  *  *  *  *  2597a97e-72e0-40f8-9f79-41ccd4f9213d-IGK  *
272  C  25   4  *  *  *  *  *  1c70da34-170f-411a-bf77-a863ae5a479d-IGK  *
Clusters Ordened By clusters lenght: 
     0  1   2  3  4  5  6  7                                         8  9
124  C  5  18  *  *  *  *  *  04dcfd5f-fc11-48b3-8e75-07a7f38b1750-IGK  *
128  C  9   7  *  *  *  *  *  124a92d3-1500-4524-b445-ab034cfea9e2-IGK  *
Clusters Ordened By clusters lenght: 
     0   1  2  3  4  5  6  7                                         8  9
103  C   3  5  *  *  *  *  *  039d4161-a6c1-43f5-98e6-e945f85a798e-IGK  *
132  C  32  5  *  *  *  *  *  51f85e5b-debd-40d9-b083-881ddb703623-IGK  *
104  C   4  4  *  *  *  *  *  061f2eb7-9644-4bec-bfbc-a603dbba628a-IGK  *
113  C  13  4  *  *  *  *  *  1b97982c-4291-4d88-968d-9b674df86e4d-IGK  *
114  C  14  4  *  *  *  *  *  20c71ae0-2f77-4765-b770-d9ee0f77dbbf-IGK  *
Clusters Ordened By clusters lenght: 
     0   1  2  3  4  5  6  7                                         8  9
121  C   0  7  *  *  *  *  *  01175410-1fd0-4be4-add1-5676f36caaa7-IGK  *
167  C  46  6  *  *  *  *  *  a80ba721-cfbd-4b21-ad3b-b579cc55a5f1-IGK  *
123  C   2  4  *  *  *  *  *  067eb9ca-f78c-4044-b571-71bce8ff0c6b-IGK  *
199  C  78  4  *  *  *  *  *  2b0b8020-b8c8-4dbe-add4-22ba0374f0bb-IGK  *
Clusters Ordened By clusters lenght: 
     0  1   2  3  4  5  6  7                                         8  9
104  C  3  32  *  *  *  *  *  0b2f9147-5697-467b-b3a8-82716e391d33-IGK  *
Clusters Ordened By clusters lenght: 
     0   1   2  3  4  5  6  7                                         8  9
98   C   0  11  *  *  *  *  *  0364ff95-b6f4-4575-9a8e-c00b9965f1e9-IGK  *
112  C  14  10  *  *  *  *  *  4e67debe-2090-4ba0-8e5d-b413df29df77-IGK  *
101  C   3   8  *  *  *  *  *  1255065e-0ba2-4d17-a999-8f71443c01dd-IGK  *
106  C   8   4  *  *  *  *  *  23d3c0d0-6b11-4a2d-8e73-77e9126dd272-IGK  *
136  C  38   4  *  *  *  *  *  b59324a0-8b6b-4df4-8abf-7b1fe2ecd0c5-IGK  *
Clusters Ordened By clusters lenght: 
     0   1   2  3  4  5  6  7                                         8  9
176  C   0  20  *  *  *  *  *  00fa08f0-b725-4ebb-8561-74549dbea0e3-IGK  *
183  C   7  12  *  *  *  *  *  0890deba-b7f7-4a8d-b9bd-0ea1d9b631b0-IGK  *
190  C  14   7  *  *  *  *  *  14026945-0050-4249-aab2-d4157508c503-IGK  *
197  C  21   6  *  *  *  *  *  2655fd86-bded-42c8-b073-a62048e2fff2-IGK  *
193  C  17   5  *  *  *  *  *  1c8aa6f7-1351-4283-b64d-874ef1dcba93-IGK  *
Clusters Ordened By clusters lenght: 
     0  1   2  3  4  5  6  7                                         8  9
103  C  2  33  *  *  *  *  *  070dfb16-f623-4943-bd2e-0363ae0fbf74-IGK  *
Clusters Ordened By clusters lenght: 
     0   1   2  3  4  5  6  7                                         8  9
105  C   5  18  *  *  *  *  *  0ca4424e-f5cc-438f-a5bb-eac79a66e10c-IGK  *
107  C   7  10  *  *  *  *  *  0e4736cc-499a-4646-adb2-ce4933e49ab5-IGK  *
110  C  10   4  *  *  *  *  *  26721749-6eea-4e39-adf4-bd7c35ad1016-IGK  *
Clusters Ordened By clusters lenght: 
     0   1   2  3  4  5  6  7                                         8  9
98   C   1  27  *  *  *  *  *  081ac581-7b8c-4de5-86d6-7ceaeb8f0048-IGK  *
107  C  10   5  *  *  *  *  *  285781c0-56c0-4b96-84c1-d2f6e692252b-IGK  *
119  C  22   4  *  *  *  *  *  558207b4-933b-4b87-a998-f76de14c84d0-IGK  *
Clusters Ordened By clusters lenght: 
     0   1   2  3  4  5  6  7                                         8  9
116  C  16  12  *  *  *  *  *  2972a443-6a25-48f1-8c28-9f742e504149-IGK  *
108  C   8   9  *  *  *  *  *  105e7298-f2f5-446a-bff2-0af0eeab7e3b-IGK  *
111  C  11   4  *  *  *  *  *  17800fcf-ece0-4d42-90c7-c56837bc8901-IGK  *
Clusters Ordened By clusters lenght: 
     0   1  2  3  4  5  6  7                                         8  9
247  C  49  9  *  *  *  *  *  513d5135-ec02-4c44-a088-b549e617e2b3-IGK  *
199  C   1  6  *  *  *  *  *  009cb5b7-8a54-41ec-92be-91d6581d4a18-IGK  *
296  C  98  5  *  *  *  *  *  a04d2e9e-f863-43df-92e3-86b31c9d7165-IGK  *
251  C  53  4  *  *  *  *  *  555f50c5-be26-4b62-8e91-26a68f9f1577-IGK  *
209  C  11  4  *  *  *  *  *  10a8f13a-a094-4562-a30a-72940c91f303-IGK  *
258  C  60  4  *  *  *  *  *  5a529977-12dd-43a3-873c-01369823ecc3-IGK  *
260  C  62  4  *  *  *  *  *  5ce5323e-83b5-41fa-afb7-28f731cbf432-IGK  *
265  C  67  4  *  *  *  *  *  686d246a-d06c-4911-82ae-75497f39a4b6-IGK  *
277  C  79  4  *  *  *  *  *  798ad34e-8701-49c5-9162-08572ea6e362-IGK  *
Clusters Ordened By clusters lenght: 
     0   1   2  3  4  5  6  7                                         8  9
200  C   0  18  *  *  *  *  *  022096ce-334a-4bb3-aac9-2d76862f3fb7-IGK  *
226  C  26   8  *  *  *  *  *  332a9d0e-9db9-4454-96f7-01e83013cb6d-IGK  *
231  C  31   6  *  *  *  *  *  3e4b5c61-7387-4985-b77a-5c2ab2708ad4-IGK  *
268  C  68   6  *  *  *  *  *  6d7a610c-25f6-4e96-bca8-0b2757a078ab-IGK  *
223  C  23   4  *  *  *  *  *  2e517321-d950-43fa-9aba-43f1a17066e0-IGK  *
222  C  22   4  *  *  *  *  *  2e15be15-f117-4582-97be-d54894eed8f9-IGK  *
217  C  17   4  *  *  *  *  *  241577ea-8257-4887-ab62-47497687085a-IGK  *
240  C  40   4  *  *  *  *  *  47a2d61c-8fab-4a8c-8c3e-abd9cda5333e-IGK  *
Clusters Ordened By clusters lenght: 
     0   1   2  3  4  5  6  7                                         8  9
107  C   8  12  *  *  *  *  *  27f10d39-190e-452d-aa31-108bda5ed353-IGK  *
102  C   3  10  *  *  *  *  *  0cec7fd0-fe58-4fda-bc8c-e7b5bb6e0797-IGK  *
112  C  13   4  *  *  *  *  *  464dae42-9625-41e9-a6ad-a13e7a2b419e-IGK  *
116  C  17   4  *  *  *  *  *  4eb2d43e-36ea-4abb-b26b-3d25779567fe-IGK  *
Clusters Ordened By clusters lenght: 
    0   1  2  3  4  5  6  7                                         8  9
72  C   8  6  *  *  *  *  *  420b393b-ae3d-4191-baa8-deff168a1eb2-IGK  *
70  C   6  5  *  *  *  *  *  0f804a75-7584-45e1-b1dd-c2a63f13ce07-IGK  *
95  C  31  5  *  *  *  *  *  c8f707f3-ab31-4687-a9fc-8172c7cac02f-IGK  *
89  C  25  4  *  *  *  *  *  a833fa28-cf9c-4437-8d92-872fbe52e7ed-IGK  *
Clusters Ordened By clusters lenght: 
     0   1   2  3  4  5  6  7                                         8  9
100  C   3  10  *  *  *  *  *  156ec28d-ba43-434e-bfb5-91ff5fdbc311-IGK  *
109  C  12   6  *  *  *  *  *  38166eb3-a475-4540-8931-22880f3beacc-IGK  *
111  C  14   4  *  *  *  *  *  3c97815d-e52c-4799-978b-c5419797b25e-IGK  *
Clusters Ordened By clusters lenght: 
     0   1  2  3  4  5  6  7                                         8  9
180  C  58  5  *  *  *  *  *  9ea8d1e8-323b-49b8-94ef-7b69eec0d673-IGK  *
123  C   1  4  *  *  *  *  *  09232361-0b28-4b4d-a735-70f914531fe0-IGK  *
136  C  14  4  *  *  *  *  *  2b8274cd-18ec-4259-ab96-8e27e889f69a-IGK  *
160  C  38  4  *  *  *  *  *  6da54d32-1509-4c9f-890d-4a190242753d-IGK  *
Clusters Ordened By clusters lenght: 
     0  1   2  3  4  5  6  7                                         8  9
100  C  1  24  *  *  *  *  *  04be3d7f-c7fe-4aa6-aae1-2c845bb51b23-IGK  *
Clusters Ordened By clusters lenght: 
     0   1   2  3  4  5  6  7                                         8  9
200  C   1  19  *  *  *  *  *  0013585e-d5e1-440c-963f-a85559ad1630-IGK  *
243  C  44  11  *  *  *  *  *  3b70a901-d0d1-4a1f-9ac3-6ccf7f1cde8f-IGK  *
211  C  12   9  *  *  *  *  *  0786ddb9-454a-4ad5-9003-ce5a0047e95a-IGK  *
221  C  22   4  *  *  *  *  *  177c371f-c7e4-42da-9644-c9d6a2747a04-IGK  *
226  C  27   4  *  *  *  *  *  1f82e12a-290c-4167-85bd-775d433153d2-IGK  *
Clusters Ordened By clusters lenght: 
     0   1  2  3  4  5  6  7                                         8  9
103  C   7  8  *  *  *  *  *  08e13cbf-6110-4d25-ab0d-34f30c8970f8-IGK  *
102  C   6  6  *  *  *  *  *  06a56c1b-6822-4fad-83df-888842d6477c-IGK  *
99   C   3  4  *  *  *  *  *  02fcb188-af71-4b0a-adca-027402d1f9ef-IGK  *
104  C   8  4  *  *  *  *  *  09a36c50-0d43-4d19-ab64-f09f6d2ce555-IGK  *
118  C  22  4  *  *  *  *  *  4732a699-a587-43f1-bb7a-e4803fcce94c-IGK  *
Clusters Ordened By clusters lenght: 
     0   1   2  3  4  5  6  7                                         8  9
154  C  22  12  *  *  *  *  *  271e49fc-977b-4fd2-a1c2-d10ddabfd20b-IGK  *
178  C  46   7  *  *  *  *  *  6a19d53a-90c6-43b7-aca0-d52850fcd118-IGK  *
132  C   0   4  *  *  *  *  *  30ca5cda-ff7a-4e55-aa66-1107ab744b1d-IGK  *
Clusters Ordened By clusters lenght: 
     0   1   2  3  4  5  6  7                                         8  9
107  C   0  13  *  *  *  *  *  02a2d913-c080-4128-b86d-e0518347a15d-IGK  *
120  C  13   7  *  *  *  *  *  1f92d65f-d79c-4526-b2cb-d996d419069f-IGK  *
171  C  64   5  *  *  *  *  *  1fd6856c-a8da-4fad-a086-229990b3092b-IGK  *
Clusters Ordened By clusters lenght: 
     0   1   2  3  4  5  6  7                                         8  9
102  C   4  16  *  *  *  *  *  15dd5fc4-8afb-4cdb-a40e-e90e748c931f-IGK  *
100  C   2   4  *  *  *  *  *  0e572bcd-fed4-484c-ab03-a2a638b99fe8-IGK  *
115  C  17   4  *  *  *  *  *  3b971fe7-43b1-40dd-a360-eec8bdcef7a9-IGK  *
Clusters Ordened By clusters lenght: 
     0   1  2  3  4  5  6  7                                         8  9
109  C   9  9  *  *  *  *  *  16a27ac8-49f7-4678-abee-f17df6ccc591-IGK  *
122  C  22  4  *  *  *  *  *  3fa5989e-812f-4117-9b1f-1e190054f58c-IGK  *
125  C  25  4  *  *  *  *  *  4d76e33e-cbe1-4ed9-af44-c7508d67f03c-IGK  *
Clusters Ordened By clusters lenght: 
     0   1   2  3  4  5  6  7                                         8  9
259  C  12  14  *  *  *  *  *  0b6793a1-7e63-4867-9e17-56207e6cdca5-IGK  *
265  C  18  10  *  *  *  *  *  15c52ace-d9f9-4981-a78e-110b00f786a0-IGK  *
268  C  21   7  *  *  *  *  *  1844f603-b3d5-4838-b9b3-b9f2241d03e2-IGK  *
252  C   5   6  *  *  *  *  *  05b3ec99-beb5-4df2-b5d8-ff2c4665fbda-IGK  *
297  C  50   5  *  *  *  *  *  3fb2f46f-6bf3-4206-b538-e34ebdfc2ca7-IGK  *
291  C  44   5  *  *  *  *  *  3bed71df-4ae5-461a-a9c8-5d2e7e1672f0-IGK  *
255  C   8   4  *  *  *  *  *  07e34bb6-0a43-4562-a0f6-f5fa564df2b8-IGK  *
279  C  32   4  *  *  *  *  *  2597a97e-72e0-40f8-9f79-41ccd4f9213d-IGK  *
272  C  25   4  *  *  *  *  *  1c70da34-170f-411a-bf77-a863ae5a479d-IGK  *
Clusters Ordened By clusters lenght: 
     0  1   2  3  4  5  6  7                                         8  9
124  C  5  18  *  *  *  *  *  04dcfd5f-fc11-48b3-8e75-07a7f38b1750-IGK  *
128  C  9   7  *  *  *  *  *  124a92d3-1500-4524-b445-ab034cfea9e2-IGK  *
Clusters Ordened By clusters lenght: 
     0   1  2  3  4  5  6  7                                         8  9
103  C   3  5  *  *  *  *  *  039d4161-a6c1-43f5-98e6-e945f85a798e-IGK  *
132  C  32  5  *  *  *  *  *  51f85e5b-debd-40d9-b083-881ddb703623-IGK  *
104  C   4  4  *  *  *  *  *  061f2eb7-9644-4bec-bfbc-a603dbba628a-IGK  *
113  C  13  4  *  *  *  *  *  1b97982c-4291-4d88-968d-9b674df86e4d-IGK  *
114  C  14  4  *  *  *  *  *  20c71ae0-2f77-4765-b770-d9ee0f77dbbf-IGK  *
Clusters Ordened By clusters lenght: 
     0   1  2  3  4  5  6  7                                         8  9
121  C   0  7  *  *  *  *  *  01175410-1fd0-4be4-add1-5676f36caaa7-IGK  *
167  C  46  6  *  *  *  *  *  a80ba721-cfbd-4b21-ad3b-b579cc55a5f1-IGK  *
123  C   2  4  *  *  *  *  *  067eb9ca-f78c-4044-b571-71bce8ff0c6b-IGK  *
199  C  78  4  *  *  *  *  *  2b0b8020-b8c8-4dbe-add4-22ba0374f0bb-IGK  *
Clusters Ordened By clusters lenght: 
     0  1   2  3  4  5  6  7                                         8  9
104  C  3  32  *  *  *  *  *  0b2f9147-5697-467b-b3a8-82716e391d33-IGK  *
