Clusters Ordened By clusters lenght: 
     0  1    2  3  4  5  6  7                                         8  9
804  C  4  199  *  *  *  *  *  00cff5b6-139a-4e99-add1-e9ca2b2c6bb8-IGK  *
805  C  5  123  *  *  *  *  *  022546c3-edde-4c30-a3ce-9f2585f841fd-IGK  *
800  C  0  100  *  *  *  *  *  00bdd8e0-b81b-41f2-8183-2182ec8358fa-IGK  *
807  C  7   98  *  *  *  *  *  061daff8-51ce-4177-bb23-5d81ea974544-IGK  *
801  C  1   97  *  *  *  *  *  016706bf-27d7-4e1d-8748-046bbf088ba9-IGK  *
806  C  6   97  *  *  *  *  *  02bc67e3-4582-4da0-a5f1-868b9ddd0e84-IGK  *
809  C  9   70  *  *  *  *  *  3683e782-4154-40fc-87da-0fb76f48dd0c-IGK  *
808  C  8    6  *  *  *  *  *  11fc9ee0-54e1-4884-8223-3df88486c219-IGK  *
Clusters Ordened By clusters lenght: 
      0   1    2  3  4  5  6  7                                         8  9
1519  C  19  112  *  *  *  *  *  00ecb345-abae-4de0-88b7-f67ce7c9ca8a-IGK  *
1500  C   0  105  *  *  *  *  *  0025b61a-5390-46f2-b706-ecd610003f39-IGK  *
1503  C   3  100  *  *  *  *  *  086817c6-47c1-48a9-be49-83cba3c16319-IGK  *
1526  C  26  100  *  *  *  *  *  0ccd1f88-405e-46f3-84d2-2dd82d6b3d84-IGK  *
1520  C  20  100  *  *  *  *  *  0204744d-7f9a-4395-9cc5-e6f6fb12d6a2-IGK  *
1518  C  18  100  *  *  *  *  *  00379185-25d2-45c3-a8de-eedec2e3ca27-IGK  *
1524  C  24   99  *  *  *  *  *  05c6263d-e632-48b7-af5b-bfb411ebabfd-IGK  *
1517  C  17   99  *  *  *  *  *  002f7c4e-9451-4406-9e7e-23067b69f501-IGK  *
1522  C  22   88  *  *  *  *  *  0326eef6-eb8c-4865-a153-4a30c862c8fb-IGK  *
1502  C   2   83  *  *  *  *  *  04317e66-dba9-47c1-b33f-829eb6cfd446-IGK  *
1529  C  29   78  *  *  *  *  *  1c59d1c9-084d-4be3-b810-ef8db5caf662-IGK  *
1528  C  28   76  *  *  *  *  *  16fc31da-66d0-4082-aa87-dd4947e54693-IGK  *
1532  C  32   69  *  *  *  *  *  2fc2aef5-cab0-4af3-8eaf-8b0afe0763f1-IGK  *
1508  C   8   69  *  *  *  *  *  2510bcfa-2a57-4f59-81c2-2b9b42378685-IGK  *
1514  C  14   47  *  *  *  *  *  85b4bc44-e7ab-4903-9114-e363492b5b54-IGK  *
1504  C   4   45  *  *  *  *  *  086c4c1c-a9c7-4f29-8ac1-09e26cdd9133-IGK  *
1501  C   1   21  *  *  *  *  *  0306efa9-17c8-462a-a7f4-4457ebe8690c-IGK  *
1523  C  23   17  *  *  *  *  *  040f8c7e-ee3f-45f7-b58e-0095e28454a3-IGK  *
1521  C  21   13  *  *  *  *  *  0278942f-0551-4d88-9638-259c7546e124-IGK  *
1525  C  25   11  *  *  *  *  *  095fb74f-d2e7-4383-a8f7-fc2d0ef5f6cd-IGK  *
1527  C  27    8  *  *  *  *  *  16f2a988-5e94-41cb-86fc-8a849311e3d6-IGK  *
1506  C   6    7  *  *  *  *  *  12a0c79e-983a-486c-95d4-977d8f6bfa71-IGK  *
1537  C  37    6  *  *  *  *  *  4d5de8dd-4364-4366-9f34-e0a6d2e78008-IGK  *
1509  C   9    5  *  *  *  *  *  395e555b-b085-459e-8c4a-3793faae9006-IGK  *
1511  C  11    4  *  *  *  *  *  4c47d372-e3c5-4d11-a634-5bac119a2c53-IGK  *
1512  C  12    4  *  *  *  *  *  50f31786-0b58-4ef3-8dfa-a1c6385f5ef6-IGK  *
1543  C  43    4  *  *  *  *  *  c9e69a78-6ee9-4f4e-80f9-38c08f015e58-IGK  *
Clusters Ordened By clusters lenght: 
     0   1    2  3  4  5  6  7                                         8  9
503  C   3  100  *  *  *  *  *  069936e6-36dd-4526-8de6-27c4f6458dad-IGK  *
500  C   0   99  *  *  *  *  *  01598725-7a40-4d47-ad6b-0634cdb43e6b-IGK  *
504  C   4   96  *  *  *  *  *  089c4b6f-1690-4d6d-9938-2fb9b98f2390-IGK  *
501  C   1   84  *  *  *  *  *  0522e1dd-bfca-4aca-89e8-0edfc847ced1-IGK  *
512  C  12   84  *  *  *  *  *  03d6452d-8c69-4f79-a7f0-e0d1c2489c41-IGK  *
506  C   6    8  *  *  *  *  *  26eb8d06-5dc0-4446-b3d9-9abaf2f2daa5-IGK  *
505  C   5    7  *  *  *  *  *  1e9f738e-b059-4340-bb2b-0f563595358b-IGK  *
Clusters Ordened By clusters lenght: 
     0  1   2  3  4  5  6  7                                         8  9
200  C  0  99  *  *  *  *  *  0082b05b-1da8-4c45-9804-ff6ea33e64e7-IGK  *
201  C  1  97  *  *  *  *  *  00c48852-dd80-451b-9ce5-b153147bb6b6-IGK  *
Clusters Ordened By clusters lenght: 
     0  1    2  3  4  5  6  7                                         8  9
804  C  4  199  *  *  *  *  *  00cff5b6-139a-4e99-add1-e9ca2b2c6bb8-IGK  *
805  C  5  123  *  *  *  *  *  022546c3-edde-4c30-a3ce-9f2585f841fd-IGK  *
800  C  0  100  *  *  *  *  *  00bdd8e0-b81b-41f2-8183-2182ec8358fa-IGK  *
807  C  7   98  *  *  *  *  *  061daff8-51ce-4177-bb23-5d81ea974544-IGK  *
801  C  1   97  *  *  *  *  *  016706bf-27d7-4e1d-8748-046bbf088ba9-IGK  *
806  C  6   97  *  *  *  *  *  02bc67e3-4582-4da0-a5f1-868b9ddd0e84-IGK  *
809  C  9   70  *  *  *  *  *  3683e782-4154-40fc-87da-0fb76f48dd0c-IGK  *
808  C  8    6  *  *  *  *  *  11fc9ee0-54e1-4884-8223-3df88486c219-IGK  *
Clusters Ordened By clusters lenght: 
      0   1    2  3  4  5  6  7                                         8  9
1519  C  19  112  *  *  *  *  *  00ecb345-abae-4de0-88b7-f67ce7c9ca8a-IGK  *
1500  C   0  105  *  *  *  *  *  0025b61a-5390-46f2-b706-ecd610003f39-IGK  *
1503  C   3  100  *  *  *  *  *  086817c6-47c1-48a9-be49-83cba3c16319-IGK  *
1526  C  26  100  *  *  *  *  *  0ccd1f88-405e-46f3-84d2-2dd82d6b3d84-IGK  *
1520  C  20  100  *  *  *  *  *  0204744d-7f9a-4395-9cc5-e6f6fb12d6a2-IGK  *
1518  C  18  100  *  *  *  *  *  00379185-25d2-45c3-a8de-eedec2e3ca27-IGK  *
1524  C  24   99  *  *  *  *  *  05c6263d-e632-48b7-af5b-bfb411ebabfd-IGK  *
1517  C  17   99  *  *  *  *  *  002f7c4e-9451-4406-9e7e-23067b69f501-IGK  *
1522  C  22   88  *  *  *  *  *  0326eef6-eb8c-4865-a153-4a30c862c8fb-IGK  *
1502  C   2   83  *  *  *  *  *  04317e66-dba9-47c1-b33f-829eb6cfd446-IGK  *
1529  C  29   78  *  *  *  *  *  1c59d1c9-084d-4be3-b810-ef8db5caf662-IGK  *
1528  C  28   76  *  *  *  *  *  16fc31da-66d0-4082-aa87-dd4947e54693-IGK  *
1532  C  32   69  *  *  *  *  *  2fc2aef5-cab0-4af3-8eaf-8b0afe0763f1-IGK  *
1508  C   8   69  *  *  *  *  *  2510bcfa-2a57-4f59-81c2-2b9b42378685-IGK  *
1514  C  14   47  *  *  *  *  *  85b4bc44-e7ab-4903-9114-e363492b5b54-IGK  *
1504  C   4   45  *  *  *  *  *  086c4c1c-a9c7-4f29-8ac1-09e26cdd9133-IGK  *
1501  C   1   21  *  *  *  *  *  0306efa9-17c8-462a-a7f4-4457ebe8690c-IGK  *
1523  C  23   17  *  *  *  *  *  040f8c7e-ee3f-45f7-b58e-0095e28454a3-IGK  *
1521  C  21   13  *  *  *  *  *  0278942f-0551-4d88-9638-259c7546e124-IGK  *
1525  C  25   11  *  *  *  *  *  095fb74f-d2e7-4383-a8f7-fc2d0ef5f6cd-IGK  *
1527  C  27    8  *  *  *  *  *  16f2a988-5e94-41cb-86fc-8a849311e3d6-IGK  *
1506  C   6    7  *  *  *  *  *  12a0c79e-983a-486c-95d4-977d8f6bfa71-IGK  *
1537  C  37    6  *  *  *  *  *  4d5de8dd-4364-4366-9f34-e0a6d2e78008-IGK  *
1509  C   9    5  *  *  *  *  *  395e555b-b085-459e-8c4a-3793faae9006-IGK  *
1511  C  11    4  *  *  *  *  *  4c47d372-e3c5-4d11-a634-5bac119a2c53-IGK  *
1512  C  12    4  *  *  *  *  *  50f31786-0b58-4ef3-8dfa-a1c6385f5ef6-IGK  *
1543  C  43    4  *  *  *  *  *  c9e69a78-6ee9-4f4e-80f9-38c08f015e58-IGK  *
Clusters Ordened By clusters lenght: 
     0   1    2  3  4  5  6  7                                         8  9
503  C   3  100  *  *  *  *  *  069936e6-36dd-4526-8de6-27c4f6458dad-IGK  *
500  C   0   99  *  *  *  *  *  01598725-7a40-4d47-ad6b-0634cdb43e6b-IGK  *
504  C   4   96  *  *  *  *  *  089c4b6f-1690-4d6d-9938-2fb9b98f2390-IGK  *
501  C   1   84  *  *  *  *  *  0522e1dd-bfca-4aca-89e8-0edfc847ced1-IGK  *
512  C  12   84  *  *  *  *  *  03d6452d-8c69-4f79-a7f0-e0d1c2489c41-IGK  *
506  C   6    8  *  *  *  *  *  26eb8d06-5dc0-4446-b3d9-9abaf2f2daa5-IGK  *
505  C   5    7  *  *  *  *  *  1e9f738e-b059-4340-bb2b-0f563595358b-IGK  *
Clusters Ordened By clusters lenght: 
     0  1   2  3  4  5  6  7                                         8  9
200  C  0  99  *  *  *  *  *  0082b05b-1da8-4c45-9804-ff6ea33e64e7-IGK  *
201  C  1  97  *  *  *  *  *  00c48852-dd80-451b-9ce5-b153147bb6b6-IGK  *
