vsearch v2.30.0_linux_x86_64, 94.1GB RAM, 24 cores
https://github.com/torognes/vsearch

Reading file results/igcicle/Amostra1_illu_VH/VH_seqs.fasta 100%
33085297 nt in 87973 seqs, min 99, max 443, avg 376
Masking 100%
Sorting by length 100%
Counting k-mers 100%
Clustering 100%
Sorting clusters 100%
Writing clusters 100%
Clusters: 1075 Size min 1, max 5931, avg 81.8
Singletons: 381, 0.4% of seqs, 35.4% of clusters
Multiple alignments 100%
vsearch v2.30.0_linux_x86_64, 94.1GB RAM, 24 cores
https://github.com/torognes/vsearch

Reading file results/igcicle/Amostra1_illu_VH/VL_seqs.fasta 100%
108750 nt in 673 seqs, min 99, max 360, avg 162
Masking 100%
Sorting by length 100%
Counting k-mers 100%
Clustering 100%
Sorting clusters 100%
Writing clusters 100%
Clusters: 127 Size min 1, max 145, avg 5.3
Singletons: 65, 9.7% of seqs, 51.2% of clusters
Multiple alignments 100%
