vsearch v2.30.0_linux_x86_64, 94.1GB RAM, 24 cores
https://github.com/torognes/vsearch

Reading file results/igcicle/r3_comp_zikv/VH_seqs.fasta 100%
8905118 nt in 26139 seqs, min 109, max 697, avg 341
Masking 100%
Sorting by length 100%
Counting k-mers 100%
Clustering 100%
Sorting clusters 100%
Writing clusters 100%
Clusters: 9754 Size min 1, max 483, avg 2.7
Singletons: 7134, 27.3% of seqs, 73.1% of clusters
Multiple alignments 100%
vsearch v2.30.0_linux_x86_64, 94.1GB RAM, 24 cores
https://github.com/torognes/vsearch

Reading file results/igcicle/r3_comp_zikv/VL_seqs.fasta 100%
12136541 nt in 45864 seqs, min 121, max 547, avg 265
Masking 100%
Sorting by length 100%
Counting k-mers 100%
Clustering 100%
Sorting clusters 100%
Writing clusters 100%
Clusters: 7081 Size min 1, max 4330, avg 6.5
Singletons: 4613, 10.1% of seqs, 65.1% of clusters
Multiple alignments 100%
