Detecting adapter sequence for read1...
No adapter detected for read1

Read1 before filtering:
total reads: 1277355
total bases: 493493172
Q20 bases: 493493172(100%)
Q30 bases: 493493172(100%)

Read1 after filtering:
total reads: 1277318
total bases: 493478946
Q20 bases: 493478946(100%)
Q30 bases: 493478946(100%)

Filtering result:
reads passed filter: 1277318
reads failed due to low quality: 0
reads failed due to too many N: 37
reads failed due to too short: 0
reads with adapter trimmed: 0
bases trimmed due to adapters: 0

Duplication rate (may be overestimated since this is SE data): 5.46434%

JSON report: results/quality_trimmed/cov_illu_first_R0_vl/fp.json
HTML report: results/quality_trimmed/cov_illu_first_R0_vl/fp.html

fastp -i /mnt/ssd/phage_COVID_first/attila_files_COVID_Renato/Covid_phage_NGS_Data_Atilla_comp_pellet/Renato_phage_covid_Imune_compet/VL/R0/R0.nt.fastq -q 15 -o results/quality_trimmed/cov_illu_first_R0_vl/qc.fastq --html results/quality_trimmed/cov_illu_first_R0_vl/fp.html --json results/quality_trimmed/cov_illu_first_R0_vl/fp.json 
fastp v0.26.0, time used: 63 seconds
