Clusters Ordened By clusters lenght: 
    0  1   2  3  4  5  6  7                                         8  9
98  C  0  96  *  *  *  *  *  088970b0-46a7-4d8e-98b9-478229ff77cc-IGH  *
Clusters Ordened By clusters lenght: 
     0  1   2  3  4  5  6  7                                         8  9
100  C  0  86  *  *  *  *  *  045a9d0a-824a-46c2-8261-7ae67af51aa3-IGH  *
Clusters Ordened By clusters lenght: 
     0   1   2  3  4  5  6  7                                         8  9
331  C  31  84  *  *  *  *  *  01dfc8db-20b9-4d6a-8fb3-f370c16d3ce4-IGH  *
303  C   3  38  *  *  *  *  *  0c5e5482-6d2f-4cf4-b9d4-4a47855b3da6-IGH  *
312  C  12  33  *  *  *  *  *  00f2dae8-2b3a-497e-a01c-3a633813680c-IGH  *
300  C   0  22  *  *  *  *  *  0382af04-4529-4a5e-b7f2-fb694e8fe173-IGH  *
301  C   1  16  *  *  *  *  *  093fcb8d-bede-4e85-97ff-d3333726f8e1-IGH  *
315  C  15  16  *  *  *  *  *  1363fa5f-3c3b-48a9-a105-58dc021b94a2-IGH  *
316  C  16  12  *  *  *  *  *  15ec268f-bb81-4e85-bfec-f1cd042877f0-IGH  *
313  C  13  11  *  *  *  *  *  0768b12b-32d1-4a16-99a1-9a79ddb82a66-IGH  *
306  C   6   7  *  *  *  *  *  2c5b6557-d37c-4715-82d3-ceed08ee8310-IGH  *
324  C  24   7  *  *  *  *  *  a20a9395-76b7-4c01-add7-a8743da16219-IGH  *
305  C   5   6  *  *  *  *  *  2c4b1ca4-b90e-442d-aca8-30d8e599e3e0-IGH  *
317  C  17   6  *  *  *  *  *  47764a1a-7664-4229-b3fc-1ba93d2f6436-IGH  *
311  C  11   4  *  *  *  *  *  bd3ec5dd-e7ef-4959-941b-ba96900e4b38-IGH  *
Clusters Ordened By clusters lenght: 
     0   1   2  3  4  5  6  7                                         8  9
103  C   3  57  *  *  *  *  *  0502f0d1-936d-4e23-a904-15779727b66c-IGH  *
101  C   1   8  *  *  *  *  *  034872ea-6f3d-473f-b6af-c4169491b4da-IGH  *
112  C  12   6  *  *  *  *  *  8937c8f7-c85a-4c60-9ae2-a68c5580c30e-IGH  *
Clusters Ordened By clusters lenght: 
     0   1   2  3  4  5  6  7                                         8  9
104  C   4  28  *  *  *  *  *  2e3bc727-c42c-4246-8e1f-3aa89a25d684-IGH  *
101  C   1  23  *  *  *  *  *  06586dda-7290-4d3e-9dab-fef70a1d8bb7-IGH  *
102  C   2  10  *  *  *  *  *  131ff378-f962-47a6-a7d2-4d9c85edf585-IGH  *
100  C   0   5  *  *  *  *  *  052c21bb-63bd-485a-9724-d378b942ed52-IGH  *
106  C   6   5  *  *  *  *  *  41ebcc8d-050d-4f97-b249-0601cd803f49-IGH  *
107  C   7   5  *  *  *  *  *  44db8018-54ad-42fe-aee9-ca2a80cfa2f8-IGH  *
110  C  10   5  *  *  *  *  *  71f5262d-fe5f-4ec4-a21f-528679548c8a-IGH  *
Clusters Ordened By clusters lenght: 
     0  1   2  3  4  5  6  7                                         8  9
100  C  0  98  *  *  *  *  *  040c63b7-2190-48d9-879b-8748be74a8be-IGH  *
Clusters Ordened By clusters lenght: 
     0  1   2  3  4  5  6  7                                         8  9
105  C  5  36  *  *  *  *  *  277aafb5-cf60-4e1f-b512-459aa79d62be-IGH  *
100  C  0  21  *  *  *  *  *  03e14c23-d326-4ffa-a3b9-efa77e96237f-IGH  *
103  C  3  14  *  *  *  *  *  0c118572-ca8d-47d4-b480-9cf0281ff319-IGH  *
102  C  2   5  *  *  *  *  *  0b9c849a-3e61-462d-bc62-bf1880043780-IGH  *
Clusters Ordened By clusters lenght: 
     0   1   2  3  4  5  6  7                                         8  9
100  C   0  31  *  *  *  *  *  02b3639f-7a58-4c73-a4ac-d09fbba15b29-IGH  *
106  C   6  17  *  *  *  *  *  32987877-1e54-472e-9328-451a4bbdf30d-IGH  *
102  C   2  15  *  *  *  *  *  144c8126-fa94-4dab-9880-e3c9318530fb-IGH  *
120  C  20   5  *  *  *  *  *  a7e544c1-683e-4805-8714-339ec91ee460-IGH  *
105  C   5   4  *  *  *  *  *  328172cd-19ca-449b-9c0a-3704c5191620-IGH  *
Clusters Ordened By clusters lenght: 
     0   1   2  3  4  5  6  7                                         8  9
219  C  18  66  *  *  *  *  *  03ef3b0f-f827-46d7-a8be-6fdfec5644e0-IGH  *
202  C   1  43  *  *  *  *  *  034b42db-4337-428a-b2fd-3a31a0cadf6f-IGH  *
207  C   6  10  *  *  *  *  *  746a7c4b-69c2-437d-bad0-e25c0a169e07-IGH  *
201  C   0   9  *  *  *  *  *  026f2f1d-2d76-41f3-98e6-92fd7ece3730-IGH  *
211  C  10   8  *  *  *  *  *  a94a8003-7678-4835-8d20-924a1788c18d-IGH  *
210  C   9   8  *  *  *  *  *  95debc4d-6a30-4c9a-88fb-f856358aa776-IGH  *
222  C  21   8  *  *  *  *  *  41017413-8771-4a65-9626-dbd8ed5d3a07-IGH  *
203  C   2   6  *  *  *  *  *  15b8cb38-f8c1-4fc7-affc-d696a867a94e-IGH  *
220  C  19   6  *  *  *  *  *  0e2f5f52-7df1-4814-802e-c7d24a4ab198-IGH  *
224  C  23   4  *  *  *  *  *  4b42f576-cdf2-48dd-b7bd-60c48c21246d-IGH  *
Clusters Ordened By clusters lenght: 
     0   1   2  3  4  5  6  7                                         8  9
200  C   0  44  *  *  *  *  *  00c16e23-3e6f-44c3-ba7e-671d176d0276-IGH  *
201  C   1  23  *  *  *  *  *  07a2c32e-8da8-444e-8a50-5124f357cb3d-IGH  *
217  C  17  22  *  *  *  *  *  0226b15e-414a-490a-92ae-9fd6e29ef412-IGH  *
219  C  19  15  *  *  *  *  *  06bc81b5-a982-4d55-9a73-c044c99d9e27-IGH  *
218  C  18  10  *  *  *  *  *  0411aa47-db2f-450c-9129-53601ca2435d-IGH  *
220  C  20   9  *  *  *  *  *  2ac8d09b-89ee-42ca-b8fb-cf06a3faf7bd-IGH  *
221  C  21   9  *  *  *  *  *  4052a276-6a10-4278-be04-dd0f4431247a-IGH  *
222  C  22   8  *  *  *  *  *  443cf07b-a6e1-47df-b55d-2d553a6ab276-IGH  *
207  C   7   8  *  *  *  *  *  80cd99b9-5041-4e39-8ff0-5de8506fdfe7-IGH  *
224  C  24   8  *  *  *  *  *  6092f4a8-090a-4062-b881-00b9b8cec053-IGH  *
228  C  28   7  *  *  *  *  *  9a93ec2f-5845-44ff-b0d8-3f361e9e26b7-IGH  *
206  C   6   6  *  *  *  *  *  6d1d57cc-2ef5-41f1-9897-7a6b236b6670-IGH  *
204  C   4   4  *  *  *  *  *  54f41e5c-4368-48bc-bab9-68a0909efc23-IGH  *
230  C  30   4  *  *  *  *  *  d5793c6c-bfdb-4e82-ac38-2cf59384f34b-IGH  *
Clusters Ordened By clusters lenght: 
     0   1   2  3  4  5  6  7                                         8  9
219  C   4  92  *  *  *  *  *  00706856-0fd5-459c-9582-eab93392cfa4-IGH  *
226  C  11  42  *  *  *  *  *  03b6c066-fa8b-4cc3-8896-38381b499028-IGH  *
229  C  14  10  *  *  *  *  *  18b3dbbf-dc7b-4e26-b482-cbb3a73c7b1d-IGH  *
238  C  23   9  *  *  *  *  *  7c6276b4-2cd1-44c6-b917-16708bd0a047-IGH  *
215  C   0   6  *  *  *  *  *  02fb650c-fdf7-4ae2-98e2-eff637f5c154-IGH  *
234  C  19   5  *  *  *  *  *  50851ba2-2dd4-4750-b813-f0ecbc88de76-IGH  *
217  C   2   4  *  *  *  *  *  52d974be-6fd5-434b-b00a-3cb2bfeb86e1-IGH  *
228  C  13   4  *  *  *  *  *  04c183dc-423a-498f-a4ca-0157e1c91e70-IGH  *
231  C  16   4  *  *  *  *  *  3098b22d-6156-464c-a3a7-3ee9bc46e69a-IGH  *
239  C  24   4  *  *  *  *  *  90322681-fdce-4a91-b681-3f2d9045b940-IGH  *
Clusters Ordened By clusters lenght: 
     0  1   2  3  4  5  6  7                                         8  9
100  C  0  97  *  *  *  *  *  0208b116-adf9-471b-9669-9b4bf2c68e1e-IGH  *
Clusters Ordened By clusters lenght: 
     0  1   2  3  4  5  6  7                                         8  9
101  C  1  45  *  *  *  *  *  0652927f-9c9c-4ec6-900c-d83efd014af1-IGH  *
102  C  2  14  *  *  *  *  *  0d2e6458-e928-4850-9ccd-f6c1d7922599-IGH  *
104  C  4  11  *  *  *  *  *  43d423e8-428c-40a7-9de5-91664190cdb7-IGH  *
109  C  9  10  *  *  *  *  *  853c54c7-7b0d-4187-a222-d05b297e96a5-IGH  *
105  C  5   6  *  *  *  *  *  4a2f2f06-b7a9-43d5-a797-aaee3b53b8ba-IGH  *
107  C  7   4  *  *  *  *  *  6b6f2e08-c9c5-44c0-9c7c-2b7b4c00a342-IGH  *
Clusters Ordened By clusters lenght: 
     0   1   2  3  4  5  6  7                                         8  9
100  C   0  31  *  *  *  *  *  00cb4b2f-b190-4edf-a8cc-3fde18225e11-IGH  *
114  C  14  19  *  *  *  *  *  5622db02-4179-4699-87b4-650585a95982-IGH  *
103  C   3  11  *  *  *  *  *  17864ac2-fa87-4cc0-8d9c-dfc2bef21876-IGH  *
101  C   1   5  *  *  *  *  *  01805a48-af4d-487d-a6a8-c0130129e4f6-IGH  *
Clusters Ordened By clusters lenght: 
     0   1   2  3  4  5  6  7                                         8  9
201  C   1  83  *  *  *  *  *  05479b7b-211f-425d-aa28-0c52f99c2988-IGH  *
211  C  11  83  *  *  *  *  *  04604803-f41a-4f08-a639-d62045d46062-IGH  *
205  C   5   6  *  *  *  *  *  52819b53-6a12-4425-bf3a-824992f76171-IGH  *
212  C  12   5  *  *  *  *  *  46f1e518-8604-4a04-ba9d-cf38b63067f2-IGH  *
213  C  13   5  *  *  *  *  *  8f9a4560-cdda-4391-9e2e-506d61c380b0-IGH  *
210  C  10   4  *  *  *  *  *  044dc57a-4ec2-475b-bca3-32ad31bcbac3-IGH  *
Clusters Ordened By clusters lenght: 
     0   1   2  3  4  5  6  7                                         8  9
218  C  18  74  *  *  *  *  *  0131be8b-7b5b-4993-bd8c-74376daa56b6-IGH  *
205  C   5  24  *  *  *  *  *  2f65b6a2-a54a-41ff-a78c-ca0848c1b79d-IGH  *
203  C   3  21  *  *  *  *  *  1ead18e8-fc1d-4ec3-a624-0755a9edcc47-IGH  *
201  C   1  12  *  *  *  *  *  0e3d1a16-b74a-46f1-b2c3-49eb7bdd0d89-IGH  *
211  C  11   8  *  *  *  *  *  a5415bfd-4734-4462-b17f-5d277335d543-IGH  *
200  C   0   7  *  *  *  *  *  0773197e-9559-4007-989f-002f6c3e5cdd-IGH  *
208  C   8   7  *  *  *  *  *  8d720124-8e92-410c-ab88-ff4a782acc93-IGH  *
204  C   4   5  *  *  *  *  *  1faf3daf-ee8f-4b55-b2b5-2aa49056ab88-IGH  *
223  C  23   4  *  *  *  *  *  69df271d-1a79-45b0-b79b-be0df4e142ba-IGH  *
226  C  26   4  *  *  *  *  *  7714c3e9-1941-46b1-b23e-7b6356aaa59b-IGH  *
Clusters Ordened By clusters lenght: 
     0  1   2  3  4  5  6  7                                         8  9
100  C  0  86  *  *  *  *  *  028f2d1a-ffa9-4ae7-b474-23000df09ea3-IGH  *
103  C  3   7  *  *  *  *  *  2f0847f7-7d30-4ed1-bd64-4fbbec18c69b-IGH  *
Clusters Ordened By clusters lenght: 
     0   1   2  3  4  5  6  7                                         8  9
287  C   0  97  *  *  *  *  *  0108f1af-5d7f-4f3d-ba5e-1ccfa44bac72-IGH  *
304  C  17  43  *  *  *  *  *  05156302-d436-4818-b3e2-473791f57424-IGH  *
294  C   7  35  *  *  *  *  *  207b2186-bcd3-444f-8ba3-01863f9aa96a-IGH  *
291  C   4  15  *  *  *  *  *  062893df-d0db-4832-8b96-295f9bc9c483-IGH  *
316  C  29  12  *  *  *  *  *  9719d6d5-4b9c-4c80-98a8-cacf19f62b7a-IGH  *
315  C  28  12  *  *  *  *  *  738bce4a-9233-4faf-9130-b6f71feede8f-IGH  *
293  C   6   9  *  *  *  *  *  18b1b196-7d7d-479d-ac1c-38f566d435c0-IGH  *
297  C  10   8  *  *  *  *  *  63e52e02-2035-4902-bf84-04a3df5a9268-IGH  *
309  C  22   6  *  *  *  *  *  4134f5a6-78a3-41b5-9029-0ff2c26efcfa-IGH  *
295  C   8   5  *  *  *  *  *  2b945495-d8f8-4283-8b99-81f4c841bf24-IGH  *
292  C   5   4  *  *  *  *  *  11572d4c-2ad1-4085-831e-a191b29e4ddb-IGH  *
308  C  21   4  *  *  *  *  *  289f95a1-d9d7-431d-8480-f8eb3e3d5e81-IGH  *
312  C  25   4  *  *  *  *  *  66dab8db-1acd-4847-9697-e11e764d9cc5-IGH  *
Clusters Ordened By clusters lenght: 
     0   1   2  3  4  5  6  7                                         8  9
312  C  13  75  *  *  *  *  *  02379bce-f071-415f-b33b-8f6427d7f78e-IGH  *
299  C   0  59  *  *  *  *  *  0add60ee-9d4d-41cd-bbe4-89d56d3c5872-IGH  *
321  C  22  39  *  *  *  *  *  07a143bf-d4d4-474a-8510-f779eb62df84-IGH  *
315  C  16  14  *  *  *  *  *  58a9f760-069c-409f-9d6e-9caef0379797-IGH  *
322  C  23  14  *  *  *  *  *  08d0faa8-173a-467d-be02-0350bf82c936-IGH  *
301  C   2  12  *  *  *  *  *  4142fcbd-685c-4674-92a3-b3e50f522a7d-IGH  *
328  C  29  12  *  *  *  *  *  3a36fc6f-1c0e-4711-8cc9-17ea914663f5-IGH  *
332  C  33   8  *  *  *  *  *  50c4ee5e-6c1f-4899-a7e1-21040594712d-IGH  *
305  C   6   8  *  *  *  *  *  a9153d50-38e7-49ce-9d76-ce3dac017348-IGH  *
300  C   1   5  *  *  *  *  *  33be9259-f26e-46c6-abf2-85f2523431cd-IGH  *
323  C  24   5  *  *  *  *  *  0d287657-678c-43b2-adb2-e7c7b287ed80-IGH  *
302  C   3   4  *  *  *  *  *  5a3d53ba-c001-45aa-8ed2-0cd6a2534af7-IGH  *
313  C  14   4  *  *  *  *  *  062e6999-632b-4e80-a0d4-3f23a92f1e88-IGH  *
330  C  31   4  *  *  *  *  *  45e4890d-c297-4dd9-a983-06f4eb877bf3-IGH  *
Clusters Ordened By clusters lenght: 
    0  1   2  3  4  5  6  7                                         8  9
98  C  0  96  *  *  *  *  *  088970b0-46a7-4d8e-98b9-478229ff77cc-IGH  *
Clusters Ordened By clusters lenght: 
     0  1   2  3  4  5  6  7                                         8  9
100  C  0  86  *  *  *  *  *  045a9d0a-824a-46c2-8261-7ae67af51aa3-IGH  *
Clusters Ordened By clusters lenght: 
     0   1   2  3  4  5  6  7                                         8  9
331  C  31  84  *  *  *  *  *  01dfc8db-20b9-4d6a-8fb3-f370c16d3ce4-IGH  *
303  C   3  38  *  *  *  *  *  0c5e5482-6d2f-4cf4-b9d4-4a47855b3da6-IGH  *
312  C  12  33  *  *  *  *  *  00f2dae8-2b3a-497e-a01c-3a633813680c-IGH  *
300  C   0  22  *  *  *  *  *  0382af04-4529-4a5e-b7f2-fb694e8fe173-IGH  *
301  C   1  16  *  *  *  *  *  093fcb8d-bede-4e85-97ff-d3333726f8e1-IGH  *
315  C  15  16  *  *  *  *  *  1363fa5f-3c3b-48a9-a105-58dc021b94a2-IGH  *
316  C  16  12  *  *  *  *  *  15ec268f-bb81-4e85-bfec-f1cd042877f0-IGH  *
313  C  13  11  *  *  *  *  *  0768b12b-32d1-4a16-99a1-9a79ddb82a66-IGH  *
306  C   6   7  *  *  *  *  *  2c5b6557-d37c-4715-82d3-ceed08ee8310-IGH  *
324  C  24   7  *  *  *  *  *  a20a9395-76b7-4c01-add7-a8743da16219-IGH  *
305  C   5   6  *  *  *  *  *  2c4b1ca4-b90e-442d-aca8-30d8e599e3e0-IGH  *
317  C  17   6  *  *  *  *  *  47764a1a-7664-4229-b3fc-1ba93d2f6436-IGH  *
311  C  11   4  *  *  *  *  *  bd3ec5dd-e7ef-4959-941b-ba96900e4b38-IGH  *
Clusters Ordened By clusters lenght: 
     0   1   2  3  4  5  6  7                                         8  9
103  C   3  57  *  *  *  *  *  0502f0d1-936d-4e23-a904-15779727b66c-IGH  *
101  C   1   8  *  *  *  *  *  034872ea-6f3d-473f-b6af-c4169491b4da-IGH  *
112  C  12   6  *  *  *  *  *  8937c8f7-c85a-4c60-9ae2-a68c5580c30e-IGH  *
Clusters Ordened By clusters lenght: 
     0   1   2  3  4  5  6  7                                         8  9
104  C   4  28  *  *  *  *  *  2e3bc727-c42c-4246-8e1f-3aa89a25d684-IGH  *
101  C   1  23  *  *  *  *  *  06586dda-7290-4d3e-9dab-fef70a1d8bb7-IGH  *
102  C   2  10  *  *  *  *  *  131ff378-f962-47a6-a7d2-4d9c85edf585-IGH  *
100  C   0   5  *  *  *  *  *  052c21bb-63bd-485a-9724-d378b942ed52-IGH  *
106  C   6   5  *  *  *  *  *  41ebcc8d-050d-4f97-b249-0601cd803f49-IGH  *
107  C   7   5  *  *  *  *  *  44db8018-54ad-42fe-aee9-ca2a80cfa2f8-IGH  *
110  C  10   5  *  *  *  *  *  71f5262d-fe5f-4ec4-a21f-528679548c8a-IGH  *
Clusters Ordened By clusters lenght: 
     0  1   2  3  4  5  6  7                                         8  9
100  C  0  98  *  *  *  *  *  040c63b7-2190-48d9-879b-8748be74a8be-IGH  *
Clusters Ordened By clusters lenght: 
     0  1   2  3  4  5  6  7                                         8  9
105  C  5  36  *  *  *  *  *  277aafb5-cf60-4e1f-b512-459aa79d62be-IGH  *
100  C  0  21  *  *  *  *  *  03e14c23-d326-4ffa-a3b9-efa77e96237f-IGH  *
103  C  3  14  *  *  *  *  *  0c118572-ca8d-47d4-b480-9cf0281ff319-IGH  *
102  C  2   5  *  *  *  *  *  0b9c849a-3e61-462d-bc62-bf1880043780-IGH  *
Clusters Ordened By clusters lenght: 
     0   1   2  3  4  5  6  7                                         8  9
100  C   0  31  *  *  *  *  *  02b3639f-7a58-4c73-a4ac-d09fbba15b29-IGH  *
106  C   6  17  *  *  *  *  *  32987877-1e54-472e-9328-451a4bbdf30d-IGH  *
102  C   2  15  *  *  *  *  *  144c8126-fa94-4dab-9880-e3c9318530fb-IGH  *
120  C  20   5  *  *  *  *  *  a7e544c1-683e-4805-8714-339ec91ee460-IGH  *
105  C   5   4  *  *  *  *  *  328172cd-19ca-449b-9c0a-3704c5191620-IGH  *
Clusters Ordened By clusters lenght: 
     0   1   2  3  4  5  6  7                                         8  9
219  C  18  66  *  *  *  *  *  03ef3b0f-f827-46d7-a8be-6fdfec5644e0-IGH  *
202  C   1  43  *  *  *  *  *  034b42db-4337-428a-b2fd-3a31a0cadf6f-IGH  *
207  C   6  10  *  *  *  *  *  746a7c4b-69c2-437d-bad0-e25c0a169e07-IGH  *
201  C   0   9  *  *  *  *  *  026f2f1d-2d76-41f3-98e6-92fd7ece3730-IGH  *
211  C  10   8  *  *  *  *  *  a94a8003-7678-4835-8d20-924a1788c18d-IGH  *
210  C   9   8  *  *  *  *  *  95debc4d-6a30-4c9a-88fb-f856358aa776-IGH  *
222  C  21   8  *  *  *  *  *  41017413-8771-4a65-9626-dbd8ed5d3a07-IGH  *
203  C   2   6  *  *  *  *  *  15b8cb38-f8c1-4fc7-affc-d696a867a94e-IGH  *
220  C  19   6  *  *  *  *  *  0e2f5f52-7df1-4814-802e-c7d24a4ab198-IGH  *
224  C  23   4  *  *  *  *  *  4b42f576-cdf2-48dd-b7bd-60c48c21246d-IGH  *
Clusters Ordened By clusters lenght: 
     0   1   2  3  4  5  6  7                                         8  9
200  C   0  44  *  *  *  *  *  00c16e23-3e6f-44c3-ba7e-671d176d0276-IGH  *
201  C   1  23  *  *  *  *  *  07a2c32e-8da8-444e-8a50-5124f357cb3d-IGH  *
217  C  17  22  *  *  *  *  *  0226b15e-414a-490a-92ae-9fd6e29ef412-IGH  *
219  C  19  15  *  *  *  *  *  06bc81b5-a982-4d55-9a73-c044c99d9e27-IGH  *
218  C  18  10  *  *  *  *  *  0411aa47-db2f-450c-9129-53601ca2435d-IGH  *
220  C  20   9  *  *  *  *  *  2ac8d09b-89ee-42ca-b8fb-cf06a3faf7bd-IGH  *
221  C  21   9  *  *  *  *  *  4052a276-6a10-4278-be04-dd0f4431247a-IGH  *
222  C  22   8  *  *  *  *  *  443cf07b-a6e1-47df-b55d-2d553a6ab276-IGH  *
207  C   7   8  *  *  *  *  *  80cd99b9-5041-4e39-8ff0-5de8506fdfe7-IGH  *
224  C  24   8  *  *  *  *  *  6092f4a8-090a-4062-b881-00b9b8cec053-IGH  *
228  C  28   7  *  *  *  *  *  9a93ec2f-5845-44ff-b0d8-3f361e9e26b7-IGH  *
206  C   6   6  *  *  *  *  *  6d1d57cc-2ef5-41f1-9897-7a6b236b6670-IGH  *
204  C   4   4  *  *  *  *  *  54f41e5c-4368-48bc-bab9-68a0909efc23-IGH  *
230  C  30   4  *  *  *  *  *  d5793c6c-bfdb-4e82-ac38-2cf59384f34b-IGH  *
Clusters Ordened By clusters lenght: 
     0   1   2  3  4  5  6  7                                         8  9
219  C   4  92  *  *  *  *  *  00706856-0fd5-459c-9582-eab93392cfa4-IGH  *
226  C  11  42  *  *  *  *  *  03b6c066-fa8b-4cc3-8896-38381b499028-IGH  *
229  C  14  10  *  *  *  *  *  18b3dbbf-dc7b-4e26-b482-cbb3a73c7b1d-IGH  *
238  C  23   9  *  *  *  *  *  7c6276b4-2cd1-44c6-b917-16708bd0a047-IGH  *
215  C   0   6  *  *  *  *  *  02fb650c-fdf7-4ae2-98e2-eff637f5c154-IGH  *
234  C  19   5  *  *  *  *  *  50851ba2-2dd4-4750-b813-f0ecbc88de76-IGH  *
217  C   2   4  *  *  *  *  *  52d974be-6fd5-434b-b00a-3cb2bfeb86e1-IGH  *
228  C  13   4  *  *  *  *  *  04c183dc-423a-498f-a4ca-0157e1c91e70-IGH  *
231  C  16   4  *  *  *  *  *  3098b22d-6156-464c-a3a7-3ee9bc46e69a-IGH  *
239  C  24   4  *  *  *  *  *  90322681-fdce-4a91-b681-3f2d9045b940-IGH  *
Clusters Ordened By clusters lenght: 
     0  1   2  3  4  5  6  7                                         8  9
100  C  0  97  *  *  *  *  *  0208b116-adf9-471b-9669-9b4bf2c68e1e-IGH  *
Clusters Ordened By clusters lenght: 
     0  1   2  3  4  5  6  7                                         8  9
101  C  1  45  *  *  *  *  *  0652927f-9c9c-4ec6-900c-d83efd014af1-IGH  *
102  C  2  14  *  *  *  *  *  0d2e6458-e928-4850-9ccd-f6c1d7922599-IGH  *
104  C  4  11  *  *  *  *  *  43d423e8-428c-40a7-9de5-91664190cdb7-IGH  *
109  C  9  10  *  *  *  *  *  853c54c7-7b0d-4187-a222-d05b297e96a5-IGH  *
105  C  5   6  *  *  *  *  *  4a2f2f06-b7a9-43d5-a797-aaee3b53b8ba-IGH  *
107  C  7   4  *  *  *  *  *  6b6f2e08-c9c5-44c0-9c7c-2b7b4c00a342-IGH  *
Clusters Ordened By clusters lenght: 
     0   1   2  3  4  5  6  7                                         8  9
100  C   0  31  *  *  *  *  *  00cb4b2f-b190-4edf-a8cc-3fde18225e11-IGH  *
114  C  14  19  *  *  *  *  *  5622db02-4179-4699-87b4-650585a95982-IGH  *
103  C   3  11  *  *  *  *  *  17864ac2-fa87-4cc0-8d9c-dfc2bef21876-IGH  *
101  C   1   5  *  *  *  *  *  01805a48-af4d-487d-a6a8-c0130129e4f6-IGH  *
Clusters Ordened By clusters lenght: 
     0   1   2  3  4  5  6  7                                         8  9
201  C   1  83  *  *  *  *  *  05479b7b-211f-425d-aa28-0c52f99c2988-IGH  *
211  C  11  83  *  *  *  *  *  04604803-f41a-4f08-a639-d62045d46062-IGH  *
205  C   5   6  *  *  *  *  *  52819b53-6a12-4425-bf3a-824992f76171-IGH  *
212  C  12   5  *  *  *  *  *  46f1e518-8604-4a04-ba9d-cf38b63067f2-IGH  *
213  C  13   5  *  *  *  *  *  8f9a4560-cdda-4391-9e2e-506d61c380b0-IGH  *
210  C  10   4  *  *  *  *  *  044dc57a-4ec2-475b-bca3-32ad31bcbac3-IGH  *
Clusters Ordened By clusters lenght: 
     0   1   2  3  4  5  6  7                                         8  9
218  C  18  74  *  *  *  *  *  0131be8b-7b5b-4993-bd8c-74376daa56b6-IGH  *
205  C   5  24  *  *  *  *  *  2f65b6a2-a54a-41ff-a78c-ca0848c1b79d-IGH  *
203  C   3  21  *  *  *  *  *  1ead18e8-fc1d-4ec3-a624-0755a9edcc47-IGH  *
201  C   1  12  *  *  *  *  *  0e3d1a16-b74a-46f1-b2c3-49eb7bdd0d89-IGH  *
211  C  11   8  *  *  *  *  *  a5415bfd-4734-4462-b17f-5d277335d543-IGH  *
200  C   0   7  *  *  *  *  *  0773197e-9559-4007-989f-002f6c3e5cdd-IGH  *
208  C   8   7  *  *  *  *  *  8d720124-8e92-410c-ab88-ff4a782acc93-IGH  *
204  C   4   5  *  *  *  *  *  1faf3daf-ee8f-4b55-b2b5-2aa49056ab88-IGH  *
223  C  23   4  *  *  *  *  *  69df271d-1a79-45b0-b79b-be0df4e142ba-IGH  *
226  C  26   4  *  *  *  *  *  7714c3e9-1941-46b1-b23e-7b6356aaa59b-IGH  *
Clusters Ordened By clusters lenght: 
     0  1   2  3  4  5  6  7                                         8  9
100  C  0  86  *  *  *  *  *  028f2d1a-ffa9-4ae7-b474-23000df09ea3-IGH  *
103  C  3   7  *  *  *  *  *  2f0847f7-7d30-4ed1-bd64-4fbbec18c69b-IGH  *
Clusters Ordened By clusters lenght: 
     0   1   2  3  4  5  6  7                                         8  9
287  C   0  97  *  *  *  *  *  0108f1af-5d7f-4f3d-ba5e-1ccfa44bac72-IGH  *
304  C  17  43  *  *  *  *  *  05156302-d436-4818-b3e2-473791f57424-IGH  *
294  C   7  35  *  *  *  *  *  207b2186-bcd3-444f-8ba3-01863f9aa96a-IGH  *
291  C   4  15  *  *  *  *  *  062893df-d0db-4832-8b96-295f9bc9c483-IGH  *
316  C  29  12  *  *  *  *  *  9719d6d5-4b9c-4c80-98a8-cacf19f62b7a-IGH  *
315  C  28  12  *  *  *  *  *  738bce4a-9233-4faf-9130-b6f71feede8f-IGH  *
293  C   6   9  *  *  *  *  *  18b1b196-7d7d-479d-ac1c-38f566d435c0-IGH  *
297  C  10   8  *  *  *  *  *  63e52e02-2035-4902-bf84-04a3df5a9268-IGH  *
309  C  22   6  *  *  *  *  *  4134f5a6-78a3-41b5-9029-0ff2c26efcfa-IGH  *
295  C   8   5  *  *  *  *  *  2b945495-d8f8-4283-8b99-81f4c841bf24-IGH  *
292  C   5   4  *  *  *  *  *  11572d4c-2ad1-4085-831e-a191b29e4ddb-IGH  *
308  C  21   4  *  *  *  *  *  289f95a1-d9d7-431d-8480-f8eb3e3d5e81-IGH  *
312  C  25   4  *  *  *  *  *  66dab8db-1acd-4847-9697-e11e764d9cc5-IGH  *
Clusters Ordened By clusters lenght: 
     0   1   2  3  4  5  6  7                                         8  9
312  C  13  75  *  *  *  *  *  02379bce-f071-415f-b33b-8f6427d7f78e-IGH  *
299  C   0  59  *  *  *  *  *  0add60ee-9d4d-41cd-bbe4-89d56d3c5872-IGH  *
321  C  22  39  *  *  *  *  *  07a143bf-d4d4-474a-8510-f779eb62df84-IGH  *
315  C  16  14  *  *  *  *  *  58a9f760-069c-409f-9d6e-9caef0379797-IGH  *
322  C  23  14  *  *  *  *  *  08d0faa8-173a-467d-be02-0350bf82c936-IGH  *
301  C   2  12  *  *  *  *  *  4142fcbd-685c-4674-92a3-b3e50f522a7d-IGH  *
328  C  29  12  *  *  *  *  *  3a36fc6f-1c0e-4711-8cc9-17ea914663f5-IGH  *
332  C  33   8  *  *  *  *  *  50c4ee5e-6c1f-4899-a7e1-21040594712d-IGH  *
305  C   6   8  *  *  *  *  *  a9153d50-38e7-49ce-9d76-ce3dac017348-IGH  *
300  C   1   5  *  *  *  *  *  33be9259-f26e-46c6-abf2-85f2523431cd-IGH  *
323  C  24   5  *  *  *  *  *  0d287657-678c-43b2-adb2-e7c7b287ed80-IGH  *
302  C   3   4  *  *  *  *  *  5a3d53ba-c001-45aa-8ed2-0cd6a2534af7-IGH  *
313  C  14   4  *  *  *  *  *  062e6999-632b-4e80-a0d4-3f23a92f1e88-IGH  *
330  C  31   4  *  *  *  *  *  45e4890d-c297-4dd9-a983-06f4eb877bf3-IGH  *
