First file Clusterized Ordened By clusters lenght: 
      0   1    2  3  4  5  6  7                                         8  9
2943  C  33  167  *  *  *  *  *  005b7cf8-6e80-482a-ab9c-fe964baae5f2-IGH  *
2921  C  11  100  *  *  *  *  *  073891d1-5e7b-41b6-b656-8f5b415e85b7-IGH  *
2926  C  16  100  *  *  *  *  *  01d04de8-bb1e-4abc-8a3c-e7ec0004986d-IGH  *
2984  C  74   99  *  *  *  *  *  477766c3-a0c7-41f3-8be6-e147df5b4eb7-IGH  *
2939  C  29   96  *  *  *  *  *  08aead84-fb98-4e69-9191-10510d6f61e2-IGH  *
2920  C  10   96  *  *  *  *  *  034b5869-6854-44e4-929e-c4c268b5bd77-IGH  *
2918  C   8   93  *  *  *  *  *  03b60275-030a-45fa-b8d4-113073a8c52c-IGH  *
2930  C  20   92  *  *  *  *  *  087d7040-15ff-4bd3-b140-88128c6f21e5-IGH  *
2912  C   2   90  *  *  *  *  *  0c924c20-fe61-43b3-9834-d5cc7253c93b-IGH  *
2965  C  55   88  *  *  *  *  *  86cc7ed5-9ed3-4a1c-bf1c-8057d9dcbf5d-IGH  *
2944  C  34   87  *  *  *  *  *  04e1703a-d724-4a3d-8764-4081c32d383a-IGH  *
2971  C  61   87  *  *  *  *  *  0b325604-11d6-4c45-a96e-9e2054b88003-IGH  *
2929  C  19   86  *  *  *  *  *  04d82276-ee52-466e-a332-a96642a7a557-IGH  *
2911  C   1   86  *  *  *  *  *  0b31e241-4ace-406d-bd97-5d330d8d658e-IGH  *
2913  C   3   86  *  *  *  *  *  021b24c5-707e-4952-b0e1-95f77752fe05-IGH  *
2924  C  14   84  *  *  *  *  *  03cab8ff-ec50-4fc1-bd51-4a236df188cc-IGH  *
2914  C   4   82  *  *  *  *  *  09942769-60a5-4e8c-9ee0-238fde2262fd-IGH  *
2928  C  18   81  *  *  *  *  *  087a5f13-c3f2-4c13-a047-ad73d1138189-IGH  *
2910  C   0   78  *  *  *  *  *  2dbb1f74-d500-4515-b239-80a72f38fb62-IGH  *
2931  C  21   76  *  *  *  *  *  04b6fcc2-c336-44b1-90f7-ae335c17fc58-IGH  *
2975  C  65   76  *  *  *  *  *  91f441a4-be76-4428-a075-2effc65675b7-IGH  *
2968  C  58   74  *  *  *  *  *  985871d3-2b86-426c-8d82-ff3a30d426f2-IGH  *
2933  C  23   67  *  *  *  *  *  049d3180-7f97-4ba8-8e01-e71210672c26-IGH  *
2949  C  39   64  *  *  *  *  *  31493548-9a6f-4352-85b1-bc02c7c7c732-IGH  *
2917  C   7   64  *  *  *  *  *  09f04b5e-c9c5-4c8c-8ad2-e6ed92b12acc-IGH  *
2915  C   5   54  *  *  *  *  *  7a457dba-a38e-4137-a78a-a1206aecd551-IGH  *
2974  C  64   52  *  *  *  *  *  1bc5bb82-1ff0-4712-ac08-bf455251843e-IGH  *
2976  C  66   42  *  *  *  *  *  45fe3c59-0afc-4b8a-b4b3-0ff155fe0324-IGH  *
2957  C  47   35  *  *  *  *  *  69e7318e-32b1-43be-9f44-55e3237174d0-IGH  *
2972  C  62   35  *  *  *  *  *  2cb73119-030c-41e3-ba21-fa8ea6e76869-IGH  *
2934  C  24   35  *  *  *  *  *  30cb92f1-4b63-40bc-ae96-9c61609ca3c9-IGH  *
2982  C  72   31  *  *  *  *  *  d357bc02-159e-4c80-a516-2edbd47ac05b-IGH  *
2977  C  67   31  *  *  *  *  *  826d9808-f854-4b11-921b-1953f9db82df-IGH  *
2973  C  63   26  *  *  *  *  *  bb1884ba-c196-41d8-8f05-7bd9826ff3e2-IGH  *
2948  C  38   24  *  *  *  *  *  0d33bd01-1a34-4673-b64c-ed63eb2b2997-IGH  *
2942  C  32   23  *  *  *  *  *  bd4c209f-c535-4d07-8166-9445ad8cc1a0-IGH  *
2946  C  36   23  *  *  *  *  *  05b46cde-424f-4d8b-a4a1-06a0430bcd52-IGH  *
2940  C  30   22  *  *  *  *  *  704180cd-5d72-4ce6-bb3a-8c2f166000a0-IGH  *
2983  C  73   22  *  *  *  *  *  cc03415f-e795-4cb7-817e-6c7429cac03c-IGH  *
2962  C  52   20  *  *  *  *  *  00c07550-8399-44eb-b973-c0d67ddb3395-IGH  *
2916  C   6   20  *  *  *  *  *  0306290d-ab1c-46b9-8f15-8afd3edadbf6-IGH  *
2951  C  41   15  *  *  *  *  *  52ac6262-ad96-436e-9ca6-070c61e49554-IGH  *
2980  C  70   14  *  *  *  *  *  fb422ef2-1d35-47ce-aff4-aecff75038f6-IGH  *
2935  C  25   13  *  *  *  *  *  5e9ef224-4b14-487c-9b15-5ace7cefc988-IGH  *
2963  C  53   13  *  *  *  *  *  13b06e12-766a-4510-b286-c9782ecabd6d-IGH  *
2966  C  56   13  *  *  *  *  *  1dae9648-1bbd-4e01-a497-9d5e778e992c-IGH  *
2945  C  35   13  *  *  *  *  *  04e4c159-3a2e-46af-8d55-47bd4cf52fb4-IGH  *
2955  C  45   12  *  *  *  *  *  689f9d12-d2d7-4f66-ae60-415233a88d4d-IGH  *
2947  C  37   12  *  *  *  *  *  08b80595-5d98-43fe-ad3e-a610fd142d95-IGH  *
2960  C  50   11  *  *  *  *  *  3468f98e-a45b-45b8-a89b-040b9ef58afe-IGH  *
2964  C  54    9  *  *  *  *  *  7401968d-650e-4712-b2c1-c3aa3b05f6b8-IGH  *
2919  C   9    8  *  *  *  *  *  74fc5ebf-a063-4f9c-a0c8-7beb301111d6-IGH  *
2979  C  69    8  *  *  *  *  *  a8791c9a-9e1b-46c6-b3f5-6af0f3776b4d-IGH  *
2950  C  40    8  *  *  *  *  *  394435dd-ac77-43d6-b67d-b278562fdd9b-IGH  *
2925  C  15    7  *  *  *  *  *  93ef0bc2-8140-457b-946f-4607d9476e02-IGH  *
2922  C  12    7  *  *  *  *  *  4abc8a53-79d1-4920-af3d-8d225ea8cdbe-IGH  *
2953  C  43    7  *  *  *  *  *  5bfc1ca9-4639-455f-8d63-78428165056e-IGH  *
2970  C  60    6  *  *  *  *  *  adef8972-835b-4d76-be23-3c3451d3a828-IGH  *
2967  C  57    6  *  *  *  *  *  ea829367-c04a-448a-8ab5-c69e3b10a020-IGH  *
2978  C  68    5  *  *  *  *  *  9c6a08ee-d726-4379-bdb2-27855dc4791b-IGH  *
File 'results/clustering/cdr/nano_error10/cdr3_clusters/cluster_seq_id.json' not found. Creating a new one.
Data successfully updated in 'results/clustering/cdr/nano_error10/cdr3_clusters/cluster_seq_id.json'
First file Clusterized Ordened By clusters lenght: 
      0   1    2  3  4  5  6  7                                         8  9
3101  C  11  200  *  *  *  *  *  000efafb-fbf9-46dc-912c-3d7aa4feb232-IGK  *
3113  C  23  200  *  *  *  *  *  00c98627-e009-4bc5-bb76-68bab3509c06-IGK  *
3115  C  25  200  *  *  *  *  *  01d04de8-bb1e-4abc-8a3c-e7ec0004986d-IGK  *
3120  C  30  186  *  *  *  *  *  06b9bfbe-35c1-48f2-b33e-565ae1f53789-IGK  *
3104  C  14  166  *  *  *  *  *  051134c4-d943-4c31-8ef6-15b8ebaacc10-IGK  *
3116  C  26  138  *  *  *  *  *  021b24c5-707e-4952-b0e1-95f77752fe05-IGK  *
3102  C  12  134  *  *  *  *  *  00134f7f-0d89-4fa5-98ea-b69f0fa3d2a6-IGK  *
3108  C  18  124  *  *  *  *  *  00f125f1-a7b6-47c0-b06c-81d76065364b-IGK  *
3109  C  19  113  *  *  *  *  *  02879ef2-c3b1-4823-a569-2c6f41f43c1d-IGK  *
3121  C  31  111  *  *  *  *  *  249b2032-9190-4f1a-9fb2-630b86de1643-IGK  *
3105  C  15  103  *  *  *  *  *  022f0794-7cd9-4ed8-8234-f9f96d108e56-IGK  *
3118  C  28  101  *  *  *  *  *  02afe16f-211f-4164-ae66-39a44e4bd57c-IGK  *
3114  C  24  101  *  *  *  *  *  01b8051a-47ea-4e26-affb-9ce0651cd4f7-IGK  *
3103  C  13  100  *  *  *  *  *  02cb2bfc-603a-4518-a4df-a5d2b7e4bdd7-IGK  *
3099  C   9  100  *  *  *  *  *  00bf64eb-2dd6-484b-bf56-7626fcad689a-IGK  *
3100  C  10  100  *  *  *  *  *  013045ef-0e5d-468b-96c0-103b55030e1e-IGK  *
3107  C  17  100  *  *  *  *  *  00a0d356-6b1a-4558-b077-c9fd8fb5b012-IGK  *
3119  C  29  100  *  *  *  *  *  02b77791-bc28-4b20-b908-78b93b8c76a8-IGK  *
3123  C  33  100  *  *  *  *  *  033a0092-c19c-4f68-a80c-e6e9cd7fada3-IGK  *
3110  C  20  100  *  *  *  *  *  04d82276-ee52-466e-a332-a96642a7a557-IGK  *
3111  C  21  100  *  *  *  *  *  04e4c159-3a2e-46af-8d55-47bd4cf52fb4-IGK  *
3117  C  27   99  *  *  *  *  *  02acffe3-efbc-4a8e-a10a-9c0e6ab31002-IGK  *
3106  C  16   97  *  *  *  *  *  05b46cde-424f-4d8b-a4a1-06a0430bcd52-IGK  *
3112  C  22   89  *  *  *  *  *  005b7cf8-6e80-482a-ab9c-fe964baae5f2-IGK  *
3122  C  32   38  *  *  *  *  *  ab41b36d-2b9e-410e-8c1f-ec4c91fa7ca0-IGK  *
3094  C   4   18  *  *  *  *  *  0e8baffa-5472-44bc-8dd8-84c8eaddf1c1-IGK  *
3098  C   8   14  *  *  *  *  *  2c771579-b1fa-45f4-855a-0f22eec1848b-IGK  *
3095  C   5   14  *  *  *  *  *  12a1782f-036f-4c5d-b0d9-efb3f1860668-IGK  *
3093  C   3   13  *  *  *  *  *  0bed087b-f5f8-4194-8138-6b69c8e3588a-IGK  *
3097  C   7   10  *  *  *  *  *  1e9893f8-dbd8-4938-b3b3-3073123dc14d-IGK  *
3096  C   6    8  *  *  *  *  *  13ef0d17-2963-400a-bcfa-9ace2e804213-IGK  *
3091  C   1    7  *  *  *  *  *  3f547abe-bd91-438d-8bcb-2ce37594579d-IGK  *
3092  C   2    5  *  *  *  *  *  08bddca7-22d2-46a3-bee2-1f344cf8f122-IGK  *
Data successfully updated in 'results/clustering/cdr/nano_error10/cdr3_clusters/cluster_seq_id.json'
